#
# There is insufficient memory for the Java Runtime Environment to continue.
# Native memory allocation (malloc) failed to allocate 1048576 bytes. Error detail: AllocateHeap
# Possible reasons:
#   The system is out of physical RAM or swap space
#   This process is running with CompressedOops enabled, and the Java Heap may be blocking the growth of the native heap
# Possible solutions:
#   Reduce memory load on the system
#   Increase physical memory or swap space
#   Check if swap backing store is full
#   Decrease Java heap size (-Xmx/-Xms)
#   Decrease number of Java threads
#   Decrease Java thread stack sizes (-Xss)
#   Set larger code cache with -XX:ReservedCodeCacheSize=
#   JVM is running with Unscaled Compressed Oops mode in which the Java heap is
#     placed in the first 4GB address space. The Java Heap base address is the
#     maximum limit for the native heap growth. Please use -XX:HeapBaseMinAddress
#     to set the Java Heap base and to place the Java Heap above 4GB virtual address.
# This output file may be truncated or incomplete.
#
#  Out of Memory Error (allocation.cpp:44), pid=23020, tid=12880
#
# JRE version: OpenJDK Runtime Environment Temurin-21.0.12.1+1 (21.0.12.1+1) (build 21.0.12.1+1-LTS)
# Java VM: OpenJDK 64-Bit Server VM Temurin-21.0.12.1+1 (21.0.12.1+1-LTS, mixed mode, sharing, tiered, compressed oops, compressed class ptrs, parallel gc, windows-amd64)
# No core dump will be written. Minidumps are not enabled by default on client versions of Windows
#

---------------  S U M M A R Y ------------

Command Line: --add-modules=ALL-SYSTEM --add-opens=java.base/java.util=ALL-UNNAMED --add-opens=java.base/java.lang=ALL-UNNAMED --add-opens=java.base/sun.nio.fs=ALL-UNNAMED -Declipse.application=org.eclipse.jdt.ls.core.id1 -Dosgi.bundles.defaultStartLevel=4 -Declipse.product=org.eclipse.jdt.ls.core.product -Djava.import.generatesMetadataFilesAtProjectRoot=false -Dm2e.project.cache.size=50 -DDetectVMInstallationsJob.disabled=true -Dfile.encoding=utf8 -XX:+UseParallelGC -XX:GCTimeRatio=4 -XX:AdaptiveSizePolicyWeight=90 -Dsun.zip.disableMemoryMapping=true -Xmx2G -Xms100m -Xlog:disable -javaagent:c:\Users\otuom\.antigravity-ide\extensions\redhat.java-1.56.0-win32-x64\lombok\lombok-1.18.39-4050.jar -XX:+HeapDumpOnOutOfMemoryError -XX:HeapDumpPath=c:\Users\otuom\AppData\Roaming\Antigravity IDE\User\workspaceStorage\aa6dabc841f1b68b1111a0ad09e16a84\redhat.java -Daether.dependencyCollector.impl=bf c:\Users\otuom\.antigravity-ide\extensions\redhat.java-1.56.0-win32-x64\server\plugins\org.eclipse.equinox.launcher_1.8.0.v20260804-1928.jar -configuration c:\Users\otuom\AppData\Roaming\Antigravity IDE\User\globalStorage\redhat.java\1.56.0\config_win -data c:\Users\otuom\AppData\Roaming\Antigravity IDE\User\workspaceStorage\aa6dabc841f1b68b1111a0ad09e16a84\redhat.java\jdt_ws --pipe=\\.\pipe\lsp-26a15a4ab19b3278d63c9052be6d9919-sock

Host: 13th Gen Intel(R) Core(TM) i7-13700H, 20 cores, 7G,  Windows 11 , 64 bit Build 26100 (10.0.26100.9444)
Time: Sun Sep 20 02:00:01 2026 E. Africa Standard Time elapsed time: 698.774347 seconds (0d 0h 11m 38s)

---------------  T H R E A D  ---------------

Current thread (0x000001f51f3ca0c0):  JavaThread "Attach Listener" daemon [_thread_in_vm, id=12880, stack(0x000000e957e00000,0x000000e957f00000) (1024K)]

Stack: [0x000000e957e00000,0x000000e957f00000]
Native frames: (J=compiled Java code, j=interpreted, Vv=VM code, C=native code)
V  [jvm.dll+0x6d83e9]
V  [jvm.dll+0x8b5736]
V  [jvm.dll+0x8b7cee]
V  [jvm.dll+0x8b83d3]
V  [jvm.dll+0x284596]
V  [jvm.dll+0xc13c7]
V  [jvm.dll+0x6d8c99]
V  [jvm.dll+0x133616]
V  [jvm.dll+0x3f8aae]
V  [jvm.dll+0x8600cd]
V  [jvm.dll+0x6d6c1d]
C  [ucrtbase.dll+0x2cd30]
C  [KERNEL32.DLL+0x2cd87]
C  [ntdll.dll+0xacaec]


---------------  P R O C E S S  ---------------

Threads class SMR info:
_java_thread_list=0x000001f50230f250, length=46, elements={
0x000001f51f31c4e0, 0x000001f51f2ce020, 0x000001f51f3c68a0, 0x000001f51f3c8220,
0x000001f51f3ca0c0, 0x000001f51f3cd0f0, 0x000001f51f3cf030, 0x000001f51f3d76d0,
0x000001f5781f1710, 0x000001f5783ed200, 0x000001f57a149360, 0x000001f57a7fb800,
0x000001f57a4afb00, 0x000001f57a455c30, 0x000001f57a458ed0, 0x000001f57f6682c0,
0x000001f57f9af880, 0x000001f57f5fa5c0, 0x000001f57f93cb70, 0x000001f57f93c4e0,
0x000001f57f93df20, 0x000001f57f93e5b0, 0x000001f57f93be50, 0x000001f57f93ec40,
0x000001f57f93f2d0, 0x000001f57f500140, 0x000001f57f4ffab0, 0x000001f57f5007d0,
0x000001f57f502f30, 0x000001f57f5028a0, 0x000001f57f500e60, 0x000001f57f5014f0,
0x000001f57f501b80, 0x000001f57f502210, 0x000001f57f4b86b0, 0x000001f57f4b8d40,
0x000001f57f4b93d0, 0x000001f57f4b5f50, 0x000001f57f4b7300, 0x000001f57f4b8020,
0x000001f57f4b9a60, 0x000001f57f4b7990, 0x000001f57f4b65e0, 0x000001f57f4ba0f0,
0x000001f57f4b6c70, 0x000001f57f4bb4a0
}

Java Threads: ( => current thread )
  0x000001f51f31c4e0 JavaThread "main"                              [_thread_blocked, id=24420, stack(0x000000e957700000,0x000000e957800000) (1024K)]
  0x000001f51f2ce020 JavaThread "Reference Handler"          daemon [_thread_blocked, id=9316, stack(0x000000e957b00000,0x000000e957c00000) (1024K)]
  0x000001f51f3c68a0 JavaThread "Finalizer"                  daemon [_thread_blocked, id=25172, stack(0x000000e957c00000,0x000000e957d00000) (1024K)]
  0x000001f51f3c8220 JavaThread "Signal Dispatcher"          daemon [_thread_blocked, id=9324, stack(0x000000e957d00000,0x000000e957e00000) (1024K)]
=>0x000001f51f3ca0c0 JavaThread "Attach Listener"            daemon [_thread_in_vm, id=12880, stack(0x000000e957e00000,0x000000e957f00000) (1024K)]
  0x000001f51f3cd0f0 JavaThread "Service Thread"             daemon [_thread_blocked, id=8708, stack(0x000000e957f00000,0x000000e958000000) (1024K)]
  0x000001f51f3cf030 JavaThread "Monitor Deflation Thread"   daemon [_thread_blocked, id=24744, stack(0x000000e958000000,0x000000e958100000) (1024K)]
  0x000001f51f3d76d0 JavaThread "C2 CompilerThread0"         daemon [_thread_blocked, id=5304, stack(0x000000e958100000,0x000000e958200000) (1024K)]
  0x000001f5781f1710 JavaThread "C1 CompilerThread0"         daemon [_thread_blocked, id=15076, stack(0x000000e958200000,0x000000e958300000) (1024K)]
  0x000001f5783ed200 JavaThread "Common-Cleaner"             daemon [_thread_blocked, id=26420, stack(0x000000e958400000,0x000000e958500000) (1024K)]
  0x000001f57a149360 JavaThread "Notification Thread"        daemon [_thread_blocked, id=4504, stack(0x000000e958600000,0x000000e958700000) (1024K)]
  0x000001f57a7fb800 JavaThread "Active Thread: Equinox Container: 193aad2d-2e18-4f21-b14c-8d15b8ed32ea"        [_thread_blocked, id=4280, stack(0x000000e958d00000,0x000000e958e00000) (1024K)]
  0x000001f57a4afb00 JavaThread "Refresh Thread: Equinox Container: 193aad2d-2e18-4f21-b14c-8d15b8ed32ea" daemon [_thread_blocked, id=19188, stack(0x000000e958f00000,0x000000e959000000) (1024K)]
  0x000001f57a455c30 JavaThread "Framework Event Dispatcher: Equinox Container: 193aad2d-2e18-4f21-b14c-8d15b8ed32ea" daemon [_thread_blocked, id=15556, stack(0x000000e959000000,0x000000e959100000) (1024K)]
  0x000001f57a458ed0 JavaThread "Start Level: Equinox Container: 193aad2d-2e18-4f21-b14c-8d15b8ed32ea" daemon [_thread_blocked, id=25712, stack(0x000000e959100000,0x000000e959200000) (1024K)]
  0x000001f57f6682c0 JavaThread "Bundle File Closer"         daemon [_thread_blocked, id=18028, stack(0x000000e959500000,0x000000e959600000) (1024K)]
  0x000001f57f9af880 JavaThread "SCR Component Actor"        daemon [_thread_blocked, id=26304, stack(0x000000e959600000,0x000000e959700000) (1024K)]
  0x000001f57f5fa5c0 JavaThread "Worker-JM"                         [_thread_blocked, id=16992, stack(0x000000e959700000,0x000000e959800000) (1024K)]
  0x000001f57f93cb70 JavaThread "JNA Cleaner"                daemon [_thread_blocked, id=12540, stack(0x000000e959b00000,0x000000e959c00000) (1024K)]
  0x000001f57f93c4e0 JavaThread "Worker-1"                          [_thread_blocked, id=26216, stack(0x000000e959e00000,0x000000e959f00000) (1024K)]
  0x000001f57f93df20 JavaThread "Java indexing"              daemon [_thread_blocked, id=23824, stack(0x000000e95a000000,0x000000e95a100000) (1024K)]
  0x000001f57f93e5b0 JavaThread "Worker-3"                          [_thread_blocked, id=25208, stack(0x000000e95a400000,0x000000e95a500000) (1024K)]
  0x000001f57f93be50 JavaThread "Thread-1"                   daemon [_thread_in_native, id=13148, stack(0x000000e95a500000,0x000000e95a600000) (1024K)]
  0x000001f57f93ec40 JavaThread "Thread-2"                   daemon [_thread_in_native, id=25100, stack(0x000000e95a600000,0x000000e95a700000) (1024K)]
  0x000001f57f93f2d0 JavaThread "Thread-3"                   daemon [_thread_in_native, id=14312, stack(0x000000e95a700000,0x000000e95a800000) (1024K)]
  0x000001f57f500140 JavaThread "Thread-4"                   daemon [_thread_in_native, id=14376, stack(0x000000e95a800000,0x000000e95a900000) (1024K)]
  0x000001f57f4ffab0 JavaThread "Thread-5"                   daemon [_thread_in_native, id=19284, stack(0x000000e95a900000,0x000000e95aa00000) (1024K)]
  0x000001f57f5007d0 JavaThread "Thread-6"                   daemon [_thread_in_native, id=13524, stack(0x000000e95aa00000,0x000000e95ab00000) (1024K)]
  0x000001f57f502f30 JavaThread "Thread-7"                   daemon [_thread_in_native, id=18448, stack(0x000000e95ab00000,0x000000e95ac00000) (1024K)]
  0x000001f57f5028a0 JavaThread "Thread-8"                   daemon [_thread_in_native, id=11152, stack(0x000000e95ac00000,0x000000e95ad00000) (1024K)]
  0x000001f57f500e60 JavaThread "Thread-9"                   daemon [_thread_in_native, id=2456, stack(0x000000e95ad00000,0x000000e95ae00000) (1024K)]
  0x000001f57f5014f0 JavaThread "Thread-10"                  daemon [_thread_in_native, id=4644, stack(0x000000e95ae00000,0x000000e95af00000) (1024K)]
  0x000001f57f501b80 JavaThread "Thread-11"                  daemon [_thread_in_native, id=11040, stack(0x000000e95af00000,0x000000e95b000000) (1024K)]
  0x000001f57f502210 JavaThread "Thread-12"                  daemon [_thread_in_native, id=25416, stack(0x000000e95b000000,0x000000e95b100000) (1024K)]
  0x000001f57f4b86b0 JavaThread "Thread-13"                  daemon [_thread_in_native, id=22740, stack(0x000000e95b100000,0x000000e95b200000) (1024K)]
  0x000001f57f4b8d40 JavaThread "Thread-14"                  daemon [_thread_in_native, id=11796, stack(0x000000e95b200000,0x000000e95b300000) (1024K)]
  0x000001f57f4b93d0 JavaThread "Thread-15"                  daemon [_thread_in_native, id=3908, stack(0x000000e95b300000,0x000000e95b400000) (1024K)]
  0x000001f57f4b5f50 JavaThread "Thread-16"                  daemon [_thread_in_native, id=9320, stack(0x000000e95b400000,0x000000e95b500000) (1024K)]
  0x000001f57f4b7300 JavaThread "Thread-17"                  daemon [_thread_in_native, id=25432, stack(0x000000e95b500000,0x000000e95b600000) (1024K)]
  0x000001f57f4b8020 JavaThread "Thread-18"                  daemon [_thread_in_native, id=26492, stack(0x000000e95b600000,0x000000e95b700000) (1024K)]
  0x000001f57f4b9a60 JavaThread "Thread-19"                  daemon [_thread_in_native, id=26248, stack(0x000000e95b700000,0x000000e95b800000) (1024K)]
  0x000001f57f4b7990 JavaThread "Thread-20"                  daemon [_thread_in_native, id=18292, stack(0x000000e95b800000,0x000000e95b900000) (1024K)]
  0x000001f57f4b65e0 JavaThread "Thread-21"                  daemon [_thread_in_native, id=5496, stack(0x000000e95b900000,0x000000e95ba00000) (1024K)]
  0x000001f57f4ba0f0 JavaThread "pool-2-thread-1"                   [_thread_blocked, id=19948, stack(0x000000e95ba00000,0x000000e95bb00000) (1024K)]
  0x000001f57f4b6c70 JavaThread "WorkspaceEventsHandler"            [_thread_blocked, id=9044, stack(0x000000e95bb00000,0x000000e95bc00000) (1024K)]
  0x000001f57f4bb4a0 JavaThread "pool-1-thread-1"                   [_thread_blocked, id=23012, stack(0x000000e95bc00000,0x000000e95bd00000) (1024K)]
Total: 46

Other Threads:
  0x000001f51f2b4200 VMThread "VM Thread"                           [id=10744, stack(0x000000e957a00000,0x000000e957b00000) (1024K)]
  0x000001f51f1aba00 WatcherThread "VM Periodic Task Thread"        [id=21548, stack(0x000000e957900000,0x000000e957a00000) (1024K)]
  0x000001f51f33ab50 WorkerThread "GC Thread#0"                     [id=21576, stack(0x000000e957800000,0x000000e957900000) (1024K)]
  0x000001f57a5f8860 WorkerThread "GC Thread#1"                     [id=1676, stack(0x000000e958700000,0x000000e958800000) (1024K)]
  0x000001f57a5f8c10 WorkerThread "GC Thread#2"                     [id=12924, stack(0x000000e958800000,0x000000e958900000) (1024K)]
  0x000001f57a2e44f0 WorkerThread "GC Thread#3"                     [id=648, stack(0x000000e958900000,0x000000e958a00000) (1024K)]
  0x000001f57a2e48a0 WorkerThread "GC Thread#4"                     [id=3340, stack(0x000000e958a00000,0x000000e958b00000) (1024K)]
  0x000001f57a12b700 WorkerThread "GC Thread#5"                     [id=2652, stack(0x000000e958b00000,0x000000e958c00000) (1024K)]
  0x000001f57a12beb0 WorkerThread "GC Thread#6"                     [id=8568, stack(0x000000e958c00000,0x000000e958d00000) (1024K)]
  0x000001f57a7bc680 WorkerThread "GC Thread#7"                     [id=26180, stack(0x000000e958e00000,0x000000e958f00000) (1024K)]
  0x000001f57f374850 WorkerThread "GC Thread#8"                     [id=25348, stack(0x000000e959200000,0x000000e959300000) (1024K)]
  0x000001f57f374c00 WorkerThread "GC Thread#9"                     [id=26388, stack(0x000000e959300000,0x000000e959400000) (1024K)]
  0x000001f57f3753c0 WorkerThread "GC Thread#10"                    [id=3652, stack(0x000000e959400000,0x000000e959500000) (1024K)]
  0x000001f57fcf4470 WorkerThread "GC Thread#11"                    [id=19984, stack(0x000000e959800000,0x000000e959900000) (1024K)]
  0x000001f57f5e9680 WorkerThread "GC Thread#12"                    [id=8688, stack(0x000000e959900000,0x000000e959a00000) (1024K)]
  0x000001f57f5e9a30 WorkerThread "GC Thread#13"                    [id=16456, stack(0x000000e959a00000,0x000000e959b00000) (1024K)]
  0x000001f57f40b7c0 WorkerThread "GC Thread#14"                    [id=25328, stack(0x000000e959d00000,0x000000e959e00000) (1024K)]
Total: 17

Threads with active compile tasks:
Total: 0

VM state: not at safepoint (normal execution)

VM Mutex/Monitor currently owned by a thread: None

Heap address: 0x0000000080000000, size: 2048 MB, Compressed Oops mode: 32-bit

CDS archive(s) mapped at: [0x000001f536000000-0x000001f536ba0000-0x000001f536ba0000), size 12189696, SharedBaseAddress: 0x000001f536000000, ArchiveRelocationMode: 1.
Compressed class space mapped at: 0x000001f537000000-0x000001f577000000, reserved size: 1073741824
Narrow klass base: 0x000001f536000000, Narrow klass shift: 0, Narrow klass range: 0x100000000

GC Precious Log:
 CardTable entry size: 512
 CPUs: 20 total, 20 available
 Memory: 7709M
 Large Page Support: Disabled
 NUMA Support: Disabled
 Compressed Oops: Enabled (32-bit)
 Alignments: Space 512K, Generation 512K, Heap 2M
 Heap Min Capacity: 100M
 Heap Initial Capacity: 100M
 Heap Max Capacity: 2G
 Pre-touch: Disabled
 Parallel Workers: 15

Heap:
 PSYoungGen      total 21504K, used 15581K [0x00000000d5580000, 0x00000000d6d00000, 0x0000000100000000)
  eden space 20992K, 72% used [0x00000000d5580000,0x00000000d6447680,0x00000000d6a00000)
  from space 512K, 87% used [0x00000000d6c80000,0x00000000d6cf0000,0x00000000d6d00000)
  to   space 512K, 0% used [0x00000000d6c00000,0x00000000d6c00000,0x00000000d6c80000)
 ParOldGen       total 68608K, used 27655K [0x0000000080000000, 0x0000000084300000, 0x00000000d5580000)
  object space 68608K, 40% used [0x0000000080000000,0x0000000081b01c98,0x0000000084300000)
 Metaspace       used 52837K, committed 54016K, reserved 1114112K
  class space    used 5689K, committed 6144K, reserved 1048576K

Card table byte_map: [0x000001f51ecc0000,0x000001f51f0d0000] _byte_map_base: 0x000001f51e8c0000

Marking Bits: (ParMarkBitMap*) 0x00007ffba96944a0
 Begin Bits: [0x000001f5317d0000, 0x000001f5337d0000)
 End Bits:   [0x000001f5337d0000, 0x000001f5357d0000)

Polling page: 0x000001f51d180000

Metaspace:

Usage:
  Non-class:     46.04 MB used.
      Class:      5.56 MB used.
       Both:     51.60 MB used.

Virtual space:
  Non-class space:       64.00 MB reserved,      46.75 MB ( 73%) committed,  1 nodes.
      Class space:        1.00 GB reserved,       6.00 MB ( <1%) committed,  1 nodes.
             Both:        1.06 GB reserved,      52.75 MB (  5%) committed. 

Chunk freelists:
   Non-Class:  1.11 MB
       Class:  9.81 MB
        Both:  10.92 MB

MaxMetaspaceSize: unlimited
CompressedClassSpaceSize: 1.00 GB
Initial GC threshold: 21.00 MB
Current GC threshold: 58.38 MB
CDS: on
 - commit_granule_bytes: 65536.
 - commit_granule_words: 8192.
 - virtual_space_node_default_size: 8388608.
 - enlarge_chunks_in_place: 1.
 - use_allocation_guard: 0.


Internal statistics:

num_allocs_failed_limit: 6.
num_arena_births: 828.
num_arena_deaths: 14.
num_vsnodes_births: 2.
num_vsnodes_deaths: 0.
num_space_committed: 844.
num_space_uncommitted: 0.
num_chunks_returned_to_freelist: 20.
num_chunks_taken_from_freelist: 3135.
num_chunk_merges: 8.
num_chunk_splits: 1987.
num_chunks_enlarged: 1215.
num_inconsistent_stats: 0.

CodeHeap 'non-profiled nmethods': size=119168Kb used=3269Kb max_used=3269Kb free=115898Kb
 bounds [0x000001f52a0c0000, 0x000001f52a400000, 0x000001f531520000]
CodeHeap 'profiled nmethods': size=119104Kb used=14855Kb max_used=14855Kb free=104248Kb
 bounds [0x000001f522520000, 0x000001f5233b0000, 0x000001f529970000]
CodeHeap 'non-nmethods': size=7488Kb used=1401Kb max_used=2563Kb free=6086Kb
 bounds [0x000001f529970000, 0x000001f529c00000, 0x000001f52a0c0000]
CodeCache: size=245760Kb, used=19525Kb, max_used=20687Kb, free=226232Kb
 total_blobs=7663, nmethods=6960, adapters=609, full_count=0
Compilation: enabled, stopped_count=0, restarted_count=0

Compilation events (20 events):
Event: 303.897 Thread 0x000001f51f3d76d0 7507       4       java.util.HashMap$Node::setValue (12 bytes)
Event: 303.897 Thread 0x000001f51f3d76d0 nmethod 7507 0x000001f52a3f1090 code [0x000001f52a3f1220, 0x000001f52a3f12c8]
Event: 304.027 Thread 0x000001f5781f1710 7512       3       java.util.concurrent.locks.AbstractQueuedSynchronizer$Node::clearStatus (12 bytes)
Event: 304.027 Thread 0x000001f5781f1710 nmethod 7512 0x000001f52339e710 code [0x000001f52339e8c0, 0x000001f52339ea20]
Event: 304.027 Thread 0x000001f5781f1710 7513   !   3       java.util.concurrent.locks.AbstractQueuedSynchronizer::tryInitializeHead (66 bytes)
Event: 304.027 Thread 0x000001f5781f1710 nmethod 7513 0x000001f52339eb10 code [0x000001f52339ed00, 0x000001f52339f228]
Event: 314.787 Thread 0x000001f5781f1710 7514       3       java.util.concurrent.Executors$RunnableAdapter::call (14 bytes)
Event: 314.787 Thread 0x000001f5781f1710 nmethod 7514 0x000001f52339f410 code [0x000001f52339f5c0, 0x000001f52339f7a8]
Event: 404.871 Thread 0x000001f5781f1710 7515       3       java.util.concurrent.locks.ReentrantLock$NonfairSync::tryAcquire (27 bytes)
Event: 404.871 Thread 0x000001f5781f1710 nmethod 7515 0x000001f52339f890 code [0x000001f52339fa40, 0x000001f52339fc88]
Event: 474.940 Thread 0x000001f5781f1710 7516       3       java.util.concurrent.locks.AbstractQueuedSynchronizer$ConditionObject::canReacquire (38 bytes)
Event: 474.940 Thread 0x000001f5781f1710 nmethod 7516 0x000001f52339fd90 code [0x000001f52339ff60, 0x000001f5233a02a8]
Event: 554.989 Thread 0x000001f5781f1710 7517       3       java.util.concurrent.ThreadPoolExecutor::isShutdown (12 bytes)
Event: 554.989 Thread 0x000001f5781f1710 nmethod 7517 0x000001f5233a0410 code [0x000001f5233a05c0, 0x000001f5233a07a0]
Event: 575.012 Thread 0x000001f5781f1710 7518       3       java.util.concurrent.ScheduledThreadPoolExecutor::canRunInCurrentRunState (61 bytes)
Event: 575.031 Thread 0x000001f5781f1710 nmethod 7518 0x000001f5233a0890 code [0x000001f5233a0aa0, 0x000001f5233a1250]
Event: 604.069 Thread 0x000001f5781f1710 7519   !   3       java.util.concurrent.locks.LockSupport::parkNanos (56 bytes)
Event: 604.070 Thread 0x000001f5781f1710 nmethod 7519 0x000001f5233a1490 code [0x000001f5233a16a0, 0x000001f5233a1ae0]
Event: 675.076 Thread 0x000001f5781f1710 7521       3       java.util.concurrent.ThreadPoolExecutor::workerCountOf (5 bytes)
Event: 675.077 Thread 0x000001f5781f1710 nmethod 7521 0x000001f5233a1c90 code [0x000001f5233a1e20, 0x000001f5233a1f18]

GC Heap History (20 events):
Event: 5.627 GC heap before
{Heap before GC invocations=23 (full 2):
 PSYoungGen      total 22528K, used 22240K [0x00000000d5580000, 0x00000000d6d80000, 0x0000000100000000)
  eden space 20992K, 99% used [0x00000000d5580000,0x00000000d69f1e78,0x00000000d6a00000)
  from space 1536K, 84% used [0x00000000d6c00000,0x00000000d6d46308,0x00000000d6d80000)
  to   space 1536K, 0% used [0x00000000d6a00000,0x00000000d6a00000,0x00000000d6b80000)
 ParOldGen       total 68608K, used 24523K [0x0000000080000000, 0x0000000084300000, 0x00000000d5580000)
  object space 68608K, 35% used [0x0000000080000000,0x00000000817f2e48,0x0000000084300000)
 Metaspace       used 49455K, committed 50560K, reserved 1114112K
  class space    used 5373K, committed 5888K, reserved 1048576K
}
Event: 5.628 GC heap after
{Heap after GC invocations=23 (full 2):
 PSYoungGen      total 22528K, used 488K [0x00000000d5580000, 0x00000000d6c80000, 0x0000000100000000)
  eden space 20992K, 0% used [0x00000000d5580000,0x00000000d5580000,0x00000000d6a00000)
  from space 1536K, 31% used [0x00000000d6a00000,0x00000000d6a7a2a0,0x00000000d6b80000)
  to   space 1024K, 0% used [0x00000000d6b80000,0x00000000d6b80000,0x00000000d6c80000)
 ParOldGen       total 68608K, used 25680K [0x0000000080000000, 0x0000000084300000, 0x00000000d5580000)
  object space 68608K, 37% used [0x0000000080000000,0x0000000081914288,0x0000000084300000)
 Metaspace       used 49455K, committed 50560K, reserved 1114112K
  class space    used 5373K, committed 5888K, reserved 1048576K
}
Event: 5.797 GC heap before
{Heap before GC invocations=24 (full 2):
 PSYoungGen      total 22528K, used 21369K [0x00000000d5580000, 0x00000000d6c80000, 0x0000000100000000)
  eden space 20992K, 99% used [0x00000000d5580000,0x00000000d69e4310,0x00000000d6a00000)
  from space 1536K, 31% used [0x00000000d6a00000,0x00000000d6a7a2a0,0x00000000d6b80000)
  to   space 1024K, 0% used [0x00000000d6b80000,0x00000000d6b80000,0x00000000d6c80000)
 ParOldGen       total 68608K, used 25680K [0x0000000080000000, 0x0000000084300000, 0x00000000d5580000)
  object space 68608K, 37% used [0x0000000080000000,0x0000000081914288,0x0000000084300000)
 Metaspace       used 50559K, committed 51712K, reserved 1114112K
  class space    used 5470K, committed 6016K, reserved 1048576K
}
Event: 5.798 GC heap after
{Heap after GC invocations=24 (full 2):
 PSYoungGen      total 22016K, used 662K [0x00000000d5580000, 0x00000000d6c80000, 0x0000000100000000)
  eden space 20992K, 0% used [0x00000000d5580000,0x00000000d5580000,0x00000000d6a00000)
  from space 1024K, 64% used [0x00000000d6b80000,0x00000000d6c25b38,0x00000000d6c80000)
  to   space 1024K, 0% used [0x00000000d6a80000,0x00000000d6a80000,0x00000000d6b80000)
 ParOldGen       total 68608K, used 25904K [0x0000000080000000, 0x0000000084300000, 0x00000000d5580000)
  object space 68608K, 37% used [0x0000000080000000,0x000000008194c288,0x0000000084300000)
 Metaspace       used 50559K, committed 51712K, reserved 1114112K
  class space    used 5470K, committed 6016K, reserved 1048576K
}
Event: 5.832 GC heap before
{Heap before GC invocations=25 (full 2):
 PSYoungGen      total 22016K, used 21501K [0x00000000d5580000, 0x00000000d6c80000, 0x0000000100000000)
  eden space 20992K, 99% used [0x00000000d5580000,0x00000000d69d99f8,0x00000000d6a00000)
  from space 1024K, 64% used [0x00000000d6b80000,0x00000000d6c25b38,0x00000000d6c80000)
  to   space 1024K, 0% used [0x00000000d6a80000,0x00000000d6a80000,0x00000000d6b80000)
 ParOldGen       total 68608K, used 25904K [0x0000000080000000, 0x0000000084300000, 0x00000000d5580000)
  object space 68608K, 37% used [0x0000000080000000,0x000000008194c288,0x0000000084300000)
 Metaspace       used 50590K, committed 51776K, reserved 1114112K
  class space    used 5470K, committed 6016K, reserved 1048576K
}
Event: 5.833 GC heap after
{Heap after GC invocations=25 (full 2):
 PSYoungGen      total 22016K, used 993K [0x00000000d5580000, 0x00000000d6f00000, 0x0000000100000000)
  eden space 20992K, 0% used [0x00000000d5580000,0x00000000d5580000,0x00000000d6a00000)
  from space 1024K, 97% used [0x00000000d6a80000,0x00000000d6b786e0,0x00000000d6b80000)
  to   space 2560K, 0% used [0x00000000d6c80000,0x00000000d6c80000,0x00000000d6f00000)
 ParOldGen       total 68608K, used 26795K [0x0000000080000000, 0x0000000084300000, 0x00000000d5580000)
  object space 68608K, 39% used [0x0000000080000000,0x0000000081a2af58,0x0000000084300000)
 Metaspace       used 50590K, committed 51776K, reserved 1114112K
  class space    used 5470K, committed 6016K, reserved 1048576K
}
Event: 5.874 GC heap before
{Heap before GC invocations=26 (full 2):
 PSYoungGen      total 22016K, used 21985K [0x00000000d5580000, 0x00000000d6f00000, 0x0000000100000000)
  eden space 20992K, 100% used [0x00000000d5580000,0x00000000d6a00000,0x00000000d6a00000)
  from space 1024K, 97% used [0x00000000d6a80000,0x00000000d6b786e0,0x00000000d6b80000)
  to   space 2560K, 0% used [0x00000000d6c80000,0x00000000d6c80000,0x00000000d6f00000)
 ParOldGen       total 68608K, used 26795K [0x0000000080000000, 0x0000000084300000, 0x00000000d5580000)
  object space 68608K, 39% used [0x0000000080000000,0x0000000081a2af58,0x0000000084300000)
 Metaspace       used 51399K, committed 52544K, reserved 1114112K
  class space    used 5543K, committed 6080K, reserved 1048576K
}
Event: 5.875 GC heap after
{Heap after GC invocations=26 (full 2):
 PSYoungGen      total 21504K, used 256K [0x00000000d5580000, 0x00000000d6d00000, 0x0000000100000000)
  eden space 20992K, 0% used [0x00000000d5580000,0x00000000d5580000,0x00000000d6a00000)
  from space 512K, 50% used [0x00000000d6c80000,0x00000000d6cc0000,0x00000000d6d00000)
  to   space 1024K, 0% used [0x00000000d6b00000,0x00000000d6b00000,0x00000000d6c00000)
 ParOldGen       total 68608K, used 27186K [0x0000000080000000, 0x0000000084300000, 0x00000000d5580000)
  object space 68608K, 39% used [0x0000000080000000,0x0000000081a8ca90,0x0000000084300000)
 Metaspace       used 51399K, committed 52544K, reserved 1114112K
  class space    used 5543K, committed 6080K, reserved 1048576K
}
Event: 6.316 GC heap before
{Heap before GC invocations=27 (full 2):
 PSYoungGen      total 21504K, used 21248K [0x00000000d5580000, 0x00000000d6d00000, 0x0000000100000000)
  eden space 20992K, 100% used [0x00000000d5580000,0x00000000d6a00000,0x00000000d6a00000)
  from space 512K, 50% used [0x00000000d6c80000,0x00000000d6cc0000,0x00000000d6d00000)
  to   space 1024K, 0% used [0x00000000d6b00000,0x00000000d6b00000,0x00000000d6c00000)
 ParOldGen       total 68608K, used 27186K [0x0000000080000000, 0x0000000084300000, 0x00000000d5580000)
  object space 68608K, 39% used [0x0000000080000000,0x0000000081a8ca90,0x0000000084300000)
 Metaspace       used 51849K, committed 52928K, reserved 1114112K
  class space    used 5595K, committed 6080K, reserved 1048576K
}
Event: 6.317 GC heap after
{Heap after GC invocations=27 (full 2):
 PSYoungGen      total 22016K, used 448K [0x00000000d5580000, 0x00000000d6d00000, 0x0000000100000000)
  eden space 20992K, 0% used [0x00000000d5580000,0x00000000d5580000,0x00000000d6a00000)
  from space 1024K, 43% used [0x00000000d6b00000,0x00000000d6b70000,0x00000000d6c00000)
  to   space 512K, 0% used [0x00000000d6c80000,0x00000000d6c80000,0x00000000d6d00000)
 ParOldGen       total 68608K, used 27250K [0x0000000080000000, 0x0000000084300000, 0x00000000d5580000)
  object space 68608K, 39% used [0x0000000080000000,0x0000000081a9ca90,0x0000000084300000)
 Metaspace       used 51849K, committed 52928K, reserved 1114112K
  class space    used 5595K, committed 6080K, reserved 1048576K
}
Event: 6.594 GC heap before
{Heap before GC invocations=28 (full 2):
 PSYoungGen      total 22016K, used 21440K [0x00000000d5580000, 0x00000000d6d00000, 0x0000000100000000)
  eden space 20992K, 100% used [0x00000000d5580000,0x00000000d6a00000,0x00000000d6a00000)
  from space 1024K, 43% used [0x00000000d6b00000,0x00000000d6b70000,0x00000000d6c00000)
  to   space 512K, 0% used [0x00000000d6c80000,0x00000000d6c80000,0x00000000d6d00000)
 ParOldGen       total 68608K, used 27250K [0x0000000080000000, 0x0000000084300000, 0x00000000d5580000)
  object space 68608K, 39% used [0x0000000080000000,0x0000000081a9ca90,0x0000000084300000)
 Metaspace       used 51849K, committed 52928K, reserved 1114112K
  class space    used 5595K, committed 6080K, reserved 1048576K
}
Event: 6.594 GC heap after
{Heap after GC invocations=28 (full 2):
 PSYoungGen      total 21504K, used 320K [0x00000000d5580000, 0x00000000d6d00000, 0x0000000100000000)
  eden space 20992K, 0% used [0x00000000d5580000,0x00000000d5580000,0x00000000d6a00000)
  from space 512K, 62% used [0x00000000d6c80000,0x00000000d6cd0000,0x00000000d6d00000)
  to   space 512K, 0% used [0x00000000d6c00000,0x00000000d6c00000,0x00000000d6c80000)
 ParOldGen       total 68608K, used 27447K [0x0000000080000000, 0x0000000084300000, 0x00000000d5580000)
  object space 68608K, 40% used [0x0000000080000000,0x0000000081acdc98,0x0000000084300000)
 Metaspace       used 51849K, committed 52928K, reserved 1114112K
  class space    used 5595K, committed 6080K, reserved 1048576K
}
Event: 6.736 GC heap before
{Heap before GC invocations=29 (full 2):
 PSYoungGen      total 21504K, used 21312K [0x00000000d5580000, 0x00000000d6d00000, 0x0000000100000000)
  eden space 20992K, 100% used [0x00000000d5580000,0x00000000d6a00000,0x00000000d6a00000)
  from space 512K, 62% used [0x00000000d6c80000,0x00000000d6cd0000,0x00000000d6d00000)
  to   space 512K, 0% used [0x00000000d6c00000,0x00000000d6c00000,0x00000000d6c80000)
 ParOldGen       total 68608K, used 27447K [0x0000000080000000, 0x0000000084300000, 0x00000000d5580000)
  object space 68608K, 40% used [0x0000000080000000,0x0000000081acdc98,0x0000000084300000)
 Metaspace       used 51849K, committed 52928K, reserved 1114112K
  class space    used 5595K, committed 6080K, reserved 1048576K
}
Event: 6.737 GC heap after
{Heap after GC invocations=29 (full 2):
 PSYoungGen      total 21504K, used 320K [0x00000000d5580000, 0x00000000d6d00000, 0x0000000100000000)
  eden space 20992K, 0% used [0x00000000d5580000,0x00000000d5580000,0x00000000d6a00000)
  from space 512K, 62% used [0x00000000d6c00000,0x00000000d6c50000,0x00000000d6c80000)
  to   space 512K, 0% used [0x00000000d6c80000,0x00000000d6c80000,0x00000000d6d00000)
 ParOldGen       total 68608K, used 27519K [0x0000000080000000, 0x0000000084300000, 0x00000000d5580000)
  object space 68608K, 40% used [0x0000000080000000,0x0000000081adfc98,0x0000000084300000)
 Metaspace       used 51849K, committed 52928K, reserved 1114112K
  class space    used 5595K, committed 6080K, reserved 1048576K
}
Event: 6.971 GC heap before
{Heap before GC invocations=30 (full 2):
 PSYoungGen      total 21504K, used 21312K [0x00000000d5580000, 0x00000000d6d00000, 0x0000000100000000)
  eden space 20992K, 100% used [0x00000000d5580000,0x00000000d6a00000,0x00000000d6a00000)
  from space 512K, 62% used [0x00000000d6c00000,0x00000000d6c50000,0x00000000d6c80000)
  to   space 512K, 0% used [0x00000000d6c80000,0x00000000d6c80000,0x00000000d6d00000)
 ParOldGen       total 68608K, used 27519K [0x0000000080000000, 0x0000000084300000, 0x00000000d5580000)
  object space 68608K, 40% used [0x0000000080000000,0x0000000081adfc98,0x0000000084300000)
 Metaspace       used 51851K, committed 52928K, reserved 1114112K
  class space    used 5595K, committed 6080K, reserved 1048576K
}
Event: 6.972 GC heap after
{Heap after GC invocations=30 (full 2):
 PSYoungGen      total 21504K, used 160K [0x00000000d5580000, 0x00000000d6d00000, 0x0000000100000000)
  eden space 20992K, 0% used [0x00000000d5580000,0x00000000d5580000,0x00000000d6a00000)
  from space 512K, 31% used [0x00000000d6c80000,0x00000000d6ca8000,0x00000000d6d00000)
  to   space 512K, 0% used [0x00000000d6c00000,0x00000000d6c00000,0x00000000d6c80000)
 ParOldGen       total 68608K, used 27567K [0x0000000080000000, 0x0000000084300000, 0x00000000d5580000)
  object space 68608K, 40% used [0x0000000080000000,0x0000000081aebc98,0x0000000084300000)
 Metaspace       used 51851K, committed 52928K, reserved 1114112K
  class space    used 5595K, committed 6080K, reserved 1048576K
}
Event: 7.094 GC heap before
{Heap before GC invocations=31 (full 2):
 PSYoungGen      total 21504K, used 21152K [0x00000000d5580000, 0x00000000d6d00000, 0x0000000100000000)
  eden space 20992K, 100% used [0x00000000d5580000,0x00000000d6a00000,0x00000000d6a00000)
  from space 512K, 31% used [0x00000000d6c80000,0x00000000d6ca8000,0x00000000d6d00000)
  to   space 512K, 0% used [0x00000000d6c00000,0x00000000d6c00000,0x00000000d6c80000)
 ParOldGen       total 68608K, used 27567K [0x0000000080000000, 0x0000000084300000, 0x00000000d5580000)
  object space 68608K, 40% used [0x0000000080000000,0x0000000081aebc98,0x0000000084300000)
 Metaspace       used 51857K, committed 52992K, reserved 1114112K
  class space    used 5596K, committed 6080K, reserved 1048576K
}
Event: 7.095 GC heap after
{Heap after GC invocations=31 (full 2):
 PSYoungGen      total 21504K, used 256K [0x00000000d5580000, 0x00000000d6d00000, 0x0000000100000000)
  eden space 20992K, 0% used [0x00000000d5580000,0x00000000d5580000,0x00000000d6a00000)
  from space 512K, 50% used [0x00000000d6c00000,0x00000000d6c40000,0x00000000d6c80000)
  to   space 512K, 0% used [0x00000000d6c80000,0x00000000d6c80000,0x00000000d6d00000)
 ParOldGen       total 68608K, used 27615K [0x0000000080000000, 0x0000000084300000, 0x00000000d5580000)
  object space 68608K, 40% used [0x0000000080000000,0x0000000081af7c98,0x0000000084300000)
 Metaspace       used 51857K, committed 52992K, reserved 1114112K
  class space    used 5596K, committed 6080K, reserved 1048576K
}
Event: 7.262 GC heap before
{Heap before GC invocations=32 (full 2):
 PSYoungGen      total 21504K, used 21244K [0x00000000d5580000, 0x00000000d6d00000, 0x0000000100000000)
  eden space 20992K, 99% used [0x00000000d5580000,0x00000000d69ff240,0x00000000d6a00000)
  from space 512K, 50% used [0x00000000d6c00000,0x00000000d6c40000,0x00000000d6c80000)
  to   space 512K, 0% used [0x00000000d6c80000,0x00000000d6c80000,0x00000000d6d00000)
 ParOldGen       total 68608K, used 27615K [0x0000000080000000, 0x0000000084300000, 0x00000000d5580000)
  object space 68608K, 40% used [0x0000000080000000,0x0000000081af7c98,0x0000000084300000)
 Metaspace       used 51887K, committed 53120K, reserved 1114112K
  class space    used 5599K, committed 6144K, reserved 1048576K
}
Event: 7.263 GC heap after
{Heap after GC invocations=32 (full 2):
 PSYoungGen      total 21504K, used 448K [0x00000000d5580000, 0x00000000d6d00000, 0x0000000100000000)
  eden space 20992K, 0% used [0x00000000d5580000,0x00000000d5580000,0x00000000d6a00000)
  from space 512K, 87% used [0x00000000d6c80000,0x00000000d6cf0000,0x00000000d6d00000)
  to   space 512K, 0% used [0x00000000d6c00000,0x00000000d6c00000,0x00000000d6c80000)
 ParOldGen       total 68608K, used 27655K [0x0000000080000000, 0x0000000084300000, 0x00000000d5580000)
  object space 68608K, 40% used [0x0000000080000000,0x0000000081b01c98,0x0000000084300000)
 Metaspace       used 51887K, committed 53120K, reserved 1114112K
  class space    used 5599K, committed 6144K, reserved 1048576K
}

Dll operation events (20 events):
Event: 0.008 Attempting to load shared library c:\Users\otuom\.antigravity-ide\extensions\redhat.java-1.56.0-win32-x64\jre\21.0.12.1-win32-x86_64\bin\java.dll
Event: 0.008 Loaded shared library c:\Users\otuom\.antigravity-ide\extensions\redhat.java-1.56.0-win32-x64\jre\21.0.12.1-win32-x86_64\bin\java.dll
Event: 0.042 Attempting to load shared library c:\Users\otuom\.antigravity-ide\extensions\redhat.java-1.56.0-win32-x64\jre\21.0.12.1-win32-x86_64\bin\zip.dll
Event: 0.042 Loaded shared library c:\Users\otuom\.antigravity-ide\extensions\redhat.java-1.56.0-win32-x64\jre\21.0.12.1-win32-x86_64\bin\zip.dll
Event: 0.052 Attempting to load shared library C:\Users\otuom\.antigravity-ide\extensions\redhat.java-1.56.0-win32-x64\jre\21.0.12.1-win32-x86_64\bin\instrument.dll
Event: 0.052 Loaded shared library C:\Users\otuom\.antigravity-ide\extensions\redhat.java-1.56.0-win32-x64\jre\21.0.12.1-win32-x86_64\bin\instrument.dll
Event: 0.054 Attempting to load shared library C:\Users\otuom\.antigravity-ide\extensions\redhat.java-1.56.0-win32-x64\jre\21.0.12.1-win32-x86_64\bin\net.dll
Event: 0.055 Loaded shared library C:\Users\otuom\.antigravity-ide\extensions\redhat.java-1.56.0-win32-x64\jre\21.0.12.1-win32-x86_64\bin\net.dll
Event: 0.056 Attempting to load shared library C:\Users\otuom\.antigravity-ide\extensions\redhat.java-1.56.0-win32-x64\jre\21.0.12.1-win32-x86_64\bin\nio.dll
Event: 0.056 Loaded shared library C:\Users\otuom\.antigravity-ide\extensions\redhat.java-1.56.0-win32-x64\jre\21.0.12.1-win32-x86_64\bin\nio.dll
Event: 0.058 Attempting to load shared library C:\Users\otuom\.antigravity-ide\extensions\redhat.java-1.56.0-win32-x64\jre\21.0.12.1-win32-x86_64\bin\zip.dll
Event: 0.058 Loaded shared library C:\Users\otuom\.antigravity-ide\extensions\redhat.java-1.56.0-win32-x64\jre\21.0.12.1-win32-x86_64\bin\zip.dll
Event: 0.067 Attempting to load shared library C:\Users\otuom\.antigravity-ide\extensions\redhat.java-1.56.0-win32-x64\jre\21.0.12.1-win32-x86_64\bin\jimage.dll
Event: 0.067 Loaded shared library C:\Users\otuom\.antigravity-ide\extensions\redhat.java-1.56.0-win32-x64\jre\21.0.12.1-win32-x86_64\bin\jimage.dll
Event: 0.101 Attempting to load shared library c:\Users\otuom\.antigravity-ide\extensions\redhat.java-1.56.0-win32-x64\jre\21.0.12.1-win32-x86_64\bin\verify.dll
Event: 0.101 Loaded shared library c:\Users\otuom\.antigravity-ide\extensions\redhat.java-1.56.0-win32-x64\jre\21.0.12.1-win32-x86_64\bin\verify.dll
Event: 0.730 Attempting to load shared library C:\Users\otuom\AppData\Roaming\Antigravity IDE\User\globalStorage\redhat.java\1.56.0\config_win\org.eclipse.equinox.launcher\org.eclipse.equinox.launcher.win32.win32.x86_64_1.3.100.v20260804-1928\eclipse_11924.dll
Event: 0.731 Loaded shared library C:\Users\otuom\AppData\Roaming\Antigravity IDE\User\globalStorage\redhat.java\1.56.0\config_win\org.eclipse.equinox.launcher\org.eclipse.equinox.launcher.win32.win32.x86_64_1.3.100.v20260804-1928\eclipse_11924.dll
Event: 3.599 Attempting to load shared library C:\Users\otuom\AppData\Local\Temp\jna-106082574\jna9942185997012256626.dll
Event: 3.811 Loaded shared library C:\Users\otuom\AppData\Local\Temp\jna-106082574\jna9942185997012256626.dll

Deoptimization events (20 events):
Event: 7.317 Thread 0x000001f57f4bc850 DEOPT PACKING pc=0x000001f52a374218 sp=0x000000e95bdfebf0
Event: 7.317 Thread 0x000001f57f4bc850 DEOPT UNPACKING pc=0x000001f5299c3aa2 sp=0x000000e95bdfeb88 mode 2
Event: 30.659 Thread 0x000001f57a7fb800 Uncommon trap: trap_request=0xffffff45 fr.pc=0x000001f52a2ab4a0 relative=0x0000000000000660
Event: 30.659 Thread 0x000001f57a7fb800 Uncommon trap: reason=unstable_if action=reinterpret pc=0x000001f52a2ab4a0 method=java.util.HashMap.putVal(ILjava/lang/Object;Ljava/lang/Object;ZZ)Ljava/lang/Object; @ 94 c2
Event: 30.659 Thread 0x000001f57a7fb800 DEOPT PACKING pc=0x000001f52a2ab4a0 sp=0x000000e958dfedd0
Event: 30.659 Thread 0x000001f57a7fb800 DEOPT UNPACKING pc=0x000001f5299c3aa2 sp=0x000000e958dfecf0 mode 2
Event: 30.664 Thread 0x000001f57a7fb800 Uncommon trap: trap_request=0xffffff45 fr.pc=0x000001f52a13012c relative=0x000000000000016c
Event: 30.664 Thread 0x000001f57a7fb800 Uncommon trap: reason=unstable_if action=reinterpret pc=0x000001f52a13012c method=java.util.HashMap.getNode(Ljava/lang/Object;)Ljava/util/HashMap$Node; @ 131 c2
Event: 30.664 Thread 0x000001f57a7fb800 DEOPT PACKING pc=0x000001f52a13012c sp=0x000000e958dfef00
Event: 30.664 Thread 0x000001f57a7fb800 DEOPT UNPACKING pc=0x000001f5299c3aa2 sp=0x000000e958dfee10 mode 2
Event: 30.664 Thread 0x000001f57a7fb800 Uncommon trap: trap_request=0xffffff45 fr.pc=0x000001f52a1bcbb8 relative=0x00000000000001d8
Event: 30.664 Thread 0x000001f57a7fb800 Uncommon trap: reason=unstable_if action=reinterpret pc=0x000001f52a1bcbb8 method=java.util.HashMap.getNode(Ljava/lang/Object;)Ljava/util/HashMap$Node; @ 131 c2
Event: 30.664 Thread 0x000001f57a7fb800 DEOPT PACKING pc=0x000001f52a1bcbb8 sp=0x000000e958dfee20
Event: 30.664 Thread 0x000001f57a7fb800 DEOPT UNPACKING pc=0x000001f5299c3aa2 sp=0x000000e958dfeda0 mode 2
Event: 30.690 Thread 0x000001f57a7fb800 DEOPT PACKING pc=0x000001f52276b79f sp=0x000000e958dfeb50
Event: 30.690 Thread 0x000001f57a7fb800 DEOPT UNPACKING pc=0x000001f5299c4242 sp=0x000000e958dfe028 mode 0
Event: 303.880 Thread 0x000001f57f93e5b0 Uncommon trap: trap_request=0xffffff45 fr.pc=0x000001f52a3deee8 relative=0x0000000000000628
Event: 303.880 Thread 0x000001f57f93e5b0 Uncommon trap: reason=unstable_if action=reinterpret pc=0x000001f52a3deee8 method=java.util.HashMap.putVal(ILjava/lang/Object;Ljava/lang/Object;ZZ)Ljava/lang/Object; @ 236 c2
Event: 303.880 Thread 0x000001f57f93e5b0 DEOPT PACKING pc=0x000001f52a3deee8 sp=0x000000e95a4fea50
Event: 303.880 Thread 0x000001f57f93e5b0 DEOPT UNPACKING pc=0x000001f5299c3aa2 sp=0x000000e95a4fe9c8 mode 2

Classes loaded (20 events):
Event: 30.681 Loading class sun/util/cldr/CLDRTimeZoneNameProviderImpl
Event: 30.682 Loading class sun/util/locale/provider/TimeZoneNameProviderImpl
Event: 30.682 Loading class sun/util/locale/provider/TimeZoneNameProviderImpl done
Event: 30.682 Loading class sun/util/cldr/CLDRTimeZoneNameProviderImpl done
Event: 30.683 Loading class sun/util/resources/cldr/TimeZoneNames
Event: 30.683 Loading class sun/util/resources/TimeZoneNamesBundle
Event: 30.683 Loading class sun/util/resources/OpenListResourceBundle
Event: 30.683 Loading class sun/util/resources/OpenListResourceBundle done
Event: 30.683 Loading class sun/util/resources/TimeZoneNamesBundle done
Event: 30.683 Loading class sun/util/resources/cldr/TimeZoneNames done
Event: 30.683 Loading class sun/util/resources/cldr/TimeZoneNames_en
Event: 30.684 Loading class sun/util/resources/cldr/TimeZoneNames_en done
Event: 30.684 Loading class sun/util/resources/cldr/TimeZoneNames_en_US
Event: 30.684 Loading class sun/util/resources/cldr/TimeZoneNames_en_US done
Event: 30.685 Loading class sun/util/cldr/CLDRBaseLocaleDataMetaInfo$TZCanonicalIDMapHolder
Event: 30.686 Loading class sun/util/cldr/CLDRBaseLocaleDataMetaInfo$TZCanonicalIDMapHolder done
Event: 30.686 Loading class sun/util/resources/TimeZoneNames
Event: 30.687 Loading class sun/util/resources/TimeZoneNames done
Event: 30.687 Loading class sun/util/resources/TimeZoneNames_en
Event: 30.687 Loading class sun/util/resources/TimeZoneNames_en done

Classes unloaded (7 events):
Event: 4.051 Thread 0x000001f51f2b4200 Unloading class 0x000001f5371ab000 'java/lang/invoke/LambdaForm$MH+0x000001f5371ab000'
Event: 4.051 Thread 0x000001f51f2b4200 Unloading class 0x000001f5371aac00 'java/lang/invoke/LambdaForm$MH+0x000001f5371aac00'
Event: 4.051 Thread 0x000001f51f2b4200 Unloading class 0x000001f5371aa800 'java/lang/invoke/LambdaForm$MH+0x000001f5371aa800'
Event: 4.051 Thread 0x000001f51f2b4200 Unloading class 0x000001f5371aa400 'java/lang/invoke/LambdaForm$MH+0x000001f5371aa400'
Event: 4.051 Thread 0x000001f51f2b4200 Unloading class 0x000001f5371aa000 'java/lang/invoke/LambdaForm$BMH+0x000001f5371aa000'
Event: 4.051 Thread 0x000001f51f2b4200 Unloading class 0x000001f5371a9c00 'java/lang/invoke/LambdaForm$DMH+0x000001f5371a9c00'
Event: 4.051 Thread 0x000001f51f2b4200 Unloading class 0x000001f5371a8800 'java/lang/invoke/LambdaForm$DMH+0x000001f5371a8800'

Classes redefined (0 events):
No events

Internal exceptions (20 events):
Event: 7.245 Thread 0x000001f57f93c4e0 Exception <a 'sun/nio/fs/WindowsException'{0x00000000d69475d0}> (0x00000000d69475d0) 
thrown [s\src\hotspot\share\prims\jni.cpp, line 520]
Event: 7.245 Thread 0x000001f57f93c4e0 Exception <a 'sun/nio/fs/WindowsException'{0x00000000d69499f0}> (0x00000000d69499f0) 
thrown [s\src\hotspot\share\prims\jni.cpp, line 520]
Event: 7.245 Thread 0x000001f57f93c4e0 Exception <a 'sun/nio/fs/WindowsException'{0x00000000d694be58}> (0x00000000d694be58) 
thrown [s\src\hotspot\share\prims\jni.cpp, line 520]
Event: 7.245 Thread 0x000001f57f93c4e0 Exception <a 'sun/nio/fs/WindowsException'{0x00000000d694e2c8}> (0x00000000d694e2c8) 
thrown [s\src\hotspot\share\prims\jni.cpp, line 520]
Event: 7.245 Thread 0x000001f57f93c4e0 Exception <a 'sun/nio/fs/WindowsException'{0x00000000d6950de0}> (0x00000000d6950de0) 
thrown [s\src\hotspot\share\prims\jni.cpp, line 520]
Event: 7.245 Thread 0x000001f57f93c4e0 Exception <a 'sun/nio/fs/WindowsException'{0x00000000d6953220}> (0x00000000d6953220) 
thrown [s\src\hotspot\share\prims\jni.cpp, line 520]
Event: 7.245 Thread 0x000001f57f93c4e0 Exception <a 'sun/nio/fs/WindowsException'{0x00000000d6955628}> (0x00000000d6955628) 
thrown [s\src\hotspot\share\prims\jni.cpp, line 520]
Event: 7.245 Thread 0x000001f57f93c4e0 Exception <a 'sun/nio/fs/WindowsException'{0x00000000d6957a38}> (0x00000000d6957a38) 
thrown [s\src\hotspot\share\prims\jni.cpp, line 520]
Event: 7.245 Thread 0x000001f57f93c4e0 Exception <a 'sun/nio/fs/WindowsException'{0x00000000d6959e48}> (0x00000000d6959e48) 
thrown [s\src\hotspot\share\prims\jni.cpp, line 520]
Event: 7.245 Thread 0x000001f57f93c4e0 Exception <a 'sun/nio/fs/WindowsException'{0x00000000d695d000}> (0x00000000d695d000) 
thrown [s\src\hotspot\share\prims\jni.cpp, line 520]
Event: 7.245 Thread 0x000001f57f93c4e0 Exception <a 'sun/nio/fs/WindowsException'{0x00000000d6960bf0}> (0x00000000d6960bf0) 
thrown [s\src\hotspot\share\prims\jni.cpp, line 520]
Event: 7.268 Thread 0x000001f57f4bb4a0 Exception <a 'sun/nio/fs/WindowsException'{0x00000000d5603560}> (0x00000000d5603560) 
thrown [s\src\hotspot\share\prims\jni.cpp, line 520]
Event: 7.268 Thread 0x000001f57f4bb4a0 Exception <a 'sun/nio/fs/WindowsException'{0x00000000d5603c18}> (0x00000000d5603c18) 
thrown [s\src\hotspot\share\prims\jni.cpp, line 520]
Event: 7.269 Thread 0x000001f57f4bb4a0 Exception <a 'sun/nio/fs/WindowsException'{0x00000000d5607590}> (0x00000000d5607590) 
thrown [s\src\hotspot\share\prims\jni.cpp, line 520]
Event: 7.269 Thread 0x000001f57f4bb4a0 Exception <a 'sun/nio/fs/WindowsException'{0x00000000d56079e0}> (0x00000000d56079e0) 
thrown [s\src\hotspot\share\prims\jni.cpp, line 520]
Event: 7.282 Thread 0x000001f57f4bb4a0 Exception <a 'sun/nio/fs/WindowsException'{0x00000000d57eba50}> (0x00000000d57eba50) 
thrown [s\src\hotspot\share\prims\jni.cpp, line 520]
Event: 7.282 Thread 0x000001f57f4bb4a0 Exception <a 'sun/nio/fs/WindowsException'{0x00000000d57ec510}> (0x00000000d57ec510) 
thrown [s\src\hotspot\share\prims\jni.cpp, line 520]
Event: 7.282 Thread 0x000001f57f4bb4a0 Exception <a 'sun/nio/fs/WindowsException'{0x00000000d57fd2e8}> (0x00000000d57fd2e8) 
thrown [s\src\hotspot\share\prims\jni.cpp, line 520]
Event: 7.282 Thread 0x000001f57f4bb4a0 Exception <a 'sun/nio/fs/WindowsException'{0x00000000d57fdc50}> (0x00000000d57fdc50) 
thrown [s\src\hotspot\share\prims\jni.cpp, line 520]
Event: 7.315 Thread 0x000001f57f4bb4a0 Exception <a 'java/lang/IncompatibleClassChangeError'{0x00000000d5ab89a0}: Found class java.lang.Object, but interface was expected> (0x00000000d5ab89a0) 
thrown [s\src\hotspot\share\interpreter\linkResolver.cpp, line 840]

ZGC Phase Switch (0 events):
No events

VM Operations (20 events):
Event: 31.488 Executing safepoint VM operation: Cleanup
Event: 31.488 Executing safepoint VM operation: Cleanup done
Event: 60.233 Executing non-safepoint VM operation: HandshakeAllThreads (HandshakeForDeflation)
Event: 60.233 Executing non-safepoint VM operation: HandshakeAllThreads (HandshakeForDeflation) done
Event: 60.233 Executing non-safepoint VM operation: RendezvousGCThreads
Event: 60.233 Executing non-safepoint VM operation: RendezvousGCThreads done
Event: 124.810 Executing safepoint VM operation: Cleanup
Event: 124.810 Executing safepoint VM operation: Cleanup done
Event: 304.107 Executing safepoint VM operation: Cleanup
Event: 304.107 Executing safepoint VM operation: Cleanup done
Event: 325.315 Executing safepoint VM operation: Cleanup
Event: 325.315 Executing safepoint VM operation: Cleanup done
Event: 331.380 Executing safepoint VM operation: Cleanup
Event: 331.380 Executing safepoint VM operation: Cleanup done
Event: 415.214 Executing safepoint VM operation: Cleanup
Event: 415.214 Executing safepoint VM operation: Cleanup done
Event: 421.112 Executing non-safepoint VM operation: HandshakeAllThreads (HandshakeForDeflation)
Event: 421.113 Executing non-safepoint VM operation: HandshakeAllThreads (HandshakeForDeflation) done
Event: 421.113 Executing non-safepoint VM operation: RendezvousGCThreads
Event: 421.113 Executing non-safepoint VM operation: RendezvousGCThreads done

Memory protections (0 events):
No events

Nmethod flushes (20 events):
Event: 4.668 Thread 0x000001f51f2b4200 flushing  nmethod 0x000001f522c59690
Event: 4.668 Thread 0x000001f51f2b4200 flushing  nmethod 0x000001f522c89210
Event: 4.668 Thread 0x000001f51f2b4200 flushing  nmethod 0x000001f522c90510
Event: 4.668 Thread 0x000001f51f2b4200 flushing osr nmethod 0x000001f522c91010
Event: 4.668 Thread 0x000001f51f2b4200 flushing  nmethod 0x000001f522ca6210
Event: 4.668 Thread 0x000001f51f2b4200 flushing  nmethod 0x000001f522cd8c10
Event: 4.668 Thread 0x000001f51f2b4200 flushing  nmethod 0x000001f522cda210
Event: 4.668 Thread 0x000001f51f2b4200 flushing  nmethod 0x000001f522cdab10
Event: 4.668 Thread 0x000001f51f2b4200 flushing  nmethod 0x000001f522cdbd10
Event: 4.668 Thread 0x000001f51f2b4200 flushing  nmethod 0x000001f522cdc510
Event: 4.668 Thread 0x000001f51f2b4200 flushing  nmethod 0x000001f522cde210
Event: 4.668 Thread 0x000001f51f2b4200 flushing  nmethod 0x000001f522cdf010
Event: 4.668 Thread 0x000001f51f2b4200 flushing  nmethod 0x000001f522ce0e90
Event: 4.668 Thread 0x000001f51f2b4200 flushing  nmethod 0x000001f522ce2910
Event: 4.668 Thread 0x000001f51f2b4200 flushing  nmethod 0x000001f522ce4390
Event: 4.668 Thread 0x000001f51f2b4200 flushing  nmethod 0x000001f522d26990
Event: 4.668 Thread 0x000001f51f2b4200 flushing  nmethod 0x000001f522d27910
Event: 4.668 Thread 0x000001f51f2b4200 flushing  nmethod 0x000001f522d2de10
Event: 4.668 Thread 0x000001f51f2b4200 flushing  nmethod 0x000001f522d34d10
Event: 4.668 Thread 0x000001f51f2b4200 flushing  nmethod 0x000001f522d64c90

Events (20 events):
Event: 4.706 Thread 0x000001f51f31c4e0 Thread added: 0x000001f57f4b6c70
Event: 4.707 Thread 0x000001f51f31c4e0 Thread added: 0x000001f57f4bb4a0
Event: 5.465 Thread 0x000001f57f93c4e0 Thread added: 0x000001f57f4bc1c0
Event: 7.247 Thread 0x000001f57f4bc1c0 Thread exited: 0x000001f57f4bc1c0
Event: 7.317 Thread 0x000001f57f4bb4a0 Thread added: 0x000001f57f4bc850
Event: 7.318 Thread 0x000001f57f4bb4a0 Thread added: 0x000001f57f4bae10
Event: 7.318 Thread 0x000001f57f4bae10 Thread added: 0x000001f57f4bbb30
Event: 7.330 Thread 0x000001f57f93e5b0 Thread added: 0x000001f57f4bc1c0
Event: 7.330 Thread 0x000001f57f4bc1c0 Thread added: 0x000001f57f4bcee0
Event: 8.117 Thread 0x000001f5781f3250 Thread exited: 0x000001f5781f3250
Event: 13.131 Thread 0x000001f5781f24b0 Thread exited: 0x000001f5781f24b0
Event: 30.651 Thread 0x000001f5781f1710 Thread added: 0x000001f5781f24b0
Event: 35.695 Thread 0x000001f5781f24b0 Thread exited: 0x000001f5781f24b0
Event: 67.324 Thread 0x000001f57f93d890 Thread exited: 0x000001f57f93d890
Event: 67.340 Thread 0x000001f57f93d200 Thread exited: 0x000001f57f93d200
Event: 67.340 Thread 0x000001f57f4bbb30 Thread exited: 0x000001f57f4bbb30
Event: 127.350 Thread 0x000001f57f4bc850 Thread exited: 0x000001f57f4bc850
Event: 187.358 Thread 0x000001f57f4bae10 Thread exited: 0x000001f57f4bae10
Event: 307.357 Thread 0x000001f57f4bcee0 Thread exited: 0x000001f57f4bcee0
Event: 607.369 Thread 0x000001f57f4bc1c0 Thread exited: 0x000001f57f4bc1c0


Dynamic libraries:
0x00007ff6330d0000 - 0x00007ff6330de000 	c:\Users\otuom\.antigravity-ide\extensions\redhat.java-1.56.0-win32-x64\jre\21.0.12.1-win32-x86_64\bin\java.exe
0x00007ffbfb800000 - 0x00007ffbfba67000 	C:\WINDOWS\SYSTEM32\ntdll.dll
0x00007ffbfabc0000 - 0x00007ffbfac8b000 	C:\WINDOWS\System32\KERNEL32.DLL
0x00007ffbf8b60000 - 0x00007ffbf8f62000 	C:\WINDOWS\System32\KERNELBASE.dll
0x00007ffbf8a00000 - 0x00007ffbf8b4c000 	C:\WINDOWS\System32\ucrtbase.dll
0x00007ffbf2d00000 - 0x00007ffbf2d18000 	c:\Users\otuom\.antigravity-ide\extensions\redhat.java-1.56.0-win32-x64\jre\21.0.12.1-win32-x86_64\bin\jli.dll
0x00007ffbede90000 - 0x00007ffbedeae000 	c:\Users\otuom\.antigravity-ide\extensions\redhat.java-1.56.0-win32-x64\jre\21.0.12.1-win32-x86_64\bin\VCRUNTIME140.dll
0x00007ffbfb450000 - 0x00007ffbfb61f000 	C:\WINDOWS\System32\USER32.dll
0x00007ffbf9100000 - 0x00007ffbf9127000 	C:\WINDOWS\System32\win32u.dll
0x00007ffbf96b0000 - 0x00007ffbf96db000 	C:\WINDOWS\System32\GDI32.dll
0x00007ffbdb730000 - 0x00007ffbdb9c0000 	C:\WINDOWS\WinSxS\amd64_microsoft.windows.common-controls_6595b64144ccf1df_6.0.26100.9278_none_3e0d1ba8e3303201\COMCTL32.dll
0x00007ffbf91f0000 - 0x00007ffbf9319000 	C:\WINDOWS\System32\gdi32full.dll
0x00007ffbf9470000 - 0x00007ffbf9513000 	C:\WINDOWS\System32\msvcp_win.dll
0x00007ffbfb630000 - 0x00007ffbfb6d9000 	C:\WINDOWS\System32\msvcrt.dll
0x00007ffbfab80000 - 0x00007ffbfabb1000 	C:\WINDOWS\System32\IMM32.DLL
0x00007ffbe3970000 - 0x00007ffbe397c000 	c:\Users\otuom\.antigravity-ide\extensions\redhat.java-1.56.0-win32-x64\jre\21.0.12.1-win32-x86_64\bin\vcruntime140_1.dll
0x00007ffbc72e0000 - 0x00007ffbc736d000 	c:\Users\otuom\.antigravity-ide\extensions\redhat.java-1.56.0-win32-x64\jre\21.0.12.1-win32-x86_64\bin\msvcp140.dll
0x00007ffba89d0000 - 0x00007ffba9772000 	c:\Users\otuom\.antigravity-ide\extensions\redhat.java-1.56.0-win32-x64\jre\21.0.12.1-win32-x86_64\bin\server\jvm.dll
0x00007ffbfb110000 - 0x00007ffbfb1cc000 	C:\WINDOWS\System32\ADVAPI32.dll
0x00007ffbf9b30000 - 0x00007ffbf9bd9000 	C:\WINDOWS\System32\sechost.dll
0x00007ffbfaa60000 - 0x00007ffbfab78000 	C:\WINDOWS\System32\RPCRT4.dll
0x00007ffbf9a90000 - 0x00007ffbf9b10000 	C:\WINDOWS\System32\WS2_32.dll
0x00007ffbf59c0000 - 0x00007ffbf59f6000 	C:\WINDOWS\SYSTEM32\WINMM.dll
0x00007ffbf8860000 - 0x00007ffbf88be000 	C:\WINDOWS\SYSTEM32\POWRPROF.dll
0x00007ffbede60000 - 0x00007ffbede6b000 	C:\WINDOWS\SYSTEM32\VERSION.dll
0x00007ffbf8840000 - 0x00007ffbf8855000 	C:\WINDOWS\SYSTEM32\UMPDC.dll
0x00007ffbf7690000 - 0x00007ffbf76ab000 	C:\WINDOWS\SYSTEM32\kernel.appcore.dll
0x00007ffbe3960000 - 0x00007ffbe396a000 	c:\Users\otuom\.antigravity-ide\extensions\redhat.java-1.56.0-win32-x64\jre\21.0.12.1-win32-x86_64\bin\jimage.dll
0x00007ffbf56f0000 - 0x00007ffbf593c000 	C:\WINDOWS\SYSTEM32\DBGHELP.DLL
0x00007ffbf96e0000 - 0x00007ffbf9a65000 	C:\WINDOWS\System32\combase.dll
0x00007ffbf9be0000 - 0x00007ffbf9cb9000 	C:\WINDOWS\System32\OLEAUT32.dll
0x00007ffbf5980000 - 0x00007ffbf59bb000 	C:\WINDOWS\SYSTEM32\dbgcore.DLL
0x00007ffbf9130000 - 0x00007ffbf91dc000 	C:\WINDOWS\System32\bcryptPrimitives.dll
0x00007ffbe3950000 - 0x00007ffbe395f000 	c:\Users\otuom\.antigravity-ide\extensions\redhat.java-1.56.0-win32-x64\jre\21.0.12.1-win32-x86_64\bin\instrument.dll
0x00007ffbe3930000 - 0x00007ffbe3950000 	c:\Users\otuom\.antigravity-ide\extensions\redhat.java-1.56.0-win32-x64\jre\21.0.12.1-win32-x86_64\bin\java.dll
0x00007ffbfa2c0000 - 0x00007ffbfaa58000 	C:\WINDOWS\System32\SHELL32.dll
0x00007ffbf6420000 - 0x00007ffbf6cce000 	C:\WINDOWS\SYSTEM32\windows.storage.dll
0x00007ffbfae30000 - 0x00007ffbfaf2b000 	C:\WINDOWS\System32\SHCORE.dll
0x00007ffbfa250000 - 0x00007ffbfa2b6000 	C:\WINDOWS\System32\shlwapi.dll
0x00007ffbf8920000 - 0x00007ffbf8949000 	C:\WINDOWS\SYSTEM32\profapi.dll
0x00007ffbe3250000 - 0x00007ffbe3268000 	c:\Users\otuom\.antigravity-ide\extensions\redhat.java-1.56.0-win32-x64\jre\21.0.12.1-win32-x86_64\bin\zip.dll
0x00007ffbe3920000 - 0x00007ffbe3930000 	C:\Users\otuom\.antigravity-ide\extensions\redhat.java-1.56.0-win32-x64\jre\21.0.12.1-win32-x86_64\bin\net.dll
0x00007ffbf15d0000 - 0x00007ffbf16fa000 	C:\WINDOWS\SYSTEM32\WINHTTP.dll
0x00007ffbf7c30000 - 0x00007ffbf7c9c000 	C:\WINDOWS\system32\mswsock.dll
0x00007ffbe3230000 - 0x00007ffbe3246000 	C:\Users\otuom\.antigravity-ide\extensions\redhat.java-1.56.0-win32-x64\jre\21.0.12.1-win32-x86_64\bin\nio.dll
0x00007ffbe3220000 - 0x00007ffbe3230000 	c:\Users\otuom\.antigravity-ide\extensions\redhat.java-1.56.0-win32-x64\jre\21.0.12.1-win32-x86_64\bin\verify.dll
0x00007ffbd3320000 - 0x00007ffbd3365000 	C:\Users\otuom\AppData\Roaming\Antigravity IDE\User\globalStorage\redhat.java\1.56.0\config_win\org.eclipse.equinox.launcher\org.eclipse.equinox.launcher.win32.win32.x86_64_1.3.100.v20260804-1928\eclipse_11924.dll
0x00007ffbfb1e0000 - 0x00007ffbfb37a000 	C:\WINDOWS\System32\ole32.dll
0x00007ffbf8050000 - 0x00007ffbf806b000 	C:\WINDOWS\SYSTEM32\CRYPTSP.dll
0x00007ffbf75f0000 - 0x00007ffbf7629000 	C:\WINDOWS\system32\rsaenh.dll
0x00007ffbf7ce0000 - 0x00007ffbf7d14000 	C:\WINDOWS\SYSTEM32\USERENV.dll
0x00007ffbf88f0000 - 0x00007ffbf891a000 	C:\WINDOWS\SYSTEM32\bcrypt.dll
0x00007ffbf7e90000 - 0x00007ffbf7e9c000 	C:\WINDOWS\SYSTEM32\CRYPTBASE.dll
0x00007ffbf70f0000 - 0x00007ffbf7123000 	C:\WINDOWS\SYSTEM32\IPHLPAPI.DLL
0x00007ffbfac90000 - 0x00007ffbfac9a000 	C:\WINDOWS\System32\NSI.dll
0x00007ffbc74d0000 - 0x00007ffbc7519000 	C:\Users\otuom\AppData\Local\Temp\jna-106082574\jna9942185997012256626.dll
0x00007ffbfaca0000 - 0x00007ffbfaca8000 	C:\WINDOWS\System32\PSAPI.DLL
0x00007ffbf1790000 - 0x00007ffbf17ad000 	C:\WINDOWS\SYSTEM32\dhcpcsvc6.DLL
0x00007ffbf1760000 - 0x00007ffbf1785000 	C:\WINDOWS\SYSTEM32\dhcpcsvc.DLL

JVMTI agents:
c:\Users\otuom\.antigravity-ide\extensions\redhat.java-1.56.0-win32-x64\lombok\lombok-1.18.39-4050.jar path:c:\Users\otuom\.antigravity-ide\extensions\redhat.java-1.56.0-win32-x64\jre\21.0.12.1-win32-x86_64\bin\instrument.dll, loaded, initialized, instrumentlib options:none

dbghelp: loaded successfully - version: 4.0.5 - missing functions: none
symbol engine: initialized successfully - sym options: 0x614 - pdb path: .;c:\Users\otuom\.antigravity-ide\extensions\redhat.java-1.56.0-win32-x64\jre\21.0.12.1-win32-x86_64\bin;C:\WINDOWS\SYSTEM32;C:\WINDOWS\WinSxS\amd64_microsoft.windows.common-controls_6595b64144ccf1df_6.0.26100.9278_none_3e0d1ba8e3303201;c:\Users\otuom\.antigravity-ide\extensions\redhat.java-1.56.0-win32-x64\jre\21.0.12.1-win32-x86_64\bin\server;C:\Users\otuom\AppData\Roaming\Antigravity IDE\User\globalStorage\redhat.java\1.56.0\config_win\org.eclipse.equinox.launcher\org.eclipse.equinox.launcher.win32.win32.x86_64_1.3.100.v20260804-1928;C:\Users\otuom\AppData\Local\Temp\jna-106082574

VM Arguments:
jvm_args: --add-modules=ALL-SYSTEM --add-opens=java.base/java.util=ALL-UNNAMED --add-opens=java.base/java.lang=ALL-UNNAMED --add-opens=java.base/sun.nio.fs=ALL-UNNAMED -Declipse.application=org.eclipse.jdt.ls.core.id1 -Dosgi.bundles.defaultStartLevel=4 -Declipse.product=org.eclipse.jdt.ls.core.product -Djava.import.generatesMetadataFilesAtProjectRoot=false -Dm2e.project.cache.size=50 -DDetectVMInstallationsJob.disabled=true -Dfile.encoding=utf8 -XX:+UseParallelGC -XX:GCTimeRatio=4 -XX:AdaptiveSizePolicyWeight=90 -Dsun.zip.disableMemoryMapping=true -Xmx2G -Xms100m -Xlog:disable -javaagent:c:\Users\otuom\.antigravity-ide\extensions\redhat.java-1.56.0-win32-x64\lombok\lombok-1.18.39-4050.jar -XX:+HeapDumpOnOutOfMemoryError -XX:HeapDumpPath=c:\Users\otuom\AppData\Roaming\Antigravity IDE\User\workspaceStorage\aa6dabc841f1b68b1111a0ad09e16a84\redhat.java -Daether.dependencyCollector.impl=bf 
java_command: c:\Users\otuom\.antigravity-ide\extensions\redhat.java-1.56.0-win32-x64\server\plugins\org.eclipse.equinox.launcher_1.8.0.v20260804-1928.jar -configuration c:\Users\otuom\AppData\Roaming\Antigravity IDE\User\globalStorage\redhat.java\1.56.0\config_win -data c:\Users\otuom\AppData\Roaming\Antigravity IDE\User\workspaceStorage\aa6dabc841f1b68b1111a0ad09e16a84\redhat.java\jdt_ws --pipe=\\.\pipe\lsp-26a15a4ab19b3278d63c9052be6d9919-sock
java_class_path (initial): c:\Users\otuom\.antigravity-ide\extensions\redhat.java-1.56.0-win32-x64\server\plugins\org.eclipse.equinox.launcher_1.8.0.v20260804-1928.jar
Launcher Type: SUN_STANDARD

[Global flags]
    uintx AdaptiveSizePolicyWeight                 = 90                                        {product} {command line}
     intx CICompilerCount                          = 12                                        {product} {ergonomic}
    uintx GCTimeRatio                              = 4                                         {product} {command line}
     bool HeapDumpOnOutOfMemoryError               = true                                   {manageable} {command line}
    ccstr HeapDumpPath                             = c:\Users\otuom\AppData\Roaming\Antigravity IDE\User\workspaceStorage\aa6dabc841f1b68b1111a0ad09e16a84\redhat.java         {manageable} {command line}
   size_t InitialHeapSize                          = 104857600                                 {product} {command line}
   size_t MaxHeapSize                              = 2147483648                                {product} {command line}
   size_t MaxNewSize                               = 715653120                                 {product} {ergonomic}
   size_t MinHeapDeltaBytes                        = 524288                                    {product} {ergonomic}
   size_t MinHeapSize                              = 104857600                                 {product} {command line}
   size_t NewSize                                  = 34603008                                  {product} {ergonomic}
    uintx NonNMethodCodeHeapSize                   = 7602480                                {pd product} {ergonomic}
    uintx NonProfiledCodeHeapSize                  = 122027880                              {pd product} {ergonomic}
   size_t OldSize                                  = 70254592                                  {product} {ergonomic}
    uintx ProfiledCodeHeapSize                     = 122027880                              {pd product} {ergonomic}
    uintx ReservedCodeCacheSize                    = 251658240                              {pd product} {ergonomic}
     bool SegmentedCodeCache                       = true                                      {product} {ergonomic}
   size_t SoftMaxHeapSize                          = 2147483648                             {manageable} {ergonomic}
     bool UseCompressedOops                        = true                           {product lp64_product} {ergonomic}
     bool UseLargePagesIndividualAllocation        = false                                  {pd product} {ergonomic}
     bool UseParallelGC                            = true                                      {product} {command line}

Logging:
Log output configuration:
 #0: stdout all=off uptime,level,tags foldmultilines=false
 #1: stderr all=off uptime,level,tags foldmultilines=false

Release file:
JAVA_VERSION="21.0.12.1" 
MODULES="java.base java.compiler java.datatransfer java.xml java.prefs java.desktop java.instrument java.logging java.management java.security.sasl java.naming java.rmi java.management.rmi java.net.http java.scripting java.security.jgss java.transaction.xa java.sql java.sql.rowset java.xml.crypto java.se java.smartcardio jdk.accessibility jdk.internal.jvmstat jdk.attach jdk.charsets jdk.internal.opt jdk.zipfs jdk.compiler jdk.crypto.ec jdk.crypto.cryptoki jdk.crypto.mscapi jdk.dynalink jdk.internal.ed jdk.editpad jdk.hotspot.agent jdk.httpserver jdk.internal.le jdk.internal.vm.ci jdk.internal.vm.compiler jdk.internal.vm.compiler.management jdk.jartool jdk.javadoc jdk.jcmd jdk.management jdk.management.agent jdk.jconsole jdk.jdeps jdk.jdwp.agent jdk.jdi jdk.jfr jdk.jshell jdk.jsobject jdk.jstatd jdk.localedata jdk.management.jfr jdk.naming.dns jdk.naming.rmi jdk.net jdk.nio.mapmode jdk.random jdk.sctp jdk.security.auth jdk.security.jgss jdk.unsupported jdk.unsupported.desktop jdk.xml.dom" 

Environment Variables:
JAVA_HOME=F:\software\jdk-17\
PATH=C:\Python314\Scripts\;C:\Python314\;C:\Python312\Scripts\;C:\Python312\;C:\WINDOWS\system32;C:\WINDOWS;C:\WINDOWS\System32\Wbem;C:\WINDOWS\System32\WindowsPowerShell\v1.0\;C:\WINDOWS\System32\OpenSSH\;C:\Program Files\Tailscale\;C:\Program Files\Git\cmd;C:\ProgramData\chocolatey\bin;C:\Program Files\Go\bin;C:\Program Files\Inkscape\bin;C:\Program Files\nodejs\;F:\software\jdk-17\bin;F:\software\maven-3.9\bin;C:\Python312\Scripts\;C:\Python312\;C:\WINDOWS\system32;C:\WINDOWS;C:\WINDOWS\System32\Wbem;C:\WINDOWS\System32\WindowsPowerShell\v1.0\;C:\WINDOWS\System32\OpenSSH\;C:\Program Files\Tailscale\;C:\Program Files\Git\cmd;C:\ProgramData\chocolatey\bin;C:\Program Files\nodejs\;C:\Program Files\Inkscape\bin;C:\Users\otuom\AppData\Local\Microsoft\WindowsApps;C:\Users\otuom\AppData\Local\Programs\Microsoft VS Code\bin;C:\Users\otuom\AppData\Local\Programs\Antigravity\bin;C:\Users\otuom\AppData\Local\Microsoft\WinGet\Packages\PHP.PHP.8.3_Microsoft.Winget.Source_8wekyb3d8bbwe;C:\Users\otuom\.local\bin;C:\Users\otuom\AppData\Roaming\npm;F:\software\jdk-17\bin;F:\software\maven-3.9\bin;C:\Users\otuom\AppData\Local\Programs\Antigravity IDE\bin
USERNAME=otuom
OS=Windows_NT
PROCESSOR_IDENTIFIER=Intel64 Family 6 Model 186 Stepping 2, GenuineIntel
TMP=C:\Users\otuom\AppData\Local\Temp
TEMP=C:\Users\otuom\AppData\Local\Temp




Periodic native trim disabled

---------------  S Y S T E M  ---------------

OS:
 Windows 11 , 64 bit Build 26100 (10.0.26100.9444)
OS uptime: 2 days 7:50 hours
Hyper-V role detected

CPU: total 20 (initial active 20) (10 cores per cpu, 2 threads per core) family 6 model 186 stepping 2 microcode 0x4121, cx8, cmov, fxsr, ht, mmx, 3dnowpref, sse, sse2, sse3, ssse3, sse4.1, sse4.2, popcnt, lzcnt, tsc, tscinvbit, avx, avx2, aes, erms, clmul, bmi1, bmi2, adx, sha, fma, vzeroupper, clflush, clflushopt, clwb, hv, serialize, rdtscp, rdpid, fsrm, f16c, cet_ibt, cet_ss
Processor Information for processor 0
  Max Mhz: 2400, Current Mhz: 2400, Mhz Limit: 2400
Processor Information for processor 1
  Max Mhz: 2400, Current Mhz: 2400, Mhz Limit: 2400
Processor Information for processor 2
  Max Mhz: 2400, Current Mhz: 1520, Mhz Limit: 2400
Processor Information for processor 3
  Max Mhz: 2400, Current Mhz: 2400, Mhz Limit: 2400
Processor Information for processor 4
  Max Mhz: 2400, Current Mhz: 2400, Mhz Limit: 2400
Processor Information for processor 5
  Max Mhz: 2400, Current Mhz: 2400, Mhz Limit: 2400
Processor Information for processor 6
  Max Mhz: 2400, Current Mhz: 2400, Mhz Limit: 2400
Processor Information for processor 7
  Max Mhz: 2400, Current Mhz: 2400, Mhz Limit: 2400
Processor Information for processor 8
  Max Mhz: 2400, Current Mhz: 2400, Mhz Limit: 2400
Processor Information for processor 9
  Max Mhz: 2400, Current Mhz: 1520, Mhz Limit: 2400
Processor Information for processor 10
  Max Mhz: 2400, Current Mhz: 2400, Mhz Limit: 2400
Processor Information for processor 11
  Max Mhz: 2400, Current Mhz: 2400, Mhz Limit: 2400
Processor Information for processor 12
  Max Mhz: 2400, Current Mhz: 1800, Mhz Limit: 1800
Processor Information for processor 13
  Max Mhz: 2400, Current Mhz: 1800, Mhz Limit: 1800
Processor Information for processor 14
  Max Mhz: 2400, Current Mhz: 1800, Mhz Limit: 1800
Processor Information for processor 15
  Max Mhz: 2400, Current Mhz: 1800, Mhz Limit: 1800
Processor Information for processor 16
  Max Mhz: 2400, Current Mhz: 1800, Mhz Limit: 1800
Processor Information for processor 17
  Max Mhz: 2400, Current Mhz: 1800, Mhz Limit: 1800
Processor Information for processor 18
  Max Mhz: 2400, Current Mhz: 1800, Mhz Limit: 1800
Processor Information for processor 19
  Max Mhz: 2400, Current Mhz: 1800, Mhz Limit: 1800

Memory: 4k page, system-wide physical 7709M (50M free)
TotalPageFile size 31261M (AvailPageFile size 2M)
current process WorkingSet (physical memory assigned to process): 11M, peak: 226M
current process commit charge ("private bytes"): 336M, peak: 361M

vm_info: OpenJDK 64-Bit Server VM (21.0.12.1+1-LTS) for windows-amd64 JRE (21.0.12.1+1-LTS), built on 2026-08-18T00:00:00Z by "admin" with MS VC++ 17.12 (VS2022)

END.
