#
# There is insufficient memory for the Java Runtime Environment to continue.
# Native memory allocation (malloc) failed to allocate 1430720 bytes. Error detail: Chunk::new
# Possible reasons:
#   The system is out of physical RAM or swap space
#   This process is running with CompressedOops enabled, and the Java Heap may be blocking the growth of the native heap
# Possible solutions:
#   Reduce memory load on the system
#   Increase physical memory or swap space
#   Check if swap backing store is full
#   Decrease Java heap size (-Xmx/-Xms)
#   Decrease number of Java threads
#   Decrease Java thread stack sizes (-Xss)
#   Set larger code cache with -XX:ReservedCodeCacheSize=
#   JVM is running with Unscaled Compressed Oops mode in which the Java heap is
#     placed in the first 4GB address space. The Java Heap base address is the
#     maximum limit for the native heap growth. Please use -XX:HeapBaseMinAddress
#     to set the Java Heap base and to place the Java Heap above 4GB virtual address.
# This output file may be truncated or incomplete.
#
#  Out of Memory Error (arena.cpp:168), pid=25956, tid=3732
#
# JRE version: OpenJDK Runtime Environment Temurin-21.0.12.1+1 (21.0.12.1+1) (build 21.0.12.1+1-LTS)
# Java VM: OpenJDK 64-Bit Server VM Temurin-21.0.12.1+1 (21.0.12.1+1-LTS, mixed mode, sharing, tiered, compressed oops, compressed class ptrs, parallel gc, windows-amd64)
# No core dump will be written. Minidumps are not enabled by default on client versions of Windows
#

---------------  S U M M A R Y ------------

Command Line: --add-modules=ALL-SYSTEM --add-opens=java.base/java.util=ALL-UNNAMED --add-opens=java.base/java.lang=ALL-UNNAMED --add-opens=java.base/sun.nio.fs=ALL-UNNAMED -Declipse.application=org.eclipse.jdt.ls.core.id1 -Dosgi.bundles.defaultStartLevel=4 -Declipse.product=org.eclipse.jdt.ls.core.product -Djava.import.generatesMetadataFilesAtProjectRoot=false -Dm2e.project.cache.size=50 -DDetectVMInstallationsJob.disabled=true -Dfile.encoding=utf8 -XX:+UseParallelGC -XX:GCTimeRatio=4 -XX:AdaptiveSizePolicyWeight=90 -Dsun.zip.disableMemoryMapping=true -Xmx2G -Xms100m -Xlog:disable -javaagent:c:\Users\otuom\.antigravity-ide\extensions\redhat.java-1.56.0-win32-x64\lombok\lombok-1.18.39-4050.jar -XX:+HeapDumpOnOutOfMemoryError -XX:HeapDumpPath=c:\Users\otuom\AppData\Roaming\Antigravity IDE\User\workspaceStorage\aa6dabc841f1b68b1111a0ad09e16a84\redhat.java -Daether.dependencyCollector.impl=bf c:\Users\otuom\.antigravity-ide\extensions\redhat.java-1.56.0-win32-x64\server\plugins\org.eclipse.equinox.launcher_1.8.0.v20260804-1928.jar -configuration c:\Users\otuom\AppData\Roaming\Antigravity IDE\User\globalStorage\redhat.java\1.56.0\config_win -data c:\Users\otuom\AppData\Roaming\Antigravity IDE\User\workspaceStorage\aa6dabc841f1b68b1111a0ad09e16a84\redhat.java\jdt_ws --pipe=\\.\pipe\lsp-8fe76d357a201fb61220d03aebe85543-sock

Host: 13th Gen Intel(R) Core(TM) i7-13700H, 20 cores, 7G,  Windows 11 , 64 bit Build 26100 (10.0.26100.9444)
Time: Sun Sep 20 02:00:21 2026 E. Africa Standard Time elapsed time: 6.715925 seconds (0d 0h 0m 6s)

---------------  T H R E A D  ---------------

Current thread (0x000001b498f10a40):  JavaThread "C2 CompilerThread0" daemon [_thread_in_native, id=3732, stack(0x000000ad3c400000,0x000000ad3c500000) (1024K)]


Current CompileTask:
C2:6715 7002       4       org.eclipse.osgi.internal.loader.BundleLoader::addExportedProvidersFor (167 bytes)

Stack: [0x000000ad3c400000,0x000000ad3c500000]
Native frames: (J=compiled Java code, j=interpreted, Vv=VM code, C=native code)
V  [jvm.dll+0x6d83e9]
V  [jvm.dll+0x8b5736]
V  [jvm.dll+0x8b7cee]
V  [jvm.dll+0x8b83d3]
V  [jvm.dll+0x284596]
V  [jvm.dll+0xc685d]
V  [jvm.dll+0xc6da1]
V  [jvm.dll+0x3bf18b]
V  [jvm.dll+0x1e3f42]
V  [jvm.dll+0x24c853]
V  [jvm.dll+0x24bce0]
V  [jvm.dll+0x1cb4ae]
V  [jvm.dll+0x25baad]
V  [jvm.dll+0x25a03a]
V  [jvm.dll+0x3f8aae]
V  [jvm.dll+0x8600cd]
V  [jvm.dll+0x6d6c1d]
C  [ucrtbase.dll+0x2cd30]
C  [KERNEL32.DLL+0x2cd87]
C  [ntdll.dll+0xacaec]


---------------  P R O C E S S  ---------------

Threads class SMR info:
_java_thread_list=0x000001b4fa7350c0, length=56, elements={
0x000001b498e5bb20, 0x000001b498f04b50, 0x000001b498e0d010, 0x000001b498f06cd0,
0x000001b498f08870, 0x000001b498f0c650, 0x000001b498f0e570, 0x000001b498f10a40,
0x000001b498f1b630, 0x000001b4f1d5bbd0, 0x000001b4f1efe510, 0x000001b4f1f4e130,
0x000001b4f1f94030, 0x000001b4f83ae550, 0x000001b4f829ca50, 0x000001b4f8a552a0,
0x000001b4f8702ad0, 0x000001b4f8fcf5d0, 0x000001b4f988e930, 0x000001b4f9204ff0,
0x000001b4f9202890, 0x000001b4f9202f20, 0x000001b4f92042d0, 0x000001b4f9204960,
0x000001b4f9203c40, 0x000001b4f9201b70, 0x000001b4f9202200, 0x000001b4f98219a0,
0x000001b4f9821310, 0x000001b4f981f240, 0x000001b4f981ff60, 0x000001b4f981f8d0,
0x000001b4f9822030, 0x000001b4f9820c80, 0x000001b4f98205f0, 0x000001b4f981ebb0,
0x000001b4fa48bc50, 0x000001b4fa48a210, 0x000001b4fa4894f0, 0x000001b4fa48af30,
0x000001b4fa48c2e0, 0x000001b4fa489b80, 0x000001b4fa48b5c0, 0x000001b4fa48dd20,
0x000001b4fa48c970, 0x000001b4fa48a8a0, 0x000001b4fa490480, 0x000001b4fa48f0d0,
0x000001b4fa48d000, 0x000001b4fa48e3b0, 0x000001b4fa48d690, 0x000001b4fa48ea40,
0x000001b4fa490b10, 0x000001b4fa48fdf0, 0x000001b4f9009100, 0x000001b4f9009790
}

Java Threads: ( => current thread )
  0x000001b498e5bb20 JavaThread "main"                              [_thread_blocked, id=23452, stack(0x000000ad3ba00000,0x000000ad3bb00000) (1024K)]
  0x000001b498f04b50 JavaThread "Reference Handler"          daemon [_thread_blocked, id=20840, stack(0x000000ad3be00000,0x000000ad3bf00000) (1024K)]
  0x000001b498e0d010 JavaThread "Finalizer"                  daemon [_thread_blocked, id=23816, stack(0x000000ad3bf00000,0x000000ad3c000000) (1024K)]
  0x000001b498f06cd0 JavaThread "Signal Dispatcher"          daemon [_thread_blocked, id=22640, stack(0x000000ad3c000000,0x000000ad3c100000) (1024K)]
  0x000001b498f08870 JavaThread "Attach Listener"            daemon [_thread_blocked, id=25260, stack(0x000000ad3c100000,0x000000ad3c200000) (1024K)]
  0x000001b498f0c650 JavaThread "Service Thread"             daemon [_thread_blocked, id=7500, stack(0x000000ad3c200000,0x000000ad3c300000) (1024K)]
  0x000001b498f0e570 JavaThread "Monitor Deflation Thread"   daemon [_thread_blocked, id=20540, stack(0x000000ad3c300000,0x000000ad3c400000) (1024K)]
=>0x000001b498f10a40 JavaThread "C2 CompilerThread0"         daemon [_thread_in_native, id=3732, stack(0x000000ad3c400000,0x000000ad3c500000) (1024K)]
  0x000001b498f1b630 JavaThread "C1 CompilerThread0"         daemon [_thread_blocked, id=24056, stack(0x000000ad3c500000,0x000000ad3c600000) (1024K)]
  0x000001b4f1d5bbd0 JavaThread "C1 CompilerThread1"         daemon [_thread_blocked, id=21924, stack(0x000000ad3c600000,0x000000ad3c700000) (1024K)]
  0x000001b4f1efe510 JavaThread "Common-Cleaner"             daemon [_thread_blocked, id=9328, stack(0x000000ad3c700000,0x000000ad3c800000) (1024K)]
  0x000001b4f1f4e130 JavaThread "C1 CompilerThread2"         daemon [_thread_blocked, id=24268, stack(0x000000ad3c800000,0x000000ad3c900000) (1024K)]
  0x000001b4f1f94030 JavaThread "Notification Thread"        daemon [_thread_blocked, id=25232, stack(0x000000ad3c900000,0x000000ad3ca00000) (1024K)]
  0x000001b4f83ae550 JavaThread "Active Thread: Equinox Container: ffb2bf77-eac0-47df-adab-c5eeb5e31be7"        [_thread_blocked, id=25528, stack(0x000000ad3d000000,0x000000ad3d100000) (1024K)]
  0x000001b4f829ca50 JavaThread "Refresh Thread: Equinox Container: ffb2bf77-eac0-47df-adab-c5eeb5e31be7" daemon [_thread_blocked, id=26464, stack(0x000000ad3d200000,0x000000ad3d300000) (1024K)]
  0x000001b4f8a552a0 JavaThread "Framework Event Dispatcher: Equinox Container: ffb2bf77-eac0-47df-adab-c5eeb5e31be7" daemon [_thread_blocked, id=14896, stack(0x000000ad3d300000,0x000000ad3d400000) (1024K)]
  0x000001b4f8702ad0 JavaThread "Start Level: Equinox Container: ffb2bf77-eac0-47df-adab-c5eeb5e31be7" daemon [_thread_blocked, id=15816, stack(0x000000ad3d400000,0x000000ad3d500000) (1024K)]
  0x000001b4f8fcf5d0 JavaThread "Bundle File Closer"         daemon [_thread_blocked, id=21548, stack(0x000000ad3d800000,0x000000ad3d900000) (1024K)]
  0x000001b4f988e930 JavaThread "SCR Component Actor"        daemon [_thread_blocked, id=25040, stack(0x000000ad3d900000,0x000000ad3da00000) (1024K)]
  0x000001b4f9204ff0 JavaThread "Worker-JM"                         [_thread_blocked, id=22092, stack(0x000000ad3da00000,0x000000ad3db00000) (1024K)]
  0x000001b4f9202890 JavaThread "JNA Cleaner"                daemon [_thread_blocked, id=1572, stack(0x000000ad3de00000,0x000000ad3df00000) (1024K)]
  0x000001b4f9202f20 JavaThread "Worker-0"                          [_thread_blocked, id=20580, stack(0x000000ad3df00000,0x000000ad3e000000) (1024K)]
  0x000001b4f92042d0 JavaThread "Worker-1"                          [_thread_blocked, id=3912, stack(0x000000ad3e000000,0x000000ad3e100000) (1024K)]
  0x000001b4f9204960 JavaThread "Worker-2"                          [_thread_blocked, id=22376, stack(0x000000ad3e200000,0x000000ad3e300000) (1024K)]
  0x000001b4f9203c40 JavaThread "Java indexing"              daemon [_thread_blocked, id=22736, stack(0x000000ad3e300000,0x000000ad3e400000) (1024K)]
  0x000001b4f9201b70 JavaThread "Worker-3"                          [_thread_blocked, id=10344, stack(0x000000ad3e700000,0x000000ad3e800000) (1024K)]
  0x000001b4f9202200 JavaThread "Thread-1"                   daemon [_thread_in_native, id=25512, stack(0x000000ad3e800000,0x000000ad3e900000) (1024K)]
  0x000001b4f98219a0 JavaThread "Thread-2"                   daemon [_thread_in_native, id=23076, stack(0x000000ad3e900000,0x000000ad3ea00000) (1024K)]
  0x000001b4f9821310 JavaThread "Thread-3"                   daemon [_thread_in_native, id=24556, stack(0x000000ad3ea00000,0x000000ad3eb00000) (1024K)]
  0x000001b4f981f240 JavaThread "Thread-4"                   daemon [_thread_in_native, id=12964, stack(0x000000ad3eb00000,0x000000ad3ec00000) (1024K)]
  0x000001b4f981ff60 JavaThread "Thread-5"                   daemon [_thread_in_native, id=23044, stack(0x000000ad3ec00000,0x000000ad3ed00000) (1024K)]
  0x000001b4f981f8d0 JavaThread "Thread-6"                   daemon [_thread_in_native, id=25568, stack(0x000000ad3ed00000,0x000000ad3ee00000) (1024K)]
  0x000001b4f9822030 JavaThread "Thread-7"                   daemon [_thread_in_native, id=18228, stack(0x000000ad3ee00000,0x000000ad3ef00000) (1024K)]
  0x000001b4f9820c80 JavaThread "Thread-8"                   daemon [_thread_in_native, id=20192, stack(0x000000ad3ef00000,0x000000ad3f000000) (1024K)]
  0x000001b4f98205f0 JavaThread "Thread-9"                   daemon [_thread_in_native, id=2952, stack(0x000000ad3f000000,0x000000ad3f100000) (1024K)]
  0x000001b4f981ebb0 JavaThread "Thread-10"                  daemon [_thread_in_native, id=22452, stack(0x000000ad3f100000,0x000000ad3f200000) (1024K)]
  0x000001b4fa48bc50 JavaThread "Thread-11"                  daemon [_thread_in_native, id=21584, stack(0x000000ad3f200000,0x000000ad3f300000) (1024K)]
  0x000001b4fa48a210 JavaThread "Thread-12"                  daemon [_thread_in_native, id=25892, stack(0x000000ad3f300000,0x000000ad3f400000) (1024K)]
  0x000001b4fa4894f0 JavaThread "Thread-13"                  daemon [_thread_in_native, id=5092, stack(0x000000ad3f400000,0x000000ad3f500000) (1024K)]
  0x000001b4fa48af30 JavaThread "Thread-14"                  daemon [_thread_in_native, id=3492, stack(0x000000ad3f500000,0x000000ad3f600000) (1024K)]
  0x000001b4fa48c2e0 JavaThread "Thread-15"                  daemon [_thread_in_native, id=17636, stack(0x000000ad3f600000,0x000000ad3f700000) (1024K)]
  0x000001b4fa489b80 JavaThread "Thread-16"                  daemon [_thread_in_native, id=23704, stack(0x000000ad3f700000,0x000000ad3f800000) (1024K)]
  0x000001b4fa48b5c0 JavaThread "Thread-17"                  daemon [_thread_in_native, id=23556, stack(0x000000ad3f800000,0x000000ad3f900000) (1024K)]
  0x000001b4fa48dd20 JavaThread "Thread-18"                  daemon [_thread_in_native, id=14256, stack(0x000000ad3f900000,0x000000ad3fa00000) (1024K)]
  0x000001b4fa48c970 JavaThread "Thread-19"                  daemon [_thread_in_native, id=21220, stack(0x000000ad3fa00000,0x000000ad3fb00000) (1024K)]
  0x000001b4fa48a8a0 JavaThread "Thread-20"                  daemon [_thread_in_native, id=19296, stack(0x000000ad3fb00000,0x000000ad3fc00000) (1024K)]
  0x000001b4fa490480 JavaThread "Thread-21"                  daemon [_thread_in_native, id=3712, stack(0x000000ad3fc00000,0x000000ad3fd00000) (1024K)]
  0x000001b4fa48f0d0 JavaThread "pool-2-thread-1"                   [_thread_blocked, id=8348, stack(0x000000ad3fd00000,0x000000ad3fe00000) (1024K)]
  0x000001b4fa48d000 JavaThread "WorkspaceEventsHandler"            [_thread_blocked, id=22576, stack(0x000000ad3fe00000,0x000000ad3ff00000) (1024K)]
  0x000001b4fa48e3b0 JavaThread "pool-1-thread-1"                   [_thread_blocked, id=4352, stack(0x000000ad3ff00000,0x000000ad40000000) (1024K)]
  0x000001b4fa48d690 JavaThread "Worker-4"                          [_thread_blocked, id=23972, stack(0x000000ad40000000,0x000000ad40100000) (1024K)]
  0x000001b4fa48ea40 JavaThread "PatternSearchJob-worker-1"  daemon [_thread_blocked, id=17504, stack(0x000000ad40100000,0x000000ad40200000) (1024K)]
  0x000001b4fa490b10 JavaThread "PatternSearchJob-worker-2"  daemon [_thread_blocked, id=9200, stack(0x000000ad40200000,0x000000ad40300000) (1024K)]
  0x000001b4fa48fdf0 JavaThread "ForkJoinPool.commonPool-worker-1" daemon [_thread_blocked, id=7688, stack(0x000000ad40300000,0x000000ad40400000) (1024K)]
  0x000001b4f9009100 JavaThread "ForkJoinPool.commonPool-worker-2" daemon [_thread_blocked, id=16012, stack(0x000000ad40400000,0x000000ad40500000) (1024K)]
  0x000001b4f9009790 JavaThread "ForkJoinPool.commonPool-worker-3" daemon [_thread_blocked, id=24212, stack(0x000000ad40500000,0x000000ad40600000) (1024K)]
Total: 56

Other Threads:
  0x000001b498effab0 VMThread "VM Thread"                           [id=20044, stack(0x000000ad3bd00000,0x000000ad3be00000) (1024K)]
  0x000001b498ceca00 WatcherThread "VM Periodic Task Thread"        [id=21536, stack(0x000000ad3bc00000,0x000000ad3bd00000) (1024K)]
  0x000001b498e7b110 WorkerThread "GC Thread#0"                     [id=24676, stack(0x000000ad3bb00000,0x000000ad3bc00000) (1024K)]
  0x000001b4f84aca50 WorkerThread "GC Thread#1"                     [id=8628, stack(0x000000ad3ca00000,0x000000ad3cb00000) (1024K)]
  0x000001b4f8132380 WorkerThread "GC Thread#2"                     [id=12184, stack(0x000000ad3cb00000,0x000000ad3cc00000) (1024K)]
  0x000001b4f80ad7e0 WorkerThread "GC Thread#3"                     [id=18712, stack(0x000000ad3cc00000,0x000000ad3cd00000) (1024K)]
  0x000001b4f80adb90 WorkerThread "GC Thread#4"                     [id=3164, stack(0x000000ad3cd00000,0x000000ad3ce00000) (1024K)]
  0x000001b4f80adf40 WorkerThread "GC Thread#5"                     [id=3360, stack(0x000000ad3ce00000,0x000000ad3cf00000) (1024K)]
  0x000001b4f80ae2f0 WorkerThread "GC Thread#6"                     [id=7416, stack(0x000000ad3cf00000,0x000000ad3d000000) (1024K)]
  0x000001b4f84047a0 WorkerThread "GC Thread#7"                     [id=20888, stack(0x000000ad3d100000,0x000000ad3d200000) (1024K)]
  0x000001b4f8f69040 WorkerThread "GC Thread#8"                     [id=3600, stack(0x000000ad3d500000,0x000000ad3d600000) (1024K)]
  0x000001b4f8f693f0 WorkerThread "GC Thread#9"                     [id=12724, stack(0x000000ad3d600000,0x000000ad3d700000) (1024K)]
  0x000001b4f8f697a0 WorkerThread "GC Thread#10"                    [id=21576, stack(0x000000ad3d700000,0x000000ad3d800000) (1024K)]
  0x000001b4f978a8a0 WorkerThread "GC Thread#11"                    [id=17768, stack(0x000000ad3db00000,0x000000ad3dc00000) (1024K)]
  0x000001b4f978f640 WorkerThread "GC Thread#12"                    [id=25236, stack(0x000000ad3dc00000,0x000000ad3dd00000) (1024K)]
  0x000001b4f94efe30 WorkerThread "GC Thread#13"                    [id=23696, stack(0x000000ad3dd00000,0x000000ad3de00000) (1024K)]
  0x000001b4f96f49d0 WorkerThread "GC Thread#14"                    [id=17328, stack(0x000000ad3e100000,0x000000ad3e200000) (1024K)]
Total: 17

Threads with active compile tasks:
C2 CompilerThread0  6727 7002       4       org.eclipse.osgi.internal.loader.BundleLoader::addExportedProvidersFor (167 bytes)
Total: 1

VM state: not at safepoint (normal execution)

VM Mutex/Monitor currently owned by a thread: None

Heap address: 0x0000000080000000, size: 2048 MB, Compressed Oops mode: 32-bit

CDS archive(s) mapped at: [0x000001b4b0000000-0x000001b4b0ba0000-0x000001b4b0ba0000), size 12189696, SharedBaseAddress: 0x000001b4b0000000, ArchiveRelocationMode: 1.
Compressed class space mapped at: 0x000001b4b1000000-0x000001b4f1000000, reserved size: 1073741824
Narrow klass base: 0x000001b4b0000000, Narrow klass shift: 0, Narrow klass range: 0x100000000

GC Precious Log:
 CardTable entry size: 512
 CPUs: 20 total, 20 available
 Memory: 7709M
 Large Page Support: Disabled
 NUMA Support: Disabled
 Compressed Oops: Enabled (32-bit)
 Alignments: Space 512K, Generation 512K, Heap 2M
 Heap Min Capacity: 100M
 Heap Initial Capacity: 100M
 Heap Max Capacity: 2G
 Pre-touch: Disabled
 Parallel Workers: 15

Heap:
 PSYoungGen      total 22528K, used 7180K [0x00000000d5580000, 0x00000000d6d80000, 0x0000000100000000)
  eden space 22016K, 30% used [0x00000000d5580000,0x00000000d5c03120,0x00000000d6b00000)
  from space 512K, 100% used [0x00000000d6d00000,0x00000000d6d80000,0x00000000d6d80000)
  to   space 1024K, 0% used [0x00000000d6b80000,0x00000000d6b80000,0x00000000d6c80000)
 ParOldGen       total 68608K, used 25150K [0x0000000080000000, 0x0000000084300000, 0x00000000d5580000)
  object space 68608K, 36% used [0x0000000080000000,0x000000008188f840,0x0000000084300000)
 Metaspace       used 47410K, committed 48576K, reserved 1114112K
  class space    used 5150K, committed 5632K, reserved 1048576K

Card table byte_map: [0x000001b498800000,0x000001b498c10000] _byte_map_base: 0x000001b498400000

Marking Bits: (ParMarkBitMap*) 0x00007ffba96944a0
 Begin Bits: [0x000001b4ab310000, 0x000001b4ad310000)
 End Bits:   [0x000001b4ad310000, 0x000001b4af310000)

Polling page: 0x000001b496c00000

Metaspace:

Usage:
  Non-class:     41.27 MB used.
      Class:      5.03 MB used.
       Both:     46.30 MB used.

Virtual space:
  Non-class space:       64.00 MB reserved,      41.94 MB ( 66%) committed,  1 nodes.
      Class space:        1.00 GB reserved,       5.50 MB ( <1%) committed,  1 nodes.
             Both:        1.06 GB reserved,      47.44 MB (  4%) committed. 

Chunk freelists:
   Non-Class:  5.86 MB
       Class:  10.48 MB
        Both:  16.34 MB

MaxMetaspaceSize: unlimited
CompressedClassSpaceSize: 1.00 GB
Initial GC threshold: 21.00 MB
Current GC threshold: 58.38 MB
CDS: on
 - commit_granule_bytes: 65536.
 - commit_granule_words: 8192.
 - virtual_space_node_default_size: 8388608.
 - enlarge_chunks_in_place: 1.
 - use_allocation_guard: 0.


Internal statistics:

num_allocs_failed_limit: 6.
num_arena_births: 800.
num_arena_deaths: 14.
num_vsnodes_births: 2.
num_vsnodes_deaths: 0.
num_space_committed: 759.
num_space_uncommitted: 0.
num_chunks_returned_to_freelist: 20.
num_chunks_taken_from_freelist: 2853.
num_chunk_merges: 11.
num_chunk_splits: 1820.
num_chunks_enlarged: 1130.
num_inconsistent_stats: 0.

CodeHeap 'non-profiled nmethods': size=119168Kb used=2745Kb max_used=2745Kb free=116422Kb
 bounds [0x000001b4a3c00000, 0x000001b4a3eb0000, 0x000001b4ab060000]
CodeHeap 'profiled nmethods': size=119104Kb used=13206Kb max_used=13206Kb free=105897Kb
 bounds [0x000001b49c060000, 0x000001b49cd50000, 0x000001b4a34b0000]
CodeHeap 'non-nmethods': size=7488Kb used=2492Kb max_used=2542Kb free=4995Kb
 bounds [0x000001b4a34b0000, 0x000001b4a3740000, 0x000001b4a3c00000]
CodeCache: size=245760Kb, used=18443Kb, max_used=18493Kb, free=227314Kb
 total_blobs=7166, nmethods=6498, adapters=572, full_count=0
Compilation: enabled, stopped_count=0, restarted_count=0

Compilation events (20 events):
Event: 6.554 Thread 0x000001b4f1d5bbd0 7022       3       com.google.gson.stream.JsonWriter::push (47 bytes)
Event: 6.554 Thread 0x000001b4f1d5bbd0 nmethod 7022 0x000001b49cd3cc10 code [0x000001b49cd3cdc0, 0x000001b49cd3cfa0]
Event: 6.555 Thread 0x000001b4f1f4e130 7025   !   3       com.google.gson.internal.bind.ReflectiveTypeAdapterFactory$2::write (140 bytes)
Event: 6.555 Thread 0x000001b4f1d5bbd0 7026       1       java.nio.DirectByteBuffer::isReadOnly (2 bytes)
Event: 6.555 Thread 0x000001b4f1d5bbd0 nmethod 7026 0x000001b4a3eade10 code [0x000001b4a3eadfa0, 0x000001b4a3eae068]
Event: 6.556 Thread 0x000001b498f1b630 7029       3       org.eclipse.core.internal.registry.RegistryObjectManager::getContributors (47 bytes)
Event: 6.556 Thread 0x000001b4f1d5bbd0 7030   !   3       org.eclipse.jdt.ls.core.internal.CancellableProgressMonitor::isCanceled (33 bytes)
Event: 6.556 Thread 0x000001b498f1b630 nmethod 7029 0x000001b49cd3d110 code [0x000001b49cd3d2e0, 0x000001b49cd3d6c0]
Event: 6.556 Thread 0x000001b4f1d5bbd0 nmethod 7030 0x000001b49cd3d890 code [0x000001b49cd3daa0, 0x000001b49cd3e2b0]
Event: 6.556 Thread 0x000001b4f1f4e130 nmethod 7025 0x000001b49cd3e610 code [0x000001b49cd3ea00, 0x000001b49cd40010]
Event: 6.563 Thread 0x000001b4f1f4e130 7031       3       org.eclipse.jdt.core.compiler.CharOperation::prefixEquals (36 bytes)
Event: 6.564 Thread 0x000001b4f1f4e130 nmethod 7031 0x000001b49cd40990 code [0x000001b49cd40b60, 0x000001b49cd40e10]
Event: 6.564 Thread 0x000001b4f1f4e130 7032 %     3       org.eclipse.jdt.internal.core.index.DiskIndex::addQueryResults @ 361 (727 bytes)
Event: 6.566 Thread 0x000001b4f1f4e130 nmethod 7032% 0x000001b49cd40f90 code [0x000001b49cd41360, 0x000001b49cd431d0]
Event: 6.568 Thread 0x000001b4f1f4e130 7033 %     3       org.eclipse.jdt.internal.core.index.DiskIndex::readStreamChars @ 130 (529 bytes)
Event: 6.569 Thread 0x000001b4f1f4e130 nmethod 7033% 0x000001b49cd44010 code [0x000001b49cd442c0, 0x000001b49cd45390]
Event: 6.570 Thread 0x000001b4f1d5bbd0 7035       1       com.google.gson.stream.JsonWriter::isHtmlSafe (5 bytes)
Event: 6.570 Thread 0x000001b4f1f4e130 7036       1       com.google.gson.stream.JsonWriter::getSerializeNulls (5 bytes)
Event: 6.570 Thread 0x000001b4f1d5bbd0 nmethod 7035 0x000001b4a3eae110 code [0x000001b4a3eae2a0, 0x000001b4a3eae370]
Event: 6.570 Thread 0x000001b4f1f4e130 nmethod 7036 0x000001b4a3eae410 code [0x000001b4a3eae5a0, 0x000001b4a3eae670]

GC Heap History (20 events):
Event: 4.871 GC heap before
{Heap before GC invocations=19 (full 2):
 PSYoungGen      total 23040K, used 22880K [0x00000000d5580000, 0x00000000d6f80000, 0x0000000100000000)
  eden space 22016K, 100% used [0x00000000d5580000,0x00000000d6b00000,0x00000000d6b00000)
  from space 1024K, 84% used [0x00000000d6e80000,0x00000000d6f58000,0x00000000d6f80000)
  to   space 1536K, 0% used [0x00000000d6c80000,0x00000000d6c80000,0x00000000d6e00000)
 ParOldGen       total 68608K, used 20890K [0x0000000080000000, 0x0000000084300000, 0x00000000d5580000)
  object space 68608K, 30% used [0x0000000080000000,0x0000000081466b60,0x0000000084300000)
 Metaspace       used 40847K, committed 41984K, reserved 1114112K
  class space    used 4353K, committed 4800K, reserved 1048576K
}
Event: 4.873 GC heap after
{Heap after GC invocations=19 (full 2):
 PSYoungGen      total 23552K, used 1120K [0x00000000d5580000, 0x00000000d6f00000, 0x0000000100000000)
  eden space 22016K, 0% used [0x00000000d5580000,0x00000000d5580000,0x00000000d6b00000)
  from space 1536K, 72% used [0x00000000d6c80000,0x00000000d6d98000,0x00000000d6e00000)
  to   space 1024K, 0% used [0x00000000d6e00000,0x00000000d6e00000,0x00000000d6f00000)
 ParOldGen       total 68608K, used 21362K [0x0000000080000000, 0x0000000084300000, 0x00000000d5580000)
  object space 68608K, 31% used [0x0000000080000000,0x00000000814dcb60,0x0000000084300000)
 Metaspace       used 40847K, committed 41984K, reserved 1114112K
  class space    used 4353K, committed 4800K, reserved 1048576K
}
Event: 5.121 GC heap before
{Heap before GC invocations=20 (full 2):
 PSYoungGen      total 23552K, used 23136K [0x00000000d5580000, 0x00000000d6f00000, 0x0000000100000000)
  eden space 22016K, 100% used [0x00000000d5580000,0x00000000d6b00000,0x00000000d6b00000)
  from space 1536K, 72% used [0x00000000d6c80000,0x00000000d6d98000,0x00000000d6e00000)
  to   space 1024K, 0% used [0x00000000d6e00000,0x00000000d6e00000,0x00000000d6f00000)
 ParOldGen       total 68608K, used 21362K [0x0000000080000000, 0x0000000084300000, 0x00000000d5580000)
  object space 68608K, 31% used [0x0000000080000000,0x00000000814dcb60,0x0000000084300000)
 Metaspace       used 43462K, committed 44544K, reserved 1114112K
  class space    used 4705K, committed 5184K, reserved 1048576K
}
Event: 5.123 GC heap after
{Heap after GC invocations=20 (full 2):
 PSYoungGen      total 23040K, used 1017K [0x00000000d5580000, 0x00000000d7000000, 0x0000000100000000)
  eden space 22016K, 0% used [0x00000000d5580000,0x00000000d5580000,0x00000000d6b00000)
  from space 1024K, 99% used [0x00000000d6e00000,0x00000000d6efe738,0x00000000d6f00000)
  to   space 2560K, 0% used [0x00000000d6b00000,0x00000000d6b00000,0x00000000d6d80000)
 ParOldGen       total 68608K, used 22506K [0x0000000080000000, 0x0000000084300000, 0x00000000d5580000)
  object space 68608K, 32% used [0x0000000080000000,0x00000000815fa880,0x0000000084300000)
 Metaspace       used 43462K, committed 44544K, reserved 1114112K
  class space    used 4705K, committed 5184K, reserved 1048576K
}
Event: 5.370 GC heap before
{Heap before GC invocations=21 (full 2):
 PSYoungGen      total 23040K, used 23033K [0x00000000d5580000, 0x00000000d7000000, 0x0000000100000000)
  eden space 22016K, 99% used [0x00000000d5580000,0x00000000d6afff30,0x00000000d6b00000)
  from space 1024K, 99% used [0x00000000d6e00000,0x00000000d6efe738,0x00000000d6f00000)
  to   space 2560K, 0% used [0x00000000d6b00000,0x00000000d6b00000,0x00000000d6d80000)
 ParOldGen       total 68608K, used 22506K [0x0000000080000000, 0x0000000084300000, 0x00000000d5580000)
  object space 68608K, 32% used [0x0000000080000000,0x00000000815fa880,0x0000000084300000)
 Metaspace       used 45585K, committed 46720K, reserved 1114112K
  class space    used 4953K, committed 5440K, reserved 1048576K
}
Event: 5.372 GC heap after
{Heap after GC invocations=21 (full 2):
 PSYoungGen      total 23552K, used 1200K [0x00000000d5580000, 0x00000000d6f00000, 0x0000000100000000)
  eden space 22016K, 0% used [0x00000000d5580000,0x00000000d5580000,0x00000000d6b00000)
  from space 1536K, 78% used [0x00000000d6b00000,0x00000000d6c2c010,0x00000000d6c80000)
  to   space 2048K, 0% used [0x00000000d6d00000,0x00000000d6d00000,0x00000000d6f00000)
 ParOldGen       total 68608K, used 23454K [0x0000000080000000, 0x0000000084300000, 0x00000000d5580000)
  object space 68608K, 34% used [0x0000000080000000,0x00000000816e7890,0x0000000084300000)
 Metaspace       used 45585K, committed 46720K, reserved 1114112K
  class space    used 4953K, committed 5440K, reserved 1048576K
}
Event: 5.622 GC heap before
{Heap before GC invocations=22 (full 2):
 PSYoungGen      total 23552K, used 23216K [0x00000000d5580000, 0x00000000d6f00000, 0x0000000100000000)
  eden space 22016K, 100% used [0x00000000d5580000,0x00000000d6b00000,0x00000000d6b00000)
  from space 1536K, 78% used [0x00000000d6b00000,0x00000000d6c2c010,0x00000000d6c80000)
  to   space 2048K, 0% used [0x00000000d6d00000,0x00000000d6d00000,0x00000000d6f00000)
 ParOldGen       total 68608K, used 23454K [0x0000000080000000, 0x0000000084300000, 0x00000000d5580000)
  object space 68608K, 34% used [0x0000000080000000,0x00000000816e7890,0x0000000084300000)
 Metaspace       used 46691K, committed 47808K, reserved 1114112K
  class space    used 5069K, committed 5504K, reserved 1048576K
}
Event: 5.624 GC heap after
{Heap after GC invocations=22 (full 2):
 PSYoungGen      total 23040K, used 704K [0x00000000d5580000, 0x00000000d6e00000, 0x0000000100000000)
  eden space 22016K, 0% used [0x00000000d5580000,0x00000000d5580000,0x00000000d6b00000)
  from space 1024K, 68% used [0x00000000d6d00000,0x00000000d6db0000,0x00000000d6e00000)
  to   space 1024K, 0% used [0x00000000d6c00000,0x00000000d6c00000,0x00000000d6d00000)
 ParOldGen       total 68608K, used 24432K [0x0000000080000000, 0x0000000084300000, 0x00000000d5580000)
  object space 68608K, 35% used [0x0000000080000000,0x00000000817dc0f0,0x0000000084300000)
 Metaspace       used 46691K, committed 47808K, reserved 1114112K
  class space    used 5069K, committed 5504K, reserved 1048576K
}
Event: 5.840 GC heap before
{Heap before GC invocations=23 (full 2):
 PSYoungGen      total 23040K, used 22720K [0x00000000d5580000, 0x00000000d6e00000, 0x0000000100000000)
  eden space 22016K, 100% used [0x00000000d5580000,0x00000000d6b00000,0x00000000d6b00000)
  from space 1024K, 68% used [0x00000000d6d00000,0x00000000d6db0000,0x00000000d6e00000)
  to   space 1024K, 0% used [0x00000000d6c00000,0x00000000d6c00000,0x00000000d6d00000)
 ParOldGen       total 68608K, used 24432K [0x0000000080000000, 0x0000000084300000, 0x00000000d5580000)
  object space 68608K, 35% used [0x0000000080000000,0x00000000817dc0f0,0x0000000084300000)
 Metaspace       used 46693K, committed 47808K, reserved 1114112K
  class space    used 5069K, committed 5504K, reserved 1048576K
}
Event: 5.841 GC heap after
{Heap after GC invocations=23 (full 2):
 PSYoungGen      total 23040K, used 128K [0x00000000d5580000, 0x00000000d6d80000, 0x0000000100000000)
  eden space 22016K, 0% used [0x00000000d5580000,0x00000000d5580000,0x00000000d6b00000)
  from space 1024K, 12% used [0x00000000d6c00000,0x00000000d6c20000,0x00000000d6d00000)
  to   space 512K, 0% used [0x00000000d6d00000,0x00000000d6d00000,0x00000000d6d80000)
 ParOldGen       total 68608K, used 24926K [0x0000000080000000, 0x0000000084300000, 0x00000000d5580000)
  object space 68608K, 36% used [0x0000000080000000,0x0000000081857840,0x0000000084300000)
 Metaspace       used 46693K, committed 47808K, reserved 1114112K
  class space    used 5069K, committed 5504K, reserved 1048576K
}
Event: 6.000 GC heap before
{Heap before GC invocations=24 (full 2):
 PSYoungGen      total 23040K, used 22144K [0x00000000d5580000, 0x00000000d6d80000, 0x0000000100000000)
  eden space 22016K, 100% used [0x00000000d5580000,0x00000000d6b00000,0x00000000d6b00000)
  from space 1024K, 12% used [0x00000000d6c00000,0x00000000d6c20000,0x00000000d6d00000)
  to   space 512K, 0% used [0x00000000d6d00000,0x00000000d6d00000,0x00000000d6d80000)
 ParOldGen       total 68608K, used 24926K [0x0000000080000000, 0x0000000084300000, 0x00000000d5580000)
  object space 68608K, 36% used [0x0000000080000000,0x0000000081857840,0x0000000084300000)
 Metaspace       used 46693K, committed 47808K, reserved 1114112K
  class space    used 5069K, committed 5504K, reserved 1048576K
}
Event: 6.000 GC heap after
{Heap after GC invocations=24 (full 2):
 PSYoungGen      total 22528K, used 224K [0x00000000d5580000, 0x00000000d6d80000, 0x0000000100000000)
  eden space 22016K, 0% used [0x00000000d5580000,0x00000000d5580000,0x00000000d6b00000)
  from space 512K, 43% used [0x00000000d6d00000,0x00000000d6d38000,0x00000000d6d80000)
  to   space 512K, 0% used [0x00000000d6c80000,0x00000000d6c80000,0x00000000d6d00000)
 ParOldGen       total 68608K, used 24950K [0x0000000080000000, 0x0000000084300000, 0x00000000d5580000)
  object space 68608K, 36% used [0x0000000080000000,0x000000008185d840,0x0000000084300000)
 Metaspace       used 46693K, committed 47808K, reserved 1114112K
  class space    used 5069K, committed 5504K, reserved 1048576K
}
Event: 6.126 GC heap before
{Heap before GC invocations=25 (full 2):
 PSYoungGen      total 22528K, used 22240K [0x00000000d5580000, 0x00000000d6d80000, 0x0000000100000000)
  eden space 22016K, 100% used [0x00000000d5580000,0x00000000d6b00000,0x00000000d6b00000)
  from space 512K, 43% used [0x00000000d6d00000,0x00000000d6d38000,0x00000000d6d80000)
  to   space 512K, 0% used [0x00000000d6c80000,0x00000000d6c80000,0x00000000d6d00000)
 ParOldGen       total 68608K, used 24950K [0x0000000080000000, 0x0000000084300000, 0x00000000d5580000)
  object space 68608K, 36% used [0x0000000080000000,0x000000008185d840,0x0000000084300000)
 Metaspace       used 46693K, committed 47808K, reserved 1114112K
  class space    used 5069K, committed 5504K, reserved 1048576K
}
Event: 6.127 GC heap after
{Heap after GC invocations=25 (full 2):
 PSYoungGen      total 22528K, used 160K [0x00000000d5580000, 0x00000000d6d80000, 0x0000000100000000)
  eden space 22016K, 0% used [0x00000000d5580000,0x00000000d5580000,0x00000000d6b00000)
  from space 512K, 31% used [0x00000000d6c80000,0x00000000d6ca8000,0x00000000d6d00000)
  to   space 512K, 0% used [0x00000000d6d00000,0x00000000d6d00000,0x00000000d6d80000)
 ParOldGen       total 68608K, used 25030K [0x0000000080000000, 0x0000000084300000, 0x00000000d5580000)
  object space 68608K, 36% used [0x0000000080000000,0x0000000081871840,0x0000000084300000)
 Metaspace       used 46693K, committed 47808K, reserved 1114112K
  class space    used 5069K, committed 5504K, reserved 1048576K
}
Event: 6.241 GC heap before
{Heap before GC invocations=26 (full 2):
 PSYoungGen      total 22528K, used 22176K [0x00000000d5580000, 0x00000000d6d80000, 0x0000000100000000)
  eden space 22016K, 100% used [0x00000000d5580000,0x00000000d6b00000,0x00000000d6b00000)
  from space 512K, 31% used [0x00000000d6c80000,0x00000000d6ca8000,0x00000000d6d00000)
  to   space 512K, 0% used [0x00000000d6d00000,0x00000000d6d00000,0x00000000d6d80000)
 ParOldGen       total 68608K, used 25030K [0x0000000080000000, 0x0000000084300000, 0x00000000d5580000)
  object space 68608K, 36% used [0x0000000080000000,0x0000000081871840,0x0000000084300000)
 Metaspace       used 46695K, committed 47808K, reserved 1114112K
  class space    used 5069K, committed 5504K, reserved 1048576K
}
Event: 6.242 GC heap after
{Heap after GC invocations=26 (full 2):
 PSYoungGen      total 22528K, used 256K [0x00000000d5580000, 0x00000000d6d80000, 0x0000000100000000)
  eden space 22016K, 0% used [0x00000000d5580000,0x00000000d5580000,0x00000000d6b00000)
  from space 512K, 50% used [0x00000000d6d00000,0x00000000d6d40000,0x00000000d6d80000)
  to   space 512K, 0% used [0x00000000d6c80000,0x00000000d6c80000,0x00000000d6d00000)
 ParOldGen       total 68608K, used 25030K [0x0000000080000000, 0x0000000084300000, 0x00000000d5580000)
  object space 68608K, 36% used [0x0000000080000000,0x0000000081871840,0x0000000084300000)
 Metaspace       used 46695K, committed 47808K, reserved 1114112K
  class space    used 5069K, committed 5504K, reserved 1048576K
}
Event: 6.365 GC heap before
{Heap before GC invocations=27 (full 2):
 PSYoungGen      total 22528K, used 22272K [0x00000000d5580000, 0x00000000d6d80000, 0x0000000100000000)
  eden space 22016K, 100% used [0x00000000d5580000,0x00000000d6b00000,0x00000000d6b00000)
  from space 512K, 50% used [0x00000000d6d00000,0x00000000d6d40000,0x00000000d6d80000)
  to   space 512K, 0% used [0x00000000d6c80000,0x00000000d6c80000,0x00000000d6d00000)
 ParOldGen       total 68608K, used 25030K [0x0000000080000000, 0x0000000084300000, 0x00000000d5580000)
  object space 68608K, 36% used [0x0000000080000000,0x0000000081871840,0x0000000084300000)
 Metaspace       used 46699K, committed 47808K, reserved 1114112K
  class space    used 5070K, committed 5504K, reserved 1048576K
}
Event: 6.365 GC heap after
{Heap after GC invocations=27 (full 2):
 PSYoungGen      total 22528K, used 256K [0x00000000d5580000, 0x00000000d6d80000, 0x0000000100000000)
  eden space 22016K, 0% used [0x00000000d5580000,0x00000000d5580000,0x00000000d6b00000)
  from space 512K, 50% used [0x00000000d6c80000,0x00000000d6cc0000,0x00000000d6d00000)
  to   space 512K, 0% used [0x00000000d6d00000,0x00000000d6d00000,0x00000000d6d80000)
 ParOldGen       total 68608K, used 25086K [0x0000000080000000, 0x0000000084300000, 0x00000000d5580000)
  object space 68608K, 36% used [0x0000000080000000,0x000000008187f840,0x0000000084300000)
 Metaspace       used 46699K, committed 47808K, reserved 1114112K
  class space    used 5070K, committed 5504K, reserved 1048576K
}
Event: 6.530 GC heap before
{Heap before GC invocations=28 (full 2):
 PSYoungGen      total 22528K, used 22271K [0x00000000d5580000, 0x00000000d6d80000, 0x0000000100000000)
  eden space 22016K, 99% used [0x00000000d5580000,0x00000000d6afffd8,0x00000000d6b00000)
  from space 512K, 50% used [0x00000000d6c80000,0x00000000d6cc0000,0x00000000d6d00000)
  to   space 512K, 0% used [0x00000000d6d00000,0x00000000d6d00000,0x00000000d6d80000)
 ParOldGen       total 68608K, used 25086K [0x0000000080000000, 0x0000000084300000, 0x00000000d5580000)
  object space 68608K, 36% used [0x0000000080000000,0x000000008187f840,0x0000000084300000)
 Metaspace       used 47101K, committed 48192K, reserved 1114112K
  class space    used 5116K, committed 5568K, reserved 1048576K
}
Event: 6.531 GC heap after
{Heap after GC invocations=28 (full 2):
 PSYoungGen      total 22528K, used 512K [0x00000000d5580000, 0x00000000d6d80000, 0x0000000100000000)
  eden space 22016K, 0% used [0x00000000d5580000,0x00000000d5580000,0x00000000d6b00000)
  from space 512K, 100% used [0x00000000d6d00000,0x00000000d6d80000,0x00000000d6d80000)
  to   space 1024K, 0% used [0x00000000d6b80000,0x00000000d6b80000,0x00000000d6c80000)
 ParOldGen       total 68608K, used 25150K [0x0000000080000000, 0x0000000084300000, 0x00000000d5580000)
  object space 68608K, 36% used [0x0000000080000000,0x000000008188f840,0x0000000084300000)
 Metaspace       used 47101K, committed 48192K, reserved 1114112K
  class space    used 5116K, committed 5568K, reserved 1048576K
}

Dll operation events (20 events):
Event: 0.008 Attempting to load shared library c:\Users\otuom\.antigravity-ide\extensions\redhat.java-1.56.0-win32-x64\jre\21.0.12.1-win32-x86_64\bin\java.dll
Event: 0.008 Loaded shared library c:\Users\otuom\.antigravity-ide\extensions\redhat.java-1.56.0-win32-x64\jre\21.0.12.1-win32-x86_64\bin\java.dll
Event: 0.053 Attempting to load shared library c:\Users\otuom\.antigravity-ide\extensions\redhat.java-1.56.0-win32-x64\jre\21.0.12.1-win32-x86_64\bin\zip.dll
Event: 0.053 Loaded shared library c:\Users\otuom\.antigravity-ide\extensions\redhat.java-1.56.0-win32-x64\jre\21.0.12.1-win32-x86_64\bin\zip.dll
Event: 0.066 Attempting to load shared library C:\Users\otuom\.antigravity-ide\extensions\redhat.java-1.56.0-win32-x64\jre\21.0.12.1-win32-x86_64\bin\instrument.dll
Event: 0.066 Loaded shared library C:\Users\otuom\.antigravity-ide\extensions\redhat.java-1.56.0-win32-x64\jre\21.0.12.1-win32-x86_64\bin\instrument.dll
Event: 0.069 Attempting to load shared library C:\Users\otuom\.antigravity-ide\extensions\redhat.java-1.56.0-win32-x64\jre\21.0.12.1-win32-x86_64\bin\net.dll
Event: 0.070 Loaded shared library C:\Users\otuom\.antigravity-ide\extensions\redhat.java-1.56.0-win32-x64\jre\21.0.12.1-win32-x86_64\bin\net.dll
Event: 0.071 Attempting to load shared library C:\Users\otuom\.antigravity-ide\extensions\redhat.java-1.56.0-win32-x64\jre\21.0.12.1-win32-x86_64\bin\nio.dll
Event: 0.071 Loaded shared library C:\Users\otuom\.antigravity-ide\extensions\redhat.java-1.56.0-win32-x64\jre\21.0.12.1-win32-x86_64\bin\nio.dll
Event: 0.073 Attempting to load shared library C:\Users\otuom\.antigravity-ide\extensions\redhat.java-1.56.0-win32-x64\jre\21.0.12.1-win32-x86_64\bin\zip.dll
Event: 0.073 Loaded shared library C:\Users\otuom\.antigravity-ide\extensions\redhat.java-1.56.0-win32-x64\jre\21.0.12.1-win32-x86_64\bin\zip.dll
Event: 0.086 Attempting to load shared library C:\Users\otuom\.antigravity-ide\extensions\redhat.java-1.56.0-win32-x64\jre\21.0.12.1-win32-x86_64\bin\jimage.dll
Event: 0.086 Loaded shared library C:\Users\otuom\.antigravity-ide\extensions\redhat.java-1.56.0-win32-x64\jre\21.0.12.1-win32-x86_64\bin\jimage.dll
Event: 0.132 Attempting to load shared library c:\Users\otuom\.antigravity-ide\extensions\redhat.java-1.56.0-win32-x64\jre\21.0.12.1-win32-x86_64\bin\verify.dll
Event: 0.132 Loaded shared library c:\Users\otuom\.antigravity-ide\extensions\redhat.java-1.56.0-win32-x64\jre\21.0.12.1-win32-x86_64\bin\verify.dll
Event: 0.808 Attempting to load shared library C:\Users\otuom\AppData\Roaming\Antigravity IDE\User\globalStorage\redhat.java\1.56.0\config_win\org.eclipse.equinox.launcher\org.eclipse.equinox.launcher.win32.win32.x86_64_1.3.100.v20260804-1928\eclipse_11924.dll
Event: 0.809 Loaded shared library C:\Users\otuom\AppData\Roaming\Antigravity IDE\User\globalStorage\redhat.java\1.56.0\config_win\org.eclipse.equinox.launcher\org.eclipse.equinox.launcher.win32.win32.x86_64_1.3.100.v20260804-1928\eclipse_11924.dll
Event: 3.504 Attempting to load shared library C:\Users\otuom\AppData\Local\Temp\jna-106082574\jna10077707321339544469.dll
Event: 3.569 Loaded shared library C:\Users\otuom\AppData\Local\Temp\jna-106082574\jna10077707321339544469.dll

Deoptimization events (20 events):
Event: 6.549 Thread 0x000001b4fa48fdf0 Uncommon trap: trap_request=0xffffffde fr.pc=0x000001b4a3df6610 relative=0x0000000000000c90
Event: 6.549 Thread 0x000001b4fa48fdf0 Uncommon trap: reason=class_check action=maybe_recompile pc=0x000001b4a3df6610 method=java.util.concurrent.ConcurrentHashMap.putVal(Ljava/lang/Object;Ljava/lang/Object;Z)Ljava/lang/Object; @ 242 c2
Event: 6.549 Thread 0x000001b4fa48fdf0 DEOPT PACKING pc=0x000001b4a3df6610 sp=0x000000ad403fe410
Event: 6.549 Thread 0x000001b4fa48fdf0 DEOPT UNPACKING pc=0x000001b4a3503aa2 sp=0x000000ad403fe3a0 mode 2
Event: 6.556 Thread 0x000001b4fa48d690 Uncommon trap: trap_request=0xffffffde fr.pc=0x000001b4a3e5d090 relative=0x00000000000000d0
Event: 6.556 Thread 0x000001b4fa48d690 Uncommon trap: reason=class_check action=maybe_recompile pc=0x000001b4a3e5d090 method=org.eclipse.core.runtime.SubMonitor$RootInfo.isCanceled()Z @ 4 c2
Event: 6.556 Thread 0x000001b4fa48d690 DEOPT PACKING pc=0x000001b4a3e5d090 sp=0x000000ad400fee10
Event: 6.556 Thread 0x000001b4fa48d690 DEOPT UNPACKING pc=0x000001b4a3503aa2 sp=0x000000ad400fed50 mode 2
Event: 6.556 Thread 0x000001b4fa48d690 Uncommon trap: trap_request=0xffffffde fr.pc=0x000001b4a3e5d090 relative=0x00000000000000d0
Event: 6.556 Thread 0x000001b4fa48d690 Uncommon trap: reason=class_check action=maybe_recompile pc=0x000001b4a3e5d090 method=org.eclipse.core.runtime.SubMonitor$RootInfo.isCanceled()Z @ 4 c2
Event: 6.556 Thread 0x000001b4fa48d690 DEOPT PACKING pc=0x000001b4a3e5d090 sp=0x000000ad400fee10
Event: 6.556 Thread 0x000001b4fa48d690 DEOPT UNPACKING pc=0x000001b4a3503aa2 sp=0x000000ad400fed50 mode 2
Event: 6.556 Thread 0x000001b4fa490b10 Uncommon trap: trap_request=0xffffffde fr.pc=0x000001b4a3e5d090 relative=0x00000000000000d0
Event: 6.556 Thread 0x000001b4fa490b10 Uncommon trap: reason=class_check action=maybe_recompile pc=0x000001b4a3e5d090 method=org.eclipse.core.runtime.SubMonitor$RootInfo.isCanceled()Z @ 4 c2
Event: 6.556 Thread 0x000001b4fa490b10 DEOPT PACKING pc=0x000001b4a3e5d090 sp=0x000000ad402ff210
Event: 6.556 Thread 0x000001b4fa490b10 DEOPT UNPACKING pc=0x000001b4a3503aa2 sp=0x000000ad402ff150 mode 2
Event: 6.568 Thread 0x000001b4fa48ea40 Uncommon trap: trap_request=0xffffff45 fr.pc=0x000001b4a3e111d4 relative=0x0000000000000854
Event: 6.568 Thread 0x000001b4fa48ea40 Uncommon trap: reason=unstable_if action=reinterpret pc=0x000001b4a3e111d4 method=org.eclipse.jdt.internal.core.index.DiskIndex.readStreamChars(Ljava/io/InputStream;)[C @ 1 c2
Event: 6.568 Thread 0x000001b4fa48ea40 DEOPT PACKING pc=0x000001b4a3e111d4 sp=0x000000ad401fea30
Event: 6.568 Thread 0x000001b4fa48ea40 DEOPT UNPACKING pc=0x000001b4a3503aa2 sp=0x000000ad401fe9a8 mode 2

Classes loaded (20 events):
Event: 5.453 Loading class sun/nio/fs/WindowsFileSystem$2
Event: 5.453 Loading class java/nio/file/PathMatcher
Event: 5.454 Loading class java/nio/file/PathMatcher done
Event: 5.454 Loading class sun/nio/fs/WindowsFileSystem$2 done
Event: 5.454 Loading class java/nio/file/FileVisitResult
Event: 5.454 Loading class java/nio/file/FileVisitResult done
Event: 6.524 Loading class java/util/Collections$SynchronizedRandomAccessList
Event: 6.524 Loading class java/util/Collections$SynchronizedList
Event: 6.525 Loading class java/util/Collections$SynchronizedList done
Event: 6.525 Loading class java/util/Collections$SynchronizedRandomAccessList done
Event: 6.534 Loading class java/util/concurrent/CompletableFuture$Signaller
Event: 6.534 Loading class java/util/concurrent/CompletableFuture$Signaller done
Event: 6.543 Loading class java/util/concurrent/CompletableFuture$UniApply
Event: 6.543 Loading class java/util/concurrent/CompletableFuture$UniCompletion
Event: 6.543 Loading class java/util/concurrent/CompletableFuture$UniCompletion done
Event: 6.543 Loading class java/util/concurrent/CompletableFuture$UniApply done
Event: 6.544 Loading class java/util/concurrent/CompletableFuture$UniAccept
Event: 6.544 Loading class java/util/concurrent/CompletableFuture$UniAccept done
Event: 6.544 Loading class java/util/concurrent/CompletableFuture$UniExceptionally
Event: 6.544 Loading class java/util/concurrent/CompletableFuture$UniExceptionally done

Classes unloaded (7 events):
Event: 3.841 Thread 0x000001b498effab0 Unloading class 0x000001b4b11a9000 'java/lang/invoke/LambdaForm$MH+0x000001b4b11a9000'
Event: 3.841 Thread 0x000001b498effab0 Unloading class 0x000001b4b11a8c00 'java/lang/invoke/LambdaForm$MH+0x000001b4b11a8c00'
Event: 3.841 Thread 0x000001b498effab0 Unloading class 0x000001b4b11a8800 'java/lang/invoke/LambdaForm$MH+0x000001b4b11a8800'
Event: 3.841 Thread 0x000001b498effab0 Unloading class 0x000001b4b11a8400 'java/lang/invoke/LambdaForm$MH+0x000001b4b11a8400'
Event: 3.841 Thread 0x000001b498effab0 Unloading class 0x000001b4b11a8000 'java/lang/invoke/LambdaForm$BMH+0x000001b4b11a8000'
Event: 3.841 Thread 0x000001b498effab0 Unloading class 0x000001b4b11a7c00 'java/lang/invoke/LambdaForm$DMH+0x000001b4b11a7c00'
Event: 3.841 Thread 0x000001b498effab0 Unloading class 0x000001b4b11a6800 'java/lang/invoke/LambdaForm$DMH+0x000001b4b11a6800'

Classes redefined (0 events):
No events

Internal exceptions (20 events):
Event: 6.484 Thread 0x000001b4fa48d690 Exception <a 'sun/nio/fs/WindowsException'{0x00000000d662b4c0}> (0x00000000d662b4c0) 
thrown [s\src\hotspot\share\prims\jni.cpp, line 520]
Event: 6.484 Thread 0x000001b4fa48d690 Exception <a 'sun/nio/fs/WindowsException'{0x00000000d662d9e0}> (0x00000000d662d9e0) 
thrown [s\src\hotspot\share\prims\jni.cpp, line 520]
Event: 6.484 Thread 0x000001b4fa48d690 Exception <a 'sun/nio/fs/WindowsException'{0x00000000d662ff70}> (0x00000000d662ff70) 
thrown [s\src\hotspot\share\prims\jni.cpp, line 520]
Event: 6.484 Thread 0x000001b4fa48d690 Exception <a 'sun/nio/fs/WindowsException'{0x00000000d6632510}> (0x00000000d6632510) 
thrown [s\src\hotspot\share\prims\jni.cpp, line 520]
Event: 6.484 Thread 0x000001b4fa48d690 Exception <a 'sun/nio/fs/WindowsException'{0x00000000d6635110}> (0x00000000d6635110) 
thrown [s\src\hotspot\share\prims\jni.cpp, line 520]
Event: 6.484 Thread 0x000001b4fa48d690 Exception <a 'sun/nio/fs/WindowsException'{0x00000000d6637650}> (0x00000000d6637650) 
thrown [s\src\hotspot\share\prims\jni.cpp, line 520]
Event: 6.484 Thread 0x000001b4fa48d690 Exception <a 'sun/nio/fs/WindowsException'{0x00000000d6639b50}> (0x00000000d6639b50) 
thrown [s\src\hotspot\share\prims\jni.cpp, line 520]
Event: 6.484 Thread 0x000001b4fa48d690 Exception <a 'sun/nio/fs/WindowsException'{0x00000000d663c060}> (0x00000000d663c060) 
thrown [s\src\hotspot\share\prims\jni.cpp, line 520]
Event: 6.484 Thread 0x000001b4fa48d690 Exception <a 'sun/nio/fs/WindowsException'{0x00000000d663e570}> (0x00000000d663e570) 
thrown [s\src\hotspot\share\prims\jni.cpp, line 520]
Event: 6.484 Thread 0x000001b4fa48d690 Exception <a 'sun/nio/fs/WindowsException'{0x00000000d6641810}> (0x00000000d6641810) 
thrown [s\src\hotspot\share\prims\jni.cpp, line 520]
Event: 6.484 Thread 0x000001b4fa48d690 Exception <a 'sun/nio/fs/WindowsException'{0x00000000d66454c8}> (0x00000000d66454c8) 
thrown [s\src\hotspot\share\prims\jni.cpp, line 520]
Event: 6.504 Thread 0x000001b4fa48e3b0 Exception <a 'sun/nio/fs/WindowsException'{0x00000000d678aab8}> (0x00000000d678aab8) 
thrown [s\src\hotspot\share\prims\jni.cpp, line 520]
Event: 6.504 Thread 0x000001b4fa48e3b0 Exception <a 'sun/nio/fs/WindowsException'{0x00000000d678afe8}> (0x00000000d678afe8) 
thrown [s\src\hotspot\share\prims\jni.cpp, line 520]
Event: 6.505 Thread 0x000001b4fa48e3b0 Exception <a 'sun/nio/fs/WindowsException'{0x00000000d6793ee8}> (0x00000000d6793ee8) 
thrown [s\src\hotspot\share\prims\jni.cpp, line 520]
Event: 6.505 Thread 0x000001b4fa48e3b0 Exception <a 'sun/nio/fs/WindowsException'{0x00000000d6794418}> (0x00000000d6794418) 
thrown [s\src\hotspot\share\prims\jni.cpp, line 520]
Event: 6.516 Thread 0x000001b4fa48e3b0 Exception <a 'sun/nio/fs/WindowsException'{0x00000000d695c9a8}> (0x00000000d695c9a8) 
thrown [s\src\hotspot\share\prims\jni.cpp, line 520]
Event: 6.516 Thread 0x000001b4fa48e3b0 Exception <a 'sun/nio/fs/WindowsException'{0x00000000d695d510}> (0x00000000d695d510) 
thrown [s\src\hotspot\share\prims\jni.cpp, line 520]
Event: 6.517 Thread 0x000001b4fa48e3b0 Exception <a 'sun/nio/fs/WindowsException'{0x00000000d6983390}> (0x00000000d6983390) 
thrown [s\src\hotspot\share\prims\jni.cpp, line 520]
Event: 6.517 Thread 0x000001b4fa48e3b0 Exception <a 'sun/nio/fs/WindowsException'{0x00000000d6983b70}> (0x00000000d6983b70) 
thrown [s\src\hotspot\share\prims\jni.cpp, line 520]
Event: 6.542 Thread 0x000001b4fa48e3b0 Exception <a 'java/lang/IncompatibleClassChangeError'{0x00000000d5625718}: Found class java.lang.Object, but interface was expected> (0x00000000d5625718) 
thrown [s\src\hotspot\share\interpreter\linkResolver.cpp, line 840]

ZGC Phase Switch (0 events):
No events

VM Operations (20 events):
Event: 5.390 Executing non-safepoint VM operation: HandshakeAllThreads (Deoptimize)
Event: 5.390 Executing non-safepoint VM operation: HandshakeAllThreads (Deoptimize) done
Event: 5.622 Executing safepoint VM operation: ParallelGCFailedAllocation (Allocation Failure)
Event: 5.624 Executing safepoint VM operation: ParallelGCFailedAllocation (Allocation Failure) done
Event: 5.840 Executing safepoint VM operation: ParallelGCFailedAllocation (Allocation Failure)
Event: 5.841 Executing safepoint VM operation: ParallelGCFailedAllocation (Allocation Failure) done
Event: 6.000 Executing safepoint VM operation: ParallelGCFailedAllocation (Allocation Failure)
Event: 6.000 Executing safepoint VM operation: ParallelGCFailedAllocation (Allocation Failure) done
Event: 6.126 Executing safepoint VM operation: ParallelGCFailedAllocation (Allocation Failure)
Event: 6.127 Executing safepoint VM operation: ParallelGCFailedAllocation (Allocation Failure) done
Event: 6.241 Executing safepoint VM operation: ParallelGCFailedAllocation (Allocation Failure)
Event: 6.242 Executing safepoint VM operation: ParallelGCFailedAllocation (Allocation Failure) done
Event: 6.365 Executing safepoint VM operation: ParallelGCFailedAllocation (Allocation Failure)
Event: 6.365 Executing safepoint VM operation: ParallelGCFailedAllocation (Allocation Failure) done
Event: 6.521 Executing non-safepoint VM operation: HandshakeAllThreads (Deoptimize)
Event: 6.521 Executing non-safepoint VM operation: HandshakeAllThreads (Deoptimize) done
Event: 6.521 Executing non-safepoint VM operation: HandshakeAllThreads (Deoptimize)
Event: 6.521 Executing non-safepoint VM operation: HandshakeAllThreads (Deoptimize) done
Event: 6.530 Executing safepoint VM operation: ParallelGCFailedAllocation (Allocation Failure)
Event: 6.531 Executing safepoint VM operation: ParallelGCFailedAllocation (Allocation Failure) done

Memory protections (0 events):
No events

Nmethod flushes (20 events):
Event: 4.446 Thread 0x000001b498effab0 flushing  nmethod 0x000001b49c744410
Event: 4.446 Thread 0x000001b498effab0 flushing  nmethod 0x000001b49c752490
Event: 4.446 Thread 0x000001b498effab0 flushing  nmethod 0x000001b49c752a10
Event: 4.446 Thread 0x000001b498effab0 flushing  nmethod 0x000001b49c791910
Event: 4.446 Thread 0x000001b498effab0 flushing  nmethod 0x000001b49c799910
Event: 4.446 Thread 0x000001b498effab0 flushing osr nmethod 0x000001b49c79a410
Event: 4.446 Thread 0x000001b498effab0 flushing  nmethod 0x000001b49c7b2710
Event: 4.446 Thread 0x000001b498effab0 flushing  nmethod 0x000001b49c7df810
Event: 4.446 Thread 0x000001b498effab0 flushing  nmethod 0x000001b49c7e0890
Event: 4.446 Thread 0x000001b498effab0 flushing  nmethod 0x000001b49c7e1190
Event: 4.446 Thread 0x000001b498effab0 flushing  nmethod 0x000001b49c7e2390
Event: 4.446 Thread 0x000001b498effab0 flushing  nmethod 0x000001b49c7e2b90
Event: 4.446 Thread 0x000001b498effab0 flushing  nmethod 0x000001b49c7e4890
Event: 4.446 Thread 0x000001b498effab0 flushing  nmethod 0x000001b49c7e8a10
Event: 4.446 Thread 0x000001b498effab0 flushing  nmethod 0x000001b49c7eaa10
Event: 4.446 Thread 0x000001b498effab0 flushing  nmethod 0x000001b49c827910
Event: 4.446 Thread 0x000001b498effab0 flushing  nmethod 0x000001b49c830790
Event: 4.446 Thread 0x000001b498effab0 flushing  nmethod 0x000001b49c831710
Event: 4.446 Thread 0x000001b498effab0 flushing  nmethod 0x000001b49c859110
Event: 4.446 Thread 0x000001b498effab0 flushing  nmethod 0x000001b49c863e90

Events (20 events):
Event: 4.335 Thread 0x000001b498e5bb20 Thread added: 0x000001b4fa4894f0
Event: 4.335 Thread 0x000001b498e5bb20 Thread added: 0x000001b4fa48af30
Event: 4.336 Thread 0x000001b498e5bb20 Thread added: 0x000001b4fa48c2e0
Event: 4.336 Thread 0x000001b498e5bb20 Thread added: 0x000001b4fa489b80
Event: 4.336 Thread 0x000001b498e5bb20 Thread added: 0x000001b4fa48b5c0
Event: 4.336 Thread 0x000001b498e5bb20 Thread added: 0x000001b4fa48dd20
Event: 4.336 Thread 0x000001b498e5bb20 Thread added: 0x000001b4fa48c970
Event: 4.336 Thread 0x000001b498e5bb20 Thread added: 0x000001b4fa48a8a0
Event: 4.336 Thread 0x000001b498e5bb20 Thread added: 0x000001b4fa490480
Event: 4.356 Thread 0x000001b498e5bb20 Thread added: 0x000001b4fa48f0d0
Event: 4.483 Thread 0x000001b498e5bb20 Thread added: 0x000001b4fa48d000
Event: 4.484 Thread 0x000001b498e5bb20 Thread added: 0x000001b4fa48e3b0
Event: 5.063 Thread 0x000001b4f9202f20 Thread added: 0x000001b4fa48d690
Event: 5.316 Thread 0x000001b4f92042d0 Thread added: 0x000001b4fa48ea40
Event: 5.317 Thread 0x000001b4fa48ea40 Thread added: 0x000001b4fa490b10
Event: 5.439 Thread 0x000001b4fa48d690 Thread added: 0x000001b4fa48fdf0
Event: 6.486 Thread 0x000001b4fa48fdf0 Thread exited: 0x000001b4fa48fdf0
Event: 6.544 Thread 0x000001b4fa48e3b0 Thread added: 0x000001b4fa48fdf0
Event: 6.544 Thread 0x000001b4fa48e3b0 Thread added: 0x000001b4f9009100
Event: 6.545 Thread 0x000001b4f9009100 Thread added: 0x000001b4f9009790


Dynamic libraries:
0x00007ff6330d0000 - 0x00007ff6330de000 	c:\Users\otuom\.antigravity-ide\extensions\redhat.java-1.56.0-win32-x64\jre\21.0.12.1-win32-x86_64\bin\java.exe
0x00007ffbfb800000 - 0x00007ffbfba67000 	C:\WINDOWS\SYSTEM32\ntdll.dll
0x00007ffbfabc0000 - 0x00007ffbfac8b000 	C:\WINDOWS\System32\KERNEL32.DLL
0x00007ffbf8b60000 - 0x00007ffbf8f62000 	C:\WINDOWS\System32\KERNELBASE.dll
0x00007ffbf8a00000 - 0x00007ffbf8b4c000 	C:\WINDOWS\System32\ucrtbase.dll
0x00007ffbf2d00000 - 0x00007ffbf2d18000 	c:\Users\otuom\.antigravity-ide\extensions\redhat.java-1.56.0-win32-x64\jre\21.0.12.1-win32-x86_64\bin\jli.dll
0x00007ffbede90000 - 0x00007ffbedeae000 	c:\Users\otuom\.antigravity-ide\extensions\redhat.java-1.56.0-win32-x64\jre\21.0.12.1-win32-x86_64\bin\VCRUNTIME140.dll
0x00007ffbfb450000 - 0x00007ffbfb61f000 	C:\WINDOWS\System32\USER32.dll
0x00007ffbdb730000 - 0x00007ffbdb9c0000 	C:\WINDOWS\WinSxS\amd64_microsoft.windows.common-controls_6595b64144ccf1df_6.0.26100.9278_none_3e0d1ba8e3303201\COMCTL32.dll
0x00007ffbf9100000 - 0x00007ffbf9127000 	C:\WINDOWS\System32\win32u.dll
0x00007ffbfb630000 - 0x00007ffbfb6d9000 	C:\WINDOWS\System32\msvcrt.dll
0x00007ffbf96b0000 - 0x00007ffbf96db000 	C:\WINDOWS\System32\GDI32.dll
0x00007ffbf91f0000 - 0x00007ffbf9319000 	C:\WINDOWS\System32\gdi32full.dll
0x00007ffbf9470000 - 0x00007ffbf9513000 	C:\WINDOWS\System32\msvcp_win.dll
0x00007ffbfab80000 - 0x00007ffbfabb1000 	C:\WINDOWS\System32\IMM32.DLL
0x00007ffbe3970000 - 0x00007ffbe397c000 	c:\Users\otuom\.antigravity-ide\extensions\redhat.java-1.56.0-win32-x64\jre\21.0.12.1-win32-x86_64\bin\vcruntime140_1.dll
0x00007ffbc72e0000 - 0x00007ffbc736d000 	c:\Users\otuom\.antigravity-ide\extensions\redhat.java-1.56.0-win32-x64\jre\21.0.12.1-win32-x86_64\bin\msvcp140.dll
0x00007ffba89d0000 - 0x00007ffba9772000 	c:\Users\otuom\.antigravity-ide\extensions\redhat.java-1.56.0-win32-x64\jre\21.0.12.1-win32-x86_64\bin\server\jvm.dll
0x00007ffbfb110000 - 0x00007ffbfb1cc000 	C:\WINDOWS\System32\ADVAPI32.dll
0x00007ffbf9b30000 - 0x00007ffbf9bd9000 	C:\WINDOWS\System32\sechost.dll
0x00007ffbfaa60000 - 0x00007ffbfab78000 	C:\WINDOWS\System32\RPCRT4.dll
0x00007ffbf9a90000 - 0x00007ffbf9b10000 	C:\WINDOWS\System32\WS2_32.dll
0x00007ffbf8860000 - 0x00007ffbf88be000 	C:\WINDOWS\SYSTEM32\POWRPROF.dll
0x00007ffbf59c0000 - 0x00007ffbf59f6000 	C:\WINDOWS\SYSTEM32\WINMM.dll
0x00007ffbede60000 - 0x00007ffbede6b000 	C:\WINDOWS\SYSTEM32\VERSION.dll
0x00007ffbf8840000 - 0x00007ffbf8855000 	C:\WINDOWS\SYSTEM32\UMPDC.dll
0x00007ffbf7690000 - 0x00007ffbf76ab000 	C:\WINDOWS\SYSTEM32\kernel.appcore.dll
0x00007ffbe3960000 - 0x00007ffbe396a000 	c:\Users\otuom\.antigravity-ide\extensions\redhat.java-1.56.0-win32-x64\jre\21.0.12.1-win32-x86_64\bin\jimage.dll
0x00007ffbf56f0000 - 0x00007ffbf593c000 	C:\WINDOWS\SYSTEM32\DBGHELP.DLL
0x00007ffbf96e0000 - 0x00007ffbf9a65000 	C:\WINDOWS\System32\combase.dll
0x00007ffbf9be0000 - 0x00007ffbf9cb9000 	C:\WINDOWS\System32\OLEAUT32.dll
0x00007ffbf5980000 - 0x00007ffbf59bb000 	C:\WINDOWS\SYSTEM32\dbgcore.DLL
0x00007ffbf9130000 - 0x00007ffbf91dc000 	C:\WINDOWS\System32\bcryptPrimitives.dll
0x00007ffbe3950000 - 0x00007ffbe395f000 	c:\Users\otuom\.antigravity-ide\extensions\redhat.java-1.56.0-win32-x64\jre\21.0.12.1-win32-x86_64\bin\instrument.dll
0x00007ffbe3930000 - 0x00007ffbe3950000 	c:\Users\otuom\.antigravity-ide\extensions\redhat.java-1.56.0-win32-x64\jre\21.0.12.1-win32-x86_64\bin\java.dll
0x00007ffbfa2c0000 - 0x00007ffbfaa58000 	C:\WINDOWS\System32\SHELL32.dll
0x00007ffbf6420000 - 0x00007ffbf6cce000 	C:\WINDOWS\SYSTEM32\windows.storage.dll
0x00007ffbfae30000 - 0x00007ffbfaf2b000 	C:\WINDOWS\System32\SHCORE.dll
0x00007ffbfa250000 - 0x00007ffbfa2b6000 	C:\WINDOWS\System32\shlwapi.dll
0x00007ffbf8920000 - 0x00007ffbf8949000 	C:\WINDOWS\SYSTEM32\profapi.dll
0x00007ffbe3250000 - 0x00007ffbe3268000 	c:\Users\otuom\.antigravity-ide\extensions\redhat.java-1.56.0-win32-x64\jre\21.0.12.1-win32-x86_64\bin\zip.dll
0x00007ffbe3920000 - 0x00007ffbe3930000 	C:\Users\otuom\.antigravity-ide\extensions\redhat.java-1.56.0-win32-x64\jre\21.0.12.1-win32-x86_64\bin\net.dll
0x00007ffbf15d0000 - 0x00007ffbf16fa000 	C:\WINDOWS\SYSTEM32\WINHTTP.dll
0x00007ffbf7c30000 - 0x00007ffbf7c9c000 	C:\WINDOWS\system32\mswsock.dll
0x00007ffbe3230000 - 0x00007ffbe3246000 	C:\Users\otuom\.antigravity-ide\extensions\redhat.java-1.56.0-win32-x64\jre\21.0.12.1-win32-x86_64\bin\nio.dll
0x00007ffbe3220000 - 0x00007ffbe3230000 	c:\Users\otuom\.antigravity-ide\extensions\redhat.java-1.56.0-win32-x64\jre\21.0.12.1-win32-x86_64\bin\verify.dll
0x00007ffbd3320000 - 0x00007ffbd3365000 	C:\Users\otuom\AppData\Roaming\Antigravity IDE\User\globalStorage\redhat.java\1.56.0\config_win\org.eclipse.equinox.launcher\org.eclipse.equinox.launcher.win32.win32.x86_64_1.3.100.v20260804-1928\eclipse_11924.dll
0x00007ffbfb1e0000 - 0x00007ffbfb37a000 	C:\WINDOWS\System32\ole32.dll
0x00007ffbf8050000 - 0x00007ffbf806b000 	C:\WINDOWS\SYSTEM32\CRYPTSP.dll
0x00007ffbf75f0000 - 0x00007ffbf7629000 	C:\WINDOWS\system32\rsaenh.dll
0x00007ffbf7ce0000 - 0x00007ffbf7d14000 	C:\WINDOWS\SYSTEM32\USERENV.dll
0x00007ffbf88f0000 - 0x00007ffbf891a000 	C:\WINDOWS\SYSTEM32\bcrypt.dll
0x00007ffbf7e90000 - 0x00007ffbf7e9c000 	C:\WINDOWS\SYSTEM32\CRYPTBASE.dll
0x00007ffbf70f0000 - 0x00007ffbf7123000 	C:\WINDOWS\SYSTEM32\IPHLPAPI.DLL
0x00007ffbfac90000 - 0x00007ffbfac9a000 	C:\WINDOWS\System32\NSI.dll
0x00007ffbc74d0000 - 0x00007ffbc7519000 	C:\Users\otuom\AppData\Local\Temp\jna-106082574\jna10077707321339544469.dll
0x00007ffbfaca0000 - 0x00007ffbfaca8000 	C:\WINDOWS\System32\PSAPI.DLL
0x00007ffbf1790000 - 0x00007ffbf17ad000 	C:\WINDOWS\SYSTEM32\dhcpcsvc6.DLL
0x00007ffbf1760000 - 0x00007ffbf1785000 	C:\WINDOWS\SYSTEM32\dhcpcsvc.DLL

JVMTI agents:
c:\Users\otuom\.antigravity-ide\extensions\redhat.java-1.56.0-win32-x64\lombok\lombok-1.18.39-4050.jar path:c:\Users\otuom\.antigravity-ide\extensions\redhat.java-1.56.0-win32-x64\jre\21.0.12.1-win32-x86_64\bin\instrument.dll, loaded, initialized, instrumentlib options:none

dbghelp: loaded successfully - version: 4.0.5 - missing functions: none
symbol engine: initialized successfully - sym options: 0x614 - pdb path: .;c:\Users\otuom\.antigravity-ide\extensions\redhat.java-1.56.0-win32-x64\jre\21.0.12.1-win32-x86_64\bin;C:\WINDOWS\SYSTEM32;C:\WINDOWS\WinSxS\amd64_microsoft.windows.common-controls_6595b64144ccf1df_6.0.26100.9278_none_3e0d1ba8e3303201;c:\Users\otuom\.antigravity-ide\extensions\redhat.java-1.56.0-win32-x64\jre\21.0.12.1-win32-x86_64\bin\server;C:\Users\otuom\AppData\Roaming\Antigravity IDE\User\globalStorage\redhat.java\1.56.0\config_win\org.eclipse.equinox.launcher\org.eclipse.equinox.launcher.win32.win32.x86_64_1.3.100.v20260804-1928;C:\Users\otuom\AppData\Local\Temp\jna-106082574

VM Arguments:
jvm_args: --add-modules=ALL-SYSTEM --add-opens=java.base/java.util=ALL-UNNAMED --add-opens=java.base/java.lang=ALL-UNNAMED --add-opens=java.base/sun.nio.fs=ALL-UNNAMED -Declipse.application=org.eclipse.jdt.ls.core.id1 -Dosgi.bundles.defaultStartLevel=4 -Declipse.product=org.eclipse.jdt.ls.core.product -Djava.import.generatesMetadataFilesAtProjectRoot=false -Dm2e.project.cache.size=50 -DDetectVMInstallationsJob.disabled=true -Dfile.encoding=utf8 -XX:+UseParallelGC -XX:GCTimeRatio=4 -XX:AdaptiveSizePolicyWeight=90 -Dsun.zip.disableMemoryMapping=true -Xmx2G -Xms100m -Xlog:disable -javaagent:c:\Users\otuom\.antigravity-ide\extensions\redhat.java-1.56.0-win32-x64\lombok\lombok-1.18.39-4050.jar -XX:+HeapDumpOnOutOfMemoryError -XX:HeapDumpPath=c:\Users\otuom\AppData\Roaming\Antigravity IDE\User\workspaceStorage\aa6dabc841f1b68b1111a0ad09e16a84\redhat.java -Daether.dependencyCollector.impl=bf 
java_command: c:\Users\otuom\.antigravity-ide\extensions\redhat.java-1.56.0-win32-x64\server\plugins\org.eclipse.equinox.launcher_1.8.0.v20260804-1928.jar -configuration c:\Users\otuom\AppData\Roaming\Antigravity IDE\User\globalStorage\redhat.java\1.56.0\config_win -data c:\Users\otuom\AppData\Roaming\Antigravity IDE\User\workspaceStorage\aa6dabc841f1b68b1111a0ad09e16a84\redhat.java\jdt_ws --pipe=\\.\pipe\lsp-8fe76d357a201fb61220d03aebe85543-sock
java_class_path (initial): c:\Users\otuom\.antigravity-ide\extensions\redhat.java-1.56.0-win32-x64\server\plugins\org.eclipse.equinox.launcher_1.8.0.v20260804-1928.jar
Launcher Type: SUN_STANDARD

[Global flags]
    uintx AdaptiveSizePolicyWeight                 = 90                                        {product} {command line}
     intx CICompilerCount                          = 12                                        {product} {ergonomic}
    uintx GCTimeRatio                              = 4                                         {product} {command line}
     bool HeapDumpOnOutOfMemoryError               = true                                   {manageable} {command line}
    ccstr HeapDumpPath                             = c:\Users\otuom\AppData\Roaming\Antigravity IDE\User\workspaceStorage\aa6dabc841f1b68b1111a0ad09e16a84\redhat.java         {manageable} {command line}
   size_t InitialHeapSize                          = 104857600                                 {product} {command line}
   size_t MaxHeapSize                              = 2147483648                                {product} {command line}
   size_t MaxNewSize                               = 715653120                                 {product} {ergonomic}
   size_t MinHeapDeltaBytes                        = 524288                                    {product} {ergonomic}
   size_t MinHeapSize                              = 104857600                                 {product} {command line}
   size_t NewSize                                  = 34603008                                  {product} {ergonomic}
    uintx NonNMethodCodeHeapSize                   = 7602480                                {pd product} {ergonomic}
    uintx NonProfiledCodeHeapSize                  = 122027880                              {pd product} {ergonomic}
   size_t OldSize                                  = 70254592                                  {product} {ergonomic}
    uintx ProfiledCodeHeapSize                     = 122027880                              {pd product} {ergonomic}
    uintx ReservedCodeCacheSize                    = 251658240                              {pd product} {ergonomic}
     bool SegmentedCodeCache                       = true                                      {product} {ergonomic}
   size_t SoftMaxHeapSize                          = 2147483648                             {manageable} {ergonomic}
     bool UseCompressedOops                        = true                           {product lp64_product} {ergonomic}
     bool UseLargePagesIndividualAllocation        = false                                  {pd product} {ergonomic}
     bool UseParallelGC                            = true                                      {product} {command line}

Logging:
Log output configuration:
 #0: stdout all=off uptime,level,tags foldmultilines=false
 #1: stderr all=off uptime,level,tags foldmultilines=false

Release file:
JAVA_VERSION="21.0.12.1" 
MODULES="java.base java.compiler java.datatransfer java.xml java.prefs java.desktop java.instrument java.logging java.management java.security.sasl java.naming java.rmi java.management.rmi java.net.http java.scripting java.security.jgss java.transaction.xa java.sql java.sql.rowset java.xml.crypto java.se java.smartcardio jdk.accessibility jdk.internal.jvmstat jdk.attach jdk.charsets jdk.internal.opt jdk.zipfs jdk.compiler jdk.crypto.ec jdk.crypto.cryptoki jdk.crypto.mscapi jdk.dynalink jdk.internal.ed jdk.editpad jdk.hotspot.agent jdk.httpserver jdk.internal.le jdk.internal.vm.ci jdk.internal.vm.compiler jdk.internal.vm.compiler.management jdk.jartool jdk.javadoc jdk.jcmd jdk.management jdk.management.agent jdk.jconsole jdk.jdeps jdk.jdwp.agent jdk.jdi jdk.jfr jdk.jshell jdk.jsobject jdk.jstatd jdk.localedata jdk.management.jfr jdk.naming.dns jdk.naming.rmi jdk.net jdk.nio.mapmode jdk.random jdk.sctp jdk.security.auth jdk.security.jgss jdk.unsupported jdk.unsupported.desktop jdk.xml.dom" 

Environment Variables:
JAVA_HOME=F:\software\jdk-17\
PATH=C:\Python314\Scripts\;C:\Python314\;C:\Python312\Scripts\;C:\Python312\;C:\WINDOWS\system32;C:\WINDOWS;C:\WINDOWS\System32\Wbem;C:\WINDOWS\System32\WindowsPowerShell\v1.0\;C:\WINDOWS\System32\OpenSSH\;C:\Program Files\Tailscale\;C:\Program Files\Git\cmd;C:\ProgramData\chocolatey\bin;C:\Program Files\Go\bin;C:\Program Files\Inkscape\bin;C:\Program Files\nodejs\;F:\software\jdk-17\bin;F:\software\maven-3.9\bin;C:\Python312\Scripts\;C:\Python312\;C:\WINDOWS\system32;C:\WINDOWS;C:\WINDOWS\System32\Wbem;C:\WINDOWS\System32\WindowsPowerShell\v1.0\;C:\WINDOWS\System32\OpenSSH\;C:\Program Files\Tailscale\;C:\Program Files\Git\cmd;C:\ProgramData\chocolatey\bin;C:\Program Files\nodejs\;C:\Program Files\Inkscape\bin;C:\Users\otuom\AppData\Local\Microsoft\WindowsApps;C:\Users\otuom\AppData\Local\Programs\Microsoft VS Code\bin;C:\Users\otuom\AppData\Local\Programs\Antigravity\bin;C:\Users\otuom\AppData\Local\Microsoft\WinGet\Packages\PHP.PHP.8.3_Microsoft.Winget.Source_8wekyb3d8bbwe;C:\Users\otuom\.local\bin;C:\Users\otuom\AppData\Roaming\npm;F:\software\jdk-17\bin;F:\software\maven-3.9\bin;C:\Users\otuom\AppData\Local\Programs\Antigravity IDE\bin
USERNAME=otuom
OS=Windows_NT
PROCESSOR_IDENTIFIER=Intel64 Family 6 Model 186 Stepping 2, GenuineIntel
TMP=C:\Users\otuom\AppData\Local\Temp
TEMP=C:\Users\otuom\AppData\Local\Temp




Periodic native trim disabled

---------------  S Y S T E M  ---------------

OS:
 Windows 11 , 64 bit Build 26100 (10.0.26100.9444)
OS uptime: 2 days 7:51 hours
Hyper-V role detected

CPU: total 20 (initial active 20) (10 cores per cpu, 2 threads per core) family 6 model 186 stepping 2 microcode 0x4121, cx8, cmov, fxsr, ht, mmx, 3dnowpref, sse, sse2, sse3, ssse3, sse4.1, sse4.2, popcnt, lzcnt, tsc, tscinvbit, avx, avx2, aes, erms, clmul, bmi1, bmi2, adx, sha, fma, vzeroupper, clflush, clflushopt, clwb, hv, serialize, rdtscp, rdpid, fsrm, f16c, cet_ibt, cet_ss
Processor Information for processor 0
  Max Mhz: 2400, Current Mhz: 2400, Mhz Limit: 2400
Processor Information for processor 1
  Max Mhz: 2400, Current Mhz: 2400, Mhz Limit: 2400
Processor Information for processor 2
  Max Mhz: 2400, Current Mhz: 1520, Mhz Limit: 2400
Processor Information for processor 3
  Max Mhz: 2400, Current Mhz: 2400, Mhz Limit: 2400
Processor Information for processor 4
  Max Mhz: 2400, Current Mhz: 2400, Mhz Limit: 2400
Processor Information for processor 5
  Max Mhz: 2400, Current Mhz: 2400, Mhz Limit: 2400
Processor Information for processor 6
  Max Mhz: 2400, Current Mhz: 2400, Mhz Limit: 2400
Processor Information for processor 7
  Max Mhz: 2400, Current Mhz: 2400, Mhz Limit: 2400
Processor Information for processor 8
  Max Mhz: 2400, Current Mhz: 2400, Mhz Limit: 2400
Processor Information for processor 9
  Max Mhz: 2400, Current Mhz: 2400, Mhz Limit: 2400
Processor Information for processor 10
  Max Mhz: 2400, Current Mhz: 2400, Mhz Limit: 2400
Processor Information for processor 11
  Max Mhz: 2400, Current Mhz: 2400, Mhz Limit: 2400
Processor Information for processor 12
  Max Mhz: 2400, Current Mhz: 1500, Mhz Limit: 1800
Processor Information for processor 13
  Max Mhz: 2400, Current Mhz: 1500, Mhz Limit: 1800
Processor Information for processor 14
  Max Mhz: 2400, Current Mhz: 1800, Mhz Limit: 1800
Processor Information for processor 15
  Max Mhz: 2400, Current Mhz: 1800, Mhz Limit: 1800
Processor Information for processor 16
  Max Mhz: 2400, Current Mhz: 1800, Mhz Limit: 1800
Processor Information for processor 17
  Max Mhz: 2400, Current Mhz: 1800, Mhz Limit: 1800
Processor Information for processor 18
  Max Mhz: 2400, Current Mhz: 1800, Mhz Limit: 1800
Processor Information for processor 19
  Max Mhz: 2400, Current Mhz: 1500, Mhz Limit: 1800

Memory: 4k page, system-wide physical 7709M (161M free)
TotalPageFile size 31261M (AvailPageFile size 88M)
current process WorkingSet (physical memory assigned to process): 211M, peak: 215M
current process commit charge ("private bytes"): 350M, peak: 356M

vm_info: OpenJDK 64-Bit Server VM (21.0.12.1+1-LTS) for windows-amd64 JRE (21.0.12.1+1-LTS), built on 2026-08-18T00:00:00Z by "admin" with MS VC++ 17.12 (VS2022)

END.
