#
# There is insufficient memory for the Java Runtime Environment to continue.
# Native memory allocation (malloc) failed to allocate 2330432 bytes. Error detail: Chunk::new
# Possible reasons:
#   The system is out of physical RAM or swap space
#   This process is running with CompressedOops enabled, and the Java Heap may be blocking the growth of the native heap
# Possible solutions:
#   Reduce memory load on the system
#   Increase physical memory or swap space
#   Check if swap backing store is full
#   Decrease Java heap size (-Xmx/-Xms)
#   Decrease number of Java threads
#   Decrease Java thread stack sizes (-Xss)
#   Set larger code cache with -XX:ReservedCodeCacheSize=
#   JVM is running with Unscaled Compressed Oops mode in which the Java heap is
#     placed in the first 4GB address space. The Java Heap base address is the
#     maximum limit for the native heap growth. Please use -XX:HeapBaseMinAddress
#     to set the Java Heap base and to place the Java Heap above 4GB virtual address.
# This output file may be truncated or incomplete.
#
#  Out of Memory Error (arena.cpp:168), pid=25852, tid=26288
#
# JRE version: OpenJDK Runtime Environment Temurin-21.0.12.1+1 (21.0.12.1+1) (build 21.0.12.1+1-LTS)
# Java VM: OpenJDK 64-Bit Server VM Temurin-21.0.12.1+1 (21.0.12.1+1-LTS, mixed mode, sharing, tiered, compressed oops, compressed class ptrs, parallel gc, windows-amd64)
# No core dump will be written. Minidumps are not enabled by default on client versions of Windows
#

---------------  S U M M A R Y ------------

Command Line: --add-modules=ALL-SYSTEM --add-opens=java.base/java.util=ALL-UNNAMED --add-opens=java.base/java.lang=ALL-UNNAMED --add-opens=java.base/sun.nio.fs=ALL-UNNAMED -Declipse.application=org.eclipse.jdt.ls.core.id1 -Dosgi.bundles.defaultStartLevel=4 -Declipse.product=org.eclipse.jdt.ls.core.product -Djava.import.generatesMetadataFilesAtProjectRoot=false -Dm2e.project.cache.size=50 -DDetectVMInstallationsJob.disabled=true -Dfile.encoding=utf8 -XX:+UseParallelGC -XX:GCTimeRatio=4 -XX:AdaptiveSizePolicyWeight=90 -Dsun.zip.disableMemoryMapping=true -Xmx2G -Xms100m -Xlog:disable -javaagent:c:\Users\otuom\.antigravity-ide\extensions\redhat.java-1.56.0-win32-x64\lombok\lombok-1.18.39-4050.jar -XX:+HeapDumpOnOutOfMemoryError -XX:HeapDumpPath=c:\Users\otuom\AppData\Roaming\Antigravity IDE\User\workspaceStorage\aa6dabc841f1b68b1111a0ad09e16a84\redhat.java -Daether.dependencyCollector.impl=bf c:\Users\otuom\.antigravity-ide\extensions\redhat.java-1.56.0-win32-x64\server\plugins\org.eclipse.equinox.launcher_1.8.0.v20260804-1928.jar -configuration c:\Users\otuom\AppData\Roaming\Antigravity IDE\User\globalStorage\redhat.java\1.56.0\config_win -data c:\Users\otuom\AppData\Roaming\Antigravity IDE\User\workspaceStorage\aa6dabc841f1b68b1111a0ad09e16a84\redhat.java\jdt_ws --pipe=\\.\pipe\lsp-55aa121f18c8f5b980115f7ef9bd52d6-sock

Host: 13th Gen Intel(R) Core(TM) i7-13700H, 20 cores, 7G,  Windows 11 , 64 bit Build 26100 (10.0.26100.9444)
Time: Sun Sep 20 02:00:14 2026 E. Africa Standard Time elapsed time: 4.974346 seconds (0d 0h 0m 4s)

---------------  T H R E A D  ---------------

Current thread (0x0000025a1ecb60f0):  JavaThread "C2 CompilerThread0" daemon [_thread_in_native, id=26288, stack(0x000000b493000000,0x000000b493100000) (1024K)]


Current CompileTask:
C2:4974 5373   !   4       org.eclipse.osgi.internal.loader.classpath.ClasspathManager::findClassImpl (328 bytes)

Stack: [0x000000b493000000,0x000000b493100000]
Native frames: (J=compiled Java code, j=interpreted, Vv=VM code, C=native code)
V  [jvm.dll+0x6d83e9]
V  [jvm.dll+0x8b5736]
V  [jvm.dll+0x8b7cee]
V  [jvm.dll+0x8b83d3]
V  [jvm.dll+0x284596]
V  [jvm.dll+0xc685d]
V  [jvm.dll+0xc6da1]
V  [jvm.dll+0x3bf18b]
V  [jvm.dll+0x1e4149]
V  [jvm.dll+0x24c853]
V  [jvm.dll+0x24bce0]
V  [jvm.dll+0x1cb4ae]
V  [jvm.dll+0x25baad]
V  [jvm.dll+0x25a03a]
V  [jvm.dll+0x3f8aae]
V  [jvm.dll+0x8600cd]
V  [jvm.dll+0x6d6c1d]
C  [ucrtbase.dll+0x2cd30]
C  [KERNEL32.DLL+0x2cd87]
C  [ntdll.dll+0xacaec]


---------------  P R O C E S S  ---------------

Threads class SMR info:
_java_thread_list=0x0000025a00c54c30, length=50, elements={
0x0000025a1ebfb0a0, 0x0000025a356ae5c0, 0x0000025a1ec9f520, 0x0000025a1eca26a0,
0x0000025a1eca3300, 0x0000025a1ecaa320, 0x0000025a77b683b0, 0x0000025a1ecb60f0,
0x0000025a77b73b60, 0x0000025a77c34440, 0x0000025a77b68a40, 0x0000025a77b69df0,
0x0000025a77b6a480, 0x0000025a77b69760, 0x0000025a77b690d0, 0x0000025a77b67690,
0x0000025a77b67000, 0x0000025a77b67d20, 0x0000025a7ecad730, 0x0000025a7ecaddc0,
0x0000025a7ecaeae0, 0x0000025a7ecae450, 0x0000025a7ecaf170, 0x0000025a7ecabcf0,
0x0000025a7ecad0a0, 0x0000025a7ecaf800, 0x0000025a7ecafe90, 0x0000025a7ecaca10,
0x0000025a7ecb1240, 0x0000025a7ecb18d0, 0x0000025a7ecb0520, 0x0000025a7ecb2c80,
0x0000025a7ecb0bb0, 0x0000025a7ecb1f60, 0x0000025a7ecb25f0, 0x0000025a00a3f840,
0x0000025a00a3fed0, 0x0000025a00a3eb20, 0x0000025a00a40bf0, 0x0000025a00a41280,
0x0000025a00a3f1b0, 0x0000025a00a40560, 0x0000025a00a3de00, 0x0000025a00a41910,
0x0000025a00a3e490, 0x0000025a00a41fa0, 0x0000025a00a43350, 0x0000025a00a45420,
0x0000025a00a439e0, 0x0000025a00a42630
}

Java Threads: ( => current thread )
  0x0000025a1ebfb0a0 JavaThread "main"                              [_thread_blocked, id=10480, stack(0x000000b492600000,0x000000b492700000) (1024K)]
  0x0000025a356ae5c0 JavaThread "Reference Handler"          daemon [_thread_blocked, id=18212, stack(0x000000b492a00000,0x000000b492b00000) (1024K)]
  0x0000025a1ec9f520 JavaThread "Finalizer"                  daemon [_thread_blocked, id=7564, stack(0x000000b492b00000,0x000000b492c00000) (1024K)]
  0x0000025a1eca26a0 JavaThread "Signal Dispatcher"          daemon [_thread_blocked, id=8920, stack(0x000000b492c00000,0x000000b492d00000) (1024K)]
  0x0000025a1eca3300 JavaThread "Attach Listener"            daemon [_thread_blocked, id=2384, stack(0x000000b492d00000,0x000000b492e00000) (1024K)]
  0x0000025a1ecaa320 JavaThread "Service Thread"             daemon [_thread_blocked, id=25776, stack(0x000000b492e00000,0x000000b492f00000) (1024K)]
  0x0000025a77b683b0 JavaThread "Monitor Deflation Thread"   daemon [_thread_blocked, id=2060, stack(0x000000b492f00000,0x000000b493000000) (1024K)]
=>0x0000025a1ecb60f0 JavaThread "C2 CompilerThread0"         daemon [_thread_in_native, id=26288, stack(0x000000b493000000,0x000000b493100000) (1024K)]
  0x0000025a77b73b60 JavaThread "C1 CompilerThread0"         daemon [_thread_blocked, id=4836, stack(0x000000b493100000,0x000000b493200000) (1024K)]
  0x0000025a77c34440 JavaThread "C1 CompilerThread1"         daemon [_thread_blocked, id=12008, stack(0x000000b493200000,0x000000b493300000) (1024K)]
  0x0000025a77b68a40 JavaThread "Common-Cleaner"             daemon [_thread_blocked, id=9380, stack(0x000000b493400000,0x000000b493500000) (1024K)]
  0x0000025a77b69df0 JavaThread "Notification Thread"        daemon [_thread_blocked, id=21736, stack(0x000000b493500000,0x000000b493600000) (1024K)]
  0x0000025a77b6a480 JavaThread "Active Thread: Equinox Container: 6d3d75d8-9d1e-4713-834e-f54d4ac8d2ef"        [_thread_blocked, id=704, stack(0x000000b493c00000,0x000000b493d00000) (1024K)]
  0x0000025a77b69760 JavaThread "Refresh Thread: Equinox Container: 6d3d75d8-9d1e-4713-834e-f54d4ac8d2ef" daemon [_thread_blocked, id=19708, stack(0x000000b493e00000,0x000000b493f00000) (1024K)]
  0x0000025a77b690d0 JavaThread "Framework Event Dispatcher: Equinox Container: 6d3d75d8-9d1e-4713-834e-f54d4ac8d2ef" daemon [_thread_blocked, id=19640, stack(0x000000b493f00000,0x000000b494000000) (1024K)]
  0x0000025a77b67690 JavaThread "Start Level: Equinox Container: 6d3d75d8-9d1e-4713-834e-f54d4ac8d2ef" daemon [_thread_blocked, id=19648, stack(0x000000b494000000,0x000000b494100000) (1024K)]
  0x0000025a77b67000 JavaThread "Bundle File Closer"         daemon [_thread_blocked, id=24980, stack(0x000000b494400000,0x000000b494500000) (1024K)]
  0x0000025a77b67d20 JavaThread "SCR Component Actor"        daemon [_thread_blocked, id=2956, stack(0x000000b493300000,0x000000b493400000) (1024K)]
  0x0000025a7ecad730 JavaThread "Worker-JM"                         [_thread_blocked, id=23212, stack(0x000000b494500000,0x000000b494600000) (1024K)]
  0x0000025a7ecaddc0 JavaThread "JNA Cleaner"                daemon [_thread_blocked, id=22680, stack(0x000000b494900000,0x000000b494a00000) (1024K)]
  0x0000025a7ecaeae0 JavaThread "Worker-0"                          [_thread_blocked, id=20268, stack(0x000000b494a00000,0x000000b494b00000) (1024K)]
  0x0000025a7ecae450 JavaThread "Worker-1: Initialize After Load"        [_thread_blocked, id=18224, stack(0x000000b494b00000,0x000000b494c00000) (1024K)]
  0x0000025a7ecaf170 JavaThread "Worker-2: Repository registry initialization"        [_thread_blocked, id=22112, stack(0x000000b494d00000,0x000000b494e00000) (1024K)]
  0x0000025a7ecabcf0 JavaThread "Java indexing"              daemon [_thread_blocked, id=16624, stack(0x000000b494e00000,0x000000b494f00000) (1024K)]
  0x0000025a7ecad0a0 JavaThread "Worker-3: Updating Maven Dependencies"        [_thread_blocked, id=21136, stack(0x000000b495200000,0x000000b495300000) (1024K)]
  0x0000025a7ecaf800 JavaThread "Thread-1"                   daemon [_thread_in_native, id=5232, stack(0x000000b495300000,0x000000b495400000) (1024K)]
  0x0000025a7ecafe90 JavaThread "Thread-2"                   daemon [_thread_in_native, id=7280, stack(0x000000b495400000,0x000000b495500000) (1024K)]
  0x0000025a7ecaca10 JavaThread "Thread-3"                   daemon [_thread_in_native, id=11740, stack(0x000000b495500000,0x000000b495600000) (1024K)]
  0x0000025a7ecb1240 JavaThread "Thread-4"                   daemon [_thread_in_native, id=18096, stack(0x000000b495600000,0x000000b495700000) (1024K)]
  0x0000025a7ecb18d0 JavaThread "Thread-5"                   daemon [_thread_in_native, id=24460, stack(0x000000b495700000,0x000000b495800000) (1024K)]
  0x0000025a7ecb0520 JavaThread "Thread-6"                   daemon [_thread_in_native, id=21320, stack(0x000000b495800000,0x000000b495900000) (1024K)]
  0x0000025a7ecb2c80 JavaThread "Thread-7"                   daemon [_thread_in_native, id=22572, stack(0x000000b495900000,0x000000b495a00000) (1024K)]
  0x0000025a7ecb0bb0 JavaThread "Thread-8"                   daemon [_thread_in_native, id=21604, stack(0x000000b495a00000,0x000000b495b00000) (1024K)]
  0x0000025a7ecb1f60 JavaThread "Thread-9"                   daemon [_thread_in_native, id=22284, stack(0x000000b495b00000,0x000000b495c00000) (1024K)]
  0x0000025a7ecb25f0 JavaThread "Thread-10"                  daemon [_thread_in_native, id=23780, stack(0x000000b495c00000,0x000000b495d00000) (1024K)]
  0x0000025a00a3f840 JavaThread "Thread-11"                  daemon [_thread_in_native, id=22100, stack(0x000000b495d00000,0x000000b495e00000) (1024K)]
  0x0000025a00a3fed0 JavaThread "Thread-12"                  daemon [_thread_in_native, id=24448, stack(0x000000b495e00000,0x000000b495f00000) (1024K)]
  0x0000025a00a3eb20 JavaThread "Thread-13"                  daemon [_thread_in_native, id=25788, stack(0x000000b495f00000,0x000000b496000000) (1024K)]
  0x0000025a00a40bf0 JavaThread "Thread-14"                  daemon [_thread_in_native, id=22340, stack(0x000000b496000000,0x000000b496100000) (1024K)]
  0x0000025a00a41280 JavaThread "Thread-15"                  daemon [_thread_in_native, id=22684, stack(0x000000b496100000,0x000000b496200000) (1024K)]
  0x0000025a00a3f1b0 JavaThread "Thread-16"                  daemon [_thread_in_native, id=23028, stack(0x000000b496200000,0x000000b496300000) (1024K)]
  0x0000025a00a40560 JavaThread "Thread-17"                  daemon [_thread_in_native, id=25944, stack(0x000000b496300000,0x000000b496400000) (1024K)]
  0x0000025a00a3de00 JavaThread "Thread-18"                  daemon [_thread_in_native, id=11940, stack(0x000000b496400000,0x000000b496500000) (1024K)]
  0x0000025a00a41910 JavaThread "Thread-19"                  daemon [_thread_in_native, id=22984, stack(0x000000b496500000,0x000000b496600000) (1024K)]
  0x0000025a00a3e490 JavaThread "Thread-20"                  daemon [_thread_in_native, id=19376, stack(0x000000b496600000,0x000000b496700000) (1024K)]
  0x0000025a00a41fa0 JavaThread "Thread-21"                  daemon [_thread_in_native, id=19548, stack(0x000000b496700000,0x000000b496800000) (1024K)]
  0x0000025a00a43350 JavaThread "pool-2-thread-1"                   [_thread_blocked, id=23408, stack(0x000000b496800000,0x000000b496900000) (1024K)]
  0x0000025a00a45420 JavaThread "WorkspaceEventsHandler"            [_thread_blocked, id=8796, stack(0x000000b496900000,0x000000b496a00000) (1024K)]
  0x0000025a00a439e0 JavaThread "pool-1-thread-1"                   [_thread_blocked, id=10144, stack(0x000000b496a00000,0x000000b496b00000) (1024K)]
  0x0000025a00a42630 JavaThread "Worker-4"                          [_thread_blocked, id=15452, stack(0x000000b496b00000,0x000000b496c00000) (1024K)]
Total: 50

Other Threads:
  0x0000025a356940a0 VMThread "VM Thread"                           [id=22468, stack(0x000000b492900000,0x000000b492a00000) (1024K)]
  0x0000025a3558ca00 WatcherThread "VM Periodic Task Thread"        [id=23512, stack(0x000000b492800000,0x000000b492900000) (1024K)]
  0x0000025a1ec196f0 WorkerThread "GC Thread#0"                     [id=12396, stack(0x000000b492700000,0x000000b492800000) (1024K)]
  0x0000025a7e0efbb0 WorkerThread "GC Thread#1"                     [id=9908, stack(0x000000b493600000,0x000000b493700000) (1024K)]
  0x0000025a7e0eff60 WorkerThread "GC Thread#2"                     [id=15236, stack(0x000000b493700000,0x000000b493800000) (1024K)]
  0x0000025a7e1e2130 WorkerThread "GC Thread#3"                     [id=23920, stack(0x000000b493800000,0x000000b493900000) (1024K)]
  0x0000025a7e1e24e0 WorkerThread "GC Thread#4"                     [id=22324, stack(0x000000b493900000,0x000000b493a00000) (1024K)]
  0x0000025a7e1e2890 WorkerThread "GC Thread#5"                     [id=19740, stack(0x000000b493a00000,0x000000b493b00000) (1024K)]
  0x0000025a7e5957c0 WorkerThread "GC Thread#6"                     [id=8548, stack(0x000000b493b00000,0x000000b493c00000) (1024K)]
  0x0000025a7e99aa80 WorkerThread "GC Thread#7"                     [id=23364, stack(0x000000b493d00000,0x000000b493e00000) (1024K)]
  0x0000025a7f66c5d0 WorkerThread "GC Thread#8"                     [id=14260, stack(0x000000b494100000,0x000000b494200000) (1024K)]
  0x0000025a7f770250 WorkerThread "GC Thread#9"                     [id=26396, stack(0x000000b494200000,0x000000b494300000) (1024K)]
  0x0000025a7f770600 WorkerThread "GC Thread#10"                    [id=24092, stack(0x000000b494300000,0x000000b494400000) (1024K)]
  0x0000025a7ecf9890 WorkerThread "GC Thread#11"                    [id=23288, stack(0x000000b494600000,0x000000b494700000) (1024K)]
  0x0000025a7f7993a0 WorkerThread "GC Thread#12"                    [id=10288, stack(0x000000b494700000,0x000000b494800000) (1024K)]
  0x0000025a7f379030 WorkerThread "GC Thread#13"                    [id=10568, stack(0x000000b494800000,0x000000b494900000) (1024K)]
  0x0000025a7f37a2a0 WorkerThread "GC Thread#14"                    [id=12220, stack(0x000000b494c00000,0x000000b494d00000) (1024K)]
Total: 17

Threads with active compile tasks:
C2 CompilerThread0  4987 5373   !   4       org.eclipse.osgi.internal.loader.classpath.ClasspathManager::findClassImpl (328 bytes)
Total: 1

VM state: at safepoint (normal execution)

VM Mutex/Monitor currently owned by a thread:  ([mutex/lock_event])
[0x00007ffba968f5b0] Threads_lock - owner thread: 0x0000025a356940a0
[0x00007ffba968f6b0] Heap_lock - owner thread: 0x0000025a7ecaf170

Heap address: 0x0000000080000000, size: 2048 MB, Compressed Oops mode: 32-bit

CDS archive(s) mapped at: [0x0000025a36000000-0x0000025a36ba0000-0x0000025a36ba0000), size 12189696, SharedBaseAddress: 0x0000025a36000000, ArchiveRelocationMode: 1.
Compressed class space mapped at: 0x0000025a37000000-0x0000025a77000000, reserved size: 1073741824
Narrow klass base: 0x0000025a36000000, Narrow klass shift: 0, Narrow klass range: 0x100000000

GC Precious Log:
 CardTable entry size: 512
 CPUs: 20 total, 20 available
 Memory: 7709M
 Large Page Support: Disabled
 NUMA Support: Disabled
 Compressed Oops: Enabled (32-bit)
 Alignments: Space 512K, Generation 512K, Heap 2M
 Heap Min Capacity: 100M
 Heap Initial Capacity: 100M
 Heap Max Capacity: 2G
 Pre-touch: Disabled
 Parallel Workers: 15

Heap:
 PSYoungGen      total 22528K, used 512K [0x00000000d5580000, 0x00000000d6f80000, 0x0000000100000000)
  eden space 22016K, 0% used [0x00000000d5580000,0x00000000d5580000,0x00000000d6b00000)
  from space 512K, 100% used [0x00000000d6f00000,0x00000000d6f80000,0x00000000d6f80000)
  to   space 1024K, 0% used [0x00000000d6e00000,0x00000000d6e00000,0x00000000d6f00000)
 ParOldGen       total 68608K, used 23039K [0x0000000080000000, 0x0000000084300000, 0x00000000d5580000)
  object space 68608K, 33% used [0x0000000080000000,0x000000008167feb0,0x0000000084300000)
 Metaspace       used 43458K, committed 44544K, reserved 1114112K
  class space    used 4709K, committed 5184K, reserved 1048576K

Card table byte_map: [0x0000025a1e5d0000,0x0000025a1e9e0000] _byte_map_base: 0x0000025a1e1d0000

Marking Bits: (ParMarkBitMap*) 0x00007ffba96944a0
 Begin Bits: [0x0000025a310b0000, 0x0000025a330b0000)
 End Bits:   [0x0000025a330b0000, 0x0000025a350b0000)

Polling page: 0x0000025a1e3c0000

Metaspace:

Usage:
  Non-class:     37.84 MB used.
      Class:      4.60 MB used.
       Both:     42.44 MB used.

Virtual space:
  Non-class space:       64.00 MB reserved,      38.44 MB ( 60%) committed,  1 nodes.
      Class space:        1.00 GB reserved,       5.06 MB ( <1%) committed,  1 nodes.
             Both:        1.06 GB reserved,      43.50 MB (  4%) committed. 

Chunk freelists:
   Non-Class:  9.14 MB
       Class:  10.90 MB
        Both:  20.04 MB

MaxMetaspaceSize: unlimited
CompressedClassSpaceSize: 1.00 GB
Initial GC threshold: 21.00 MB
Current GC threshold: 58.38 MB
CDS: on
 - commit_granule_bytes: 65536.
 - commit_granule_words: 8192.
 - virtual_space_node_default_size: 8388608.
 - enlarge_chunks_in_place: 1.
 - use_allocation_guard: 0.


Internal statistics:

num_allocs_failed_limit: 8.
num_arena_births: 772.
num_arena_deaths: 14.
num_vsnodes_births: 2.
num_vsnodes_deaths: 0.
num_space_committed: 696.
num_space_uncommitted: 0.
num_chunks_returned_to_freelist: 22.
num_chunks_taken_from_freelist: 2642.
num_chunk_merges: 12.
num_chunk_splits: 1691.
num_chunks_enlarged: 1031.
num_inconsistent_stats: 0.

CodeHeap 'non-profiled nmethods': size=119168Kb used=1904Kb max_used=1904Kb free=117263Kb
 bounds [0x0000025a299a0000, 0x0000025a29c10000, 0x0000025a30e00000]
CodeHeap 'profiled nmethods': size=119104Kb used=11426Kb max_used=11426Kb free=107677Kb
 bounds [0x0000025a21e00000, 0x0000025a22930000, 0x0000025a29250000]
CodeHeap 'non-nmethods': size=7488Kb used=1924Kb max_used=2401Kb free=5564Kb
 bounds [0x0000025a29250000, 0x0000025a294c0000, 0x0000025a299a0000]
CodeCache: size=245760Kb, used=15254Kb, max_used=15731Kb, free=230504Kb
 total_blobs=6239, nmethods=5584, adapters=560, full_count=0
Compilation: enabled, stopped_count=0, restarted_count=0

Compilation events (20 events):
Event: 4.960 Thread 0x0000025a77c34440 nmethod 6137 0x0000025a22924d10 code [0x0000025a22924ee0, 0x0000025a22925150]
Event: 4.960 Thread 0x0000025a77c34440 6140       2       com.google.inject.internal.Scoping::isEagerSingleton (38 bytes)
Event: 4.960 Thread 0x0000025a77c34440 nmethod 6140 0x0000025a22925290 code [0x0000025a22925440, 0x0000025a22925600]
Event: 4.960 Thread 0x0000025a77b73b60 nmethod 6136 0x0000025a22925690 code [0x0000025a22925860, 0x0000025a22925ac0]
Event: 4.960 Thread 0x0000025a77c34440 6139       2       com.google.inject.internal.InternalInjectorCreator::isEagerSingleton (62 bytes)
Event: 4.960 Thread 0x0000025a77c34440 nmethod 6139 0x0000025a22925c10 code [0x0000025a22925e00, 0x0000025a22926130]
Event: 4.967 Thread 0x0000025a77b73b60 6141       1       com.google.inject.spi.ElementSource::getDeclaringSource (5 bytes)
Event: 4.967 Thread 0x0000025a77b73b60 nmethod 6141 0x0000025a29b7bc10 code [0x0000025a29b7bda0, 0x0000025a29b7be68]
Event: 4.967 Thread 0x0000025a77c34440 6142       2       org.eclipse.sisu.inject.Implementations$ClassFinder::visit (6 bytes)
Event: 4.967 Thread 0x0000025a77b73b60 6143       2       org.eclipse.sisu.inject.Implementations$ClassFinder::visit (13 bytes)
Event: 4.967 Thread 0x0000025a77c34440 nmethod 6142 0x0000025a22926390 code [0x0000025a22926540, 0x0000025a22926698]
Event: 4.967 Thread 0x0000025a77b73b60 nmethod 6143 0x0000025a22926810 code [0x0000025a229269c0, 0x0000025a22926b18]
Event: 4.967 Thread 0x0000025a77b73b60 6144       1       com.google.common.collect.AbstractMapBasedMultimap$WrappedCollection::getDelegate (5 bytes)
Event: 4.967 Thread 0x0000025a77c34440 6145       2       org.eclipse.sisu.inject.InjectorBindings::isAssignableFrom (29 bytes)
Event: 4.967 Thread 0x0000025a77b73b60 nmethod 6144 0x0000025a29b7bf10 code [0x0000025a29b7c0a0, 0x0000025a29b7c168]
Event: 4.967 Thread 0x0000025a77b73b60 6146       2       org.eclipse.sisu.inject.Implementations::find (13 bytes)
Event: 4.967 Thread 0x0000025a77b73b60 nmethod 6146 0x0000025a22926c90 code [0x0000025a22926e40, 0x0000025a22926f98]
Event: 4.967 Thread 0x0000025a77b73b60 6147       2       org.eclipse.sisu.inject.TypeArguments::isAssignableFrom (161 bytes)
Event: 4.968 Thread 0x0000025a77c34440 nmethod 6145 0x0000025a22927090 code [0x0000025a22927260, 0x0000025a229274c8]
Event: 4.968 Thread 0x0000025a77b73b60 nmethod 6147 0x0000025a22927690 code [0x0000025a22927960, 0x0000025a22928490]

GC Heap History (20 events):
Event: 3.841 GC heap before
{Heap before GC invocations=10 (full 1):
 PSYoungGen      total 28672K, used 23837K [0x00000000d5580000, 0x00000000d7700000, 0x0000000100000000)
  eden space 24064K, 99% used [0x00000000d5580000,0x00000000d6cc76a8,0x00000000d6d00000)
  from space 4608K, 0% used [0x00000000d7280000,0x00000000d7280000,0x00000000d7700000)
  to   space 5120K, 0% used [0x00000000d6d00000,0x00000000d6d00000,0x00000000d7200000)
 ParOldGen       total 68608K, used 13572K [0x0000000080000000, 0x0000000084300000, 0x00000000d5580000)
  object space 68608K, 19% used [0x0000000080000000,0x0000000080d411b8,0x0000000084300000)
 Metaspace       used 22804K, committed 23616K, reserved 1114112K
  class space    used 2338K, committed 2688K, reserved 1048576K
}
Event: 3.842 GC heap after
{Heap after GC invocations=10 (full 1):
 PSYoungGen      total 24576K, used 743K [0x00000000d5580000, 0x00000000d7300000, 0x0000000100000000)
  eden space 23552K, 0% used [0x00000000d5580000,0x00000000d5580000,0x00000000d6c80000)
  from space 1024K, 72% used [0x00000000d6d00000,0x00000000d6db9e98,0x00000000d6e00000)
  to   space 2560K, 0% used [0x00000000d7080000,0x00000000d7080000,0x00000000d7300000)
 ParOldGen       total 68608K, used 13580K [0x0000000080000000, 0x0000000084300000, 0x00000000d5580000)
  object space 68608K, 19% used [0x0000000080000000,0x0000000080d431b8,0x0000000084300000)
 Metaspace       used 22804K, committed 23616K, reserved 1114112K
  class space    used 2338K, committed 2688K, reserved 1048576K
}
Event: 3.945 GC heap before
{Heap before GC invocations=11 (full 1):
 PSYoungGen      total 24576K, used 24295K [0x00000000d5580000, 0x00000000d7300000, 0x0000000100000000)
  eden space 23552K, 100% used [0x00000000d5580000,0x00000000d6c80000,0x00000000d6c80000)
  from space 1024K, 72% used [0x00000000d6d00000,0x00000000d6db9e98,0x00000000d6e00000)
  to   space 2560K, 0% used [0x00000000d7080000,0x00000000d7080000,0x00000000d7300000)
 ParOldGen       total 68608K, used 13580K [0x0000000080000000, 0x0000000084300000, 0x00000000d5580000)
  object space 68608K, 19% used [0x0000000080000000,0x0000000080d431b8,0x0000000084300000)
 Metaspace       used 26370K, committed 27200K, reserved 1114112K
  class space    used 2600K, committed 2944K, reserved 1048576K
}
Event: 3.946 GC heap after
{Heap after GC invocations=11 (full 1):
 PSYoungGen      total 24064K, used 889K [0x00000000d5580000, 0x00000000d7180000, 0x0000000100000000)
  eden space 23040K, 0% used [0x00000000d5580000,0x00000000d5580000,0x00000000d6c00000)
  from space 1024K, 86% used [0x00000000d7080000,0x00000000d715e5b0,0x00000000d7180000)
  to   space 1536K, 0% used [0x00000000d6e80000,0x00000000d6e80000,0x00000000d7000000)
 ParOldGen       total 68608K, used 13588K [0x0000000080000000, 0x0000000084300000, 0x00000000d5580000)
  object space 68608K, 19% used [0x0000000080000000,0x0000000080d451b8,0x0000000084300000)
 Metaspace       used 26370K, committed 27200K, reserved 1114112K
  class space    used 2600K, committed 2944K, reserved 1048576K
}
Event: 4.056 GC heap before
{Heap before GC invocations=12 (full 1):
 PSYoungGen      total 24064K, used 23929K [0x00000000d5580000, 0x00000000d7180000, 0x0000000100000000)
  eden space 23040K, 100% used [0x00000000d5580000,0x00000000d6c00000,0x00000000d6c00000)
  from space 1024K, 86% used [0x00000000d7080000,0x00000000d715e5b0,0x00000000d7180000)
  to   space 1536K, 0% used [0x00000000d6e80000,0x00000000d6e80000,0x00000000d7000000)
 ParOldGen       total 68608K, used 13588K [0x0000000080000000, 0x0000000084300000, 0x00000000d5580000)
  object space 68608K, 19% used [0x0000000080000000,0x0000000080d451b8,0x0000000084300000)
 Metaspace       used 27970K, committed 28800K, reserved 1114112K
  class space    used 2720K, committed 3072K, reserved 1048576K
}
Event: 4.057 GC heap after
{Heap after GC invocations=12 (full 1):
 PSYoungGen      total 24064K, used 1531K [0x00000000d5580000, 0x00000000d7280000, 0x0000000100000000)
  eden space 22528K, 0% used [0x00000000d5580000,0x00000000d5580000,0x00000000d6b80000)
  from space 1536K, 99% used [0x00000000d6e80000,0x00000000d6ffeda0,0x00000000d7000000)
  to   space 2560K, 0% used [0x00000000d7000000,0x00000000d7000000,0x00000000d7280000)
 ParOldGen       total 68608K, used 15105K [0x0000000080000000, 0x0000000084300000, 0x00000000d5580000)
  object space 68608K, 22% used [0x0000000080000000,0x0000000080ec05b8,0x0000000084300000)
 Metaspace       used 27970K, committed 28800K, reserved 1114112K
  class space    used 2720K, committed 3072K, reserved 1048576K
}
Event: 4.215 GC heap before
{Heap before GC invocations=13 (full 1):
 PSYoungGen      total 24064K, used 24059K [0x00000000d5580000, 0x00000000d7280000, 0x0000000100000000)
  eden space 22528K, 100% used [0x00000000d5580000,0x00000000d6b80000,0x00000000d6b80000)
  from space 1536K, 99% used [0x00000000d6e80000,0x00000000d6ffeda0,0x00000000d7000000)
  to   space 2560K, 0% used [0x00000000d7000000,0x00000000d7000000,0x00000000d7280000)
 ParOldGen       total 68608K, used 15529K [0x0000000080000000, 0x0000000084300000, 0x00000000d5580000)
  object space 68608K, 22% used [0x0000000080000000,0x0000000080f2a480,0x0000000084300000)
 Metaspace       used 31186K, committed 32128K, reserved 1114112K
  class space    used 3080K, committed 3456K, reserved 1048576K
}
Event: 4.218 GC heap after
{Heap after GC invocations=13 (full 1):
 PSYoungGen      total 25088K, used 2200K [0x00000000d5580000, 0x00000000d7280000, 0x0000000100000000)
  eden space 22528K, 0% used [0x00000000d5580000,0x00000000d5580000,0x00000000d6b80000)
  from space 2560K, 85% used [0x00000000d7000000,0x00000000d7226278,0x00000000d7280000)
  to   space 2560K, 0% used [0x00000000d6d80000,0x00000000d6d80000,0x00000000d7000000)
 ParOldGen       total 68608K, used 16948K [0x0000000080000000, 0x0000000084300000, 0x00000000d5580000)
  object space 68608K, 24% used [0x0000000080000000,0x000000008108d1a0,0x0000000084300000)
 Metaspace       used 31186K, committed 32128K, reserved 1114112K
  class space    used 3080K, committed 3456K, reserved 1048576K
}
Event: 4.301 GC heap before
{Heap before GC invocations=14 (full 1):
 PSYoungGen      total 25088K, used 24728K [0x00000000d5580000, 0x00000000d7280000, 0x0000000100000000)
  eden space 22528K, 99% used [0x00000000d5580000,0x00000000d6b7fff8,0x00000000d6b80000)
  from space 2560K, 85% used [0x00000000d7000000,0x00000000d7226278,0x00000000d7280000)
  to   space 2560K, 0% used [0x00000000d6d80000,0x00000000d6d80000,0x00000000d7000000)
 ParOldGen       total 68608K, used 16963K [0x0000000080000000, 0x0000000084300000, 0x00000000d5580000)
  object space 68608K, 24% used [0x0000000080000000,0x0000000081090ce8,0x0000000084300000)
 Metaspace       used 33982K, committed 35008K, reserved 1114112K
  class space    used 3445K, committed 3840K, reserved 1048576K
}
Event: 4.303 GC heap after
{Heap after GC invocations=14 (full 1):
 PSYoungGen      total 24576K, used 2272K [0x00000000d5580000, 0x00000000d7080000, 0x0000000100000000)
  eden space 22016K, 0% used [0x00000000d5580000,0x00000000d5580000,0x00000000d6b00000)
  from space 2560K, 88% used [0x00000000d6d80000,0x00000000d6fb8000,0x00000000d7000000)
  to   space 512K, 0% used [0x00000000d7000000,0x00000000d7000000,0x00000000d7080000)
 ParOldGen       total 68608K, used 18737K [0x0000000080000000, 0x0000000084300000, 0x00000000d5580000)
  object space 68608K, 27% used [0x0000000080000000,0x000000008124c718,0x0000000084300000)
 Metaspace       used 33982K, committed 35008K, reserved 1114112K
  class space    used 3445K, committed 3840K, reserved 1048576K
}
Event: 4.333 GC heap before
{Heap before GC invocations=15 (full 1):
 PSYoungGen      total 24576K, used 8991K [0x00000000d5580000, 0x00000000d7080000, 0x0000000100000000)
  eden space 22016K, 30% used [0x00000000d5580000,0x00000000d5c0fe98,0x00000000d6b00000)
  from space 2560K, 88% used [0x00000000d6d80000,0x00000000d6fb8000,0x00000000d7000000)
  to   space 512K, 0% used [0x00000000d7000000,0x00000000d7000000,0x00000000d7080000)
 ParOldGen       total 68608K, used 18737K [0x0000000080000000, 0x0000000084300000, 0x00000000d5580000)
  object space 68608K, 27% used [0x0000000080000000,0x000000008124c718,0x0000000084300000)
 Metaspace       used 34866K, committed 35840K, reserved 1114112K
  class space    used 3564K, committed 3968K, reserved 1048576K
}
Event: 4.335 GC heap after
{Heap after GC invocations=15 (full 1):
 PSYoungGen      total 22528K, used 480K [0x00000000d5580000, 0x00000000d7080000, 0x0000000100000000)
  eden space 22016K, 0% used [0x00000000d5580000,0x00000000d5580000,0x00000000d6b00000)
  from space 512K, 93% used [0x00000000d7000000,0x00000000d7078000,0x00000000d7080000)
  to   space 1536K, 0% used [0x00000000d6d80000,0x00000000d6d80000,0x00000000d6f00000)
 ParOldGen       total 68608K, used 20793K [0x0000000080000000, 0x0000000084300000, 0x00000000d5580000)
  object space 68608K, 30% used [0x0000000080000000,0x000000008144e728,0x0000000084300000)
 Metaspace       used 34866K, committed 35840K, reserved 1114112K
  class space    used 3564K, committed 3968K, reserved 1048576K
}
Event: 4.335 GC heap before
{Heap before GC invocations=16 (full 2):
 PSYoungGen      total 22528K, used 480K [0x00000000d5580000, 0x00000000d7080000, 0x0000000100000000)
  eden space 22016K, 0% used [0x00000000d5580000,0x00000000d5580000,0x00000000d6b00000)
  from space 512K, 93% used [0x00000000d7000000,0x00000000d7078000,0x00000000d7080000)
  to   space 1536K, 0% used [0x00000000d6d80000,0x00000000d6d80000,0x00000000d6f00000)
 ParOldGen       total 68608K, used 20793K [0x0000000080000000, 0x0000000084300000, 0x00000000d5580000)
  object space 68608K, 30% used [0x0000000080000000,0x000000008144e728,0x0000000084300000)
 Metaspace       used 34866K, committed 35840K, reserved 1114112K
  class space    used 3564K, committed 3968K, reserved 1048576K
}
Event: 4.358 GC heap after
{Heap after GC invocations=16 (full 2):
 PSYoungGen      total 22528K, used 0K [0x00000000d5580000, 0x00000000d7080000, 0x0000000100000000)
  eden space 22016K, 0% used [0x00000000d5580000,0x00000000d5580000,0x00000000d6b00000)
  from space 512K, 0% used [0x00000000d7000000,0x00000000d7000000,0x00000000d7080000)
  to   space 1536K, 0% used [0x00000000d6d80000,0x00000000d6d80000,0x00000000d6f00000)
 ParOldGen       total 68608K, used 19832K [0x0000000080000000, 0x0000000084300000, 0x00000000d5580000)
  object space 68608K, 28% used [0x0000000080000000,0x000000008135e180,0x0000000084300000)
 Metaspace       used 34866K, committed 35840K, reserved 1114112K
  class space    used 3564K, committed 3968K, reserved 1048576K
}
Event: 4.471 GC heap before
{Heap before GC invocations=17 (full 2):
 PSYoungGen      total 22528K, used 22016K [0x00000000d5580000, 0x00000000d7080000, 0x0000000100000000)
  eden space 22016K, 100% used [0x00000000d5580000,0x00000000d6b00000,0x00000000d6b00000)
  from space 512K, 0% used [0x00000000d7000000,0x00000000d7000000,0x00000000d7080000)
  to   space 1536K, 0% used [0x00000000d6d80000,0x00000000d6d80000,0x00000000d6f00000)
 ParOldGen       total 68608K, used 19832K [0x0000000080000000, 0x0000000084300000, 0x00000000d5580000)
  object space 68608K, 28% used [0x0000000080000000,0x000000008135e180,0x0000000084300000)
 Metaspace       used 37050K, committed 38080K, reserved 1114112K
  class space    used 3866K, committed 4288K, reserved 1048576K
}
Event: 4.472 GC heap after
{Heap after GC invocations=17 (full 2):
 PSYoungGen      total 23552K, used 1372K [0x00000000d5580000, 0x00000000d7080000, 0x0000000100000000)
  eden space 22016K, 0% used [0x00000000d5580000,0x00000000d5580000,0x00000000d6b00000)
  from space 1536K, 89% used [0x00000000d6d80000,0x00000000d6ed7350,0x00000000d6f00000)
  to   space 1536K, 0% used [0x00000000d6f00000,0x00000000d6f00000,0x00000000d7080000)
 ParOldGen       total 68608K, used 19840K [0x0000000080000000, 0x0000000084300000, 0x00000000d5580000)
  object space 68608K, 28% used [0x0000000080000000,0x0000000081360180,0x0000000084300000)
 Metaspace       used 37050K, committed 38080K, reserved 1114112K
  class space    used 3866K, committed 4288K, reserved 1048576K
}
Event: 4.601 GC heap before
{Heap before GC invocations=18 (full 2):
 PSYoungGen      total 23552K, used 23388K [0x00000000d5580000, 0x00000000d7080000, 0x0000000100000000)
  eden space 22016K, 100% used [0x00000000d5580000,0x00000000d6b00000,0x00000000d6b00000)
  from space 1536K, 89% used [0x00000000d6d80000,0x00000000d6ed7350,0x00000000d6f00000)
  to   space 1536K, 0% used [0x00000000d6f00000,0x00000000d6f00000,0x00000000d7080000)
 ParOldGen       total 68608K, used 19840K [0x0000000080000000, 0x0000000084300000, 0x00000000d5580000)
  object space 68608K, 28% used [0x0000000080000000,0x0000000081360180,0x0000000084300000)
 Metaspace       used 38429K, committed 39488K, reserved 1114112K
  class space    used 4045K, committed 4480K, reserved 1048576K
}
Event: 4.602 GC heap after
{Heap after GC invocations=18 (full 2):
 PSYoungGen      total 23040K, used 736K [0x00000000d5580000, 0x00000000d7000000, 0x0000000100000000)
  eden space 22016K, 0% used [0x00000000d5580000,0x00000000d5580000,0x00000000d6b00000)
  from space 1024K, 71% used [0x00000000d6f00000,0x00000000d6fb8000,0x00000000d7000000)
  to   space 1024K, 0% used [0x00000000d6e00000,0x00000000d6e00000,0x00000000d6f00000)
 ParOldGen       total 68608K, used 20912K [0x0000000080000000, 0x0000000084300000, 0x00000000d5580000)
  object space 68608K, 30% used [0x0000000080000000,0x000000008146c190,0x0000000084300000)
 Metaspace       used 38429K, committed 39488K, reserved 1114112K
  class space    used 4045K, committed 4480K, reserved 1048576K
}
Event: 4.759 GC heap before
{Heap before GC invocations=19 (full 2):
 PSYoungGen      total 23040K, used 22752K [0x00000000d5580000, 0x00000000d7000000, 0x0000000100000000)
  eden space 22016K, 100% used [0x00000000d5580000,0x00000000d6b00000,0x00000000d6b00000)
  from space 1024K, 71% used [0x00000000d6f00000,0x00000000d6fb8000,0x00000000d7000000)
  to   space 1024K, 0% used [0x00000000d6e00000,0x00000000d6e00000,0x00000000d6f00000)
 ParOldGen       total 68608K, used 20912K [0x0000000080000000, 0x0000000084300000, 0x00000000d5580000)
  object space 68608K, 30% used [0x0000000080000000,0x000000008146c190,0x0000000084300000)
 Metaspace       used 40863K, committed 41856K, reserved 1114112K
  class space    used 4359K, committed 4736K, reserved 1048576K
}
Event: 4.760 GC heap after
{Heap after GC invocations=19 (full 2):
 PSYoungGen      total 23040K, used 1024K [0x00000000d5580000, 0x00000000d6f80000, 0x0000000100000000)
  eden space 22016K, 0% used [0x00000000d5580000,0x00000000d5580000,0x00000000d6b00000)
  from space 1024K, 100% used [0x00000000d6e00000,0x00000000d6f00000,0x00000000d6f00000)
  to   space 512K, 0% used [0x00000000d6f00000,0x00000000d6f00000,0x00000000d6f80000)
 ParOldGen       total 68608K, used 21376K [0x0000000080000000, 0x0000000084300000, 0x00000000d5580000)
  object space 68608K, 31% used [0x0000000080000000,0x00000000814e0190,0x0000000084300000)
 Metaspace       used 40863K, committed 41856K, reserved 1114112K
  class space    used 4359K, committed 4736K, reserved 1048576K
}

Dll operation events (20 events):
Event: 0.007 Attempting to load shared library c:\Users\otuom\.antigravity-ide\extensions\redhat.java-1.56.0-win32-x64\jre\21.0.12.1-win32-x86_64\bin\java.dll
Event: 0.007 Loaded shared library c:\Users\otuom\.antigravity-ide\extensions\redhat.java-1.56.0-win32-x64\jre\21.0.12.1-win32-x86_64\bin\java.dll
Event: 0.051 Attempting to load shared library c:\Users\otuom\.antigravity-ide\extensions\redhat.java-1.56.0-win32-x64\jre\21.0.12.1-win32-x86_64\bin\zip.dll
Event: 0.051 Loaded shared library c:\Users\otuom\.antigravity-ide\extensions\redhat.java-1.56.0-win32-x64\jre\21.0.12.1-win32-x86_64\bin\zip.dll
Event: 0.064 Attempting to load shared library C:\Users\otuom\.antigravity-ide\extensions\redhat.java-1.56.0-win32-x64\jre\21.0.12.1-win32-x86_64\bin\instrument.dll
Event: 0.064 Loaded shared library C:\Users\otuom\.antigravity-ide\extensions\redhat.java-1.56.0-win32-x64\jre\21.0.12.1-win32-x86_64\bin\instrument.dll
Event: 0.066 Attempting to load shared library C:\Users\otuom\.antigravity-ide\extensions\redhat.java-1.56.0-win32-x64\jre\21.0.12.1-win32-x86_64\bin\net.dll
Event: 0.067 Loaded shared library C:\Users\otuom\.antigravity-ide\extensions\redhat.java-1.56.0-win32-x64\jre\21.0.12.1-win32-x86_64\bin\net.dll
Event: 0.068 Attempting to load shared library C:\Users\otuom\.antigravity-ide\extensions\redhat.java-1.56.0-win32-x64\jre\21.0.12.1-win32-x86_64\bin\nio.dll
Event: 0.069 Loaded shared library C:\Users\otuom\.antigravity-ide\extensions\redhat.java-1.56.0-win32-x64\jre\21.0.12.1-win32-x86_64\bin\nio.dll
Event: 0.071 Attempting to load shared library C:\Users\otuom\.antigravity-ide\extensions\redhat.java-1.56.0-win32-x64\jre\21.0.12.1-win32-x86_64\bin\zip.dll
Event: 0.071 Loaded shared library C:\Users\otuom\.antigravity-ide\extensions\redhat.java-1.56.0-win32-x64\jre\21.0.12.1-win32-x86_64\bin\zip.dll
Event: 0.081 Attempting to load shared library C:\Users\otuom\.antigravity-ide\extensions\redhat.java-1.56.0-win32-x64\jre\21.0.12.1-win32-x86_64\bin\jimage.dll
Event: 0.081 Loaded shared library C:\Users\otuom\.antigravity-ide\extensions\redhat.java-1.56.0-win32-x64\jre\21.0.12.1-win32-x86_64\bin\jimage.dll
Event: 0.126 Attempting to load shared library c:\Users\otuom\.antigravity-ide\extensions\redhat.java-1.56.0-win32-x64\jre\21.0.12.1-win32-x86_64\bin\verify.dll
Event: 0.126 Loaded shared library c:\Users\otuom\.antigravity-ide\extensions\redhat.java-1.56.0-win32-x64\jre\21.0.12.1-win32-x86_64\bin\verify.dll
Event: 0.763 Attempting to load shared library C:\Users\otuom\AppData\Roaming\Antigravity IDE\User\globalStorage\redhat.java\1.56.0\config_win\org.eclipse.equinox.launcher\org.eclipse.equinox.launcher.win32.win32.x86_64_1.3.100.v20260804-1928\eclipse_11924.dll
Event: 0.764 Loaded shared library C:\Users\otuom\AppData\Roaming\Antigravity IDE\User\globalStorage\redhat.java\1.56.0\config_win\org.eclipse.equinox.launcher\org.eclipse.equinox.launcher.win32.win32.x86_64_1.3.100.v20260804-1928\eclipse_11924.dll
Event: 3.420 Attempting to load shared library C:\Users\otuom\AppData\Local\Temp\jna-106082574\jna7713315843612325716.dll
Event: 3.472 Loaded shared library C:\Users\otuom\AppData\Local\Temp\jna-106082574\jna7713315843612325716.dll

Deoptimization events (20 events):
Event: 4.491 Thread 0x0000025a7ecad0a0 Uncommon trap: trap_request=0xffffffde fr.pc=0x0000025a29b335f4 relative=0x00000000000001b4
Event: 4.491 Thread 0x0000025a7ecad0a0 Uncommon trap: reason=class_check action=maybe_recompile pc=0x0000025a29b335f4 method=java.util.regex.Matcher.getTextLength()I @ 4 c2
Event: 4.491 Thread 0x0000025a7ecad0a0 DEOPT PACKING pc=0x0000025a29b335f4 sp=0x000000b4952fe2d0
Event: 4.491 Thread 0x0000025a7ecad0a0 DEOPT UNPACKING pc=0x0000025a292a3aa2 sp=0x000000b4952fe1f8 mode 2
Event: 4.533 Thread 0x0000025a7ecad0a0 DEOPT PACKING pc=0x0000025a21e402d3 sp=0x000000b4952fe290
Event: 4.533 Thread 0x0000025a7ecad0a0 DEOPT UNPACKING pc=0x0000025a292a4242 sp=0x000000b4952fd700 mode 0
Event: 4.817 Thread 0x0000025a7ecad0a0 Uncommon trap: trap_request=0xffffff45 fr.pc=0x0000025a29ad57f4 relative=0x0000000000000294
Event: 4.817 Thread 0x0000025a7ecad0a0 Uncommon trap: reason=unstable_if action=reinterpret pc=0x0000025a29ad57f4 method=java.lang.ClassLoader.checkName(Ljava/lang/String;)Z @ 1 c2
Event: 4.817 Thread 0x0000025a7ecad0a0 DEOPT PACKING pc=0x0000025a29ad57f4 sp=0x000000b4952fdec0
Event: 4.817 Thread 0x0000025a7ecad0a0 DEOPT UNPACKING pc=0x0000025a292a3aa2 sp=0x000000b4952fde58 mode 2
Event: 4.817 Thread 0x0000025a7ecad0a0 Uncommon trap: trap_request=0xffffff45 fr.pc=0x0000025a29a530a8 relative=0x00000000000068a8
Event: 4.817 Thread 0x0000025a7ecad0a0 Uncommon trap: reason=unstable_if action=reinterpret pc=0x0000025a29a530a8 method=lombok.patcher.ScriptManager$OurClassFileTransformer.transform(Ljava/lang/ClassLoader;Ljava/lang/String;Ljava/lang/Class;Ljava/security/ProtectionDomain;[B)[B @ 1 c2
Event: 4.817 Thread 0x0000025a7ecad0a0 DEOPT PACKING pc=0x0000025a29a530a8 sp=0x000000b4952fca10
Event: 4.817 Thread 0x0000025a7ecad0a0 DEOPT UNPACKING pc=0x0000025a292a3aa2 sp=0x000000b4952fc9d0 mode 2
Event: 4.831 Thread 0x0000025a7ecaf170 Uncommon trap: trap_request=0xffffff45 fr.pc=0x0000025a29a8f228 relative=0x0000000000000108
Event: 4.831 Thread 0x0000025a7ecaf170 Uncommon trap: reason=unstable_if action=reinterpret pc=0x0000025a29a8f228 method=jdk.internal.org.objectweb.asm.ByteVector.putShort(I)Ljdk/internal/org/objectweb/asm/ByteVector; @ 13 c2
Event: 4.831 Thread 0x0000025a7ecaf170 DEOPT PACKING pc=0x0000025a29a8f228 sp=0x000000b494dfd270
Event: 4.831 Thread 0x0000025a7ecaf170 DEOPT UNPACKING pc=0x0000025a292a3aa2 sp=0x000000b494dfd1f8 mode 2
Event: 4.917 Thread 0x0000025a7ecad0a0 DEOPT PACKING pc=0x0000025a228baea7 sp=0x000000b4952fd5b0
Event: 4.917 Thread 0x0000025a7ecad0a0 DEOPT UNPACKING pc=0x0000025a292a4242 sp=0x000000b4952fcab0 mode 0

Classes loaded (20 events):
Event: 4.611 Loading class sun/reflect/annotation/AnnotatedTypeFactory$AnnotatedParameterizedTypeImpl
Event: 4.611 Loading class java/lang/reflect/AnnotatedParameterizedType
Event: 4.611 Loading class java/lang/reflect/AnnotatedParameterizedType done
Event: 4.611 Loading class sun/reflect/annotation/AnnotatedTypeFactory$AnnotatedParameterizedTypeImpl done
Event: 4.719 Loading class java/util/concurrent/CompletionService
Event: 4.719 Loading class java/util/concurrent/CompletionService done
Event: 4.737 Loading class java/nio/channels/ServerSocketChannel
Event: 4.737 Loading class java/nio/channels/ServerSocketChannel done
Event: 4.737 Loading class sun/reflect/generics/scope/ConstructorScope
Event: 4.738 Loading class sun/reflect/generics/scope/ConstructorScope done
Event: 4.738 Loading class sun/reflect/generics/tree/VoidDescriptor
Event: 4.738 Loading class sun/reflect/generics/tree/VoidDescriptor done
Event: 4.808 Loading class java/lang/ExceptionInInitializerError
Event: 4.808 Loading class java/lang/ExceptionInInitializerError done
Event: 4.808 Loading class sun/misc/Unsafe
Event: 4.809 Loading class sun/misc/Unsafe done
Event: 4.816 Loading class jdk/internal/org/objectweb/asm/ClassReader
Event: 4.816 Loading class jdk/internal/org/objectweb/asm/ClassReader done
Event: 4.830 Loading class java/lang/invoke/MethodHandleImpl$CountingWrapper
Event: 4.830 Loading class java/lang/invoke/MethodHandleImpl$CountingWrapper done

Classes unloaded (7 events):
Event: 3.731 Thread 0x0000025a356940a0 Unloading class 0x0000025a371a9000 'java/lang/invoke/LambdaForm$MH+0x0000025a371a9000'
Event: 3.731 Thread 0x0000025a356940a0 Unloading class 0x0000025a371a8c00 'java/lang/invoke/LambdaForm$MH+0x0000025a371a8c00'
Event: 3.731 Thread 0x0000025a356940a0 Unloading class 0x0000025a371a8800 'java/lang/invoke/LambdaForm$MH+0x0000025a371a8800'
Event: 3.731 Thread 0x0000025a356940a0 Unloading class 0x0000025a371a8400 'java/lang/invoke/LambdaForm$MH+0x0000025a371a8400'
Event: 3.731 Thread 0x0000025a356940a0 Unloading class 0x0000025a371a8000 'java/lang/invoke/LambdaForm$BMH+0x0000025a371a8000'
Event: 3.731 Thread 0x0000025a356940a0 Unloading class 0x0000025a371a7c00 'java/lang/invoke/LambdaForm$DMH+0x0000025a371a7c00'
Event: 3.731 Thread 0x0000025a356940a0 Unloading class 0x0000025a371a6800 'java/lang/invoke/LambdaForm$DMH+0x0000025a371a6800'

Classes redefined (0 events):
No events

Internal exceptions (20 events):
Event: 4.236 Thread 0x0000025a7ecad0a0 Exception <a 'java/lang/NoSuchMethodError'{0x00000000d5b2b938}: 'int java.lang.invoke.DirectMethodHandle$Holder.invokeStaticInit(java.lang.Object, float, float)'> (0x00000000d5b2b938) 
thrown [s\src\hotspot\share\interpreter\linkResolver.cpp, line 773]
Event: 4.237 Thread 0x0000025a7ecad0a0 Exception <a 'java/lang/NoSuchMethodError'{0x00000000d5b4c0e8}: 'int java.lang.invoke.DirectMethodHandle$Holder.invokeStaticInit(java.lang.Object, double, double)'> (0x00000000d5b4c0e8) 
thrown [s\src\hotspot\share\interpreter\linkResolver.cpp, line 773]
Event: 4.237 Thread 0x0000025a7ecad0a0 Exception <a 'java/lang/NoSuchMethodError'{0x00000000d5b50518}: 'int java.lang.invoke.DirectMethodHandle$Holder.invokeStatic(java.lang.Object, long)'> (0x00000000d5b50518) 
thrown [s\src\hotspot\share\interpreter\linkResolver.cpp, line 773]
Event: 4.239 Thread 0x0000025a7ecad0a0 Exception <a 'java/lang/NoSuchMethodError'{0x00000000d5cb3218}: 'int java.lang.invoke.Invokers$Holder.linkToTargetMethod(java.lang.Object, java.lang.Object)'> (0x00000000d5cb3218) 
thrown [s\src\hotspot\share\interpreter\linkResolver.cpp, line 773]
Event: 4.261 Thread 0x0000025a7ecad0a0 Exception <a 'java/lang/NoSuchMethodError'{0x00000000d60fc1e8}: 'java.lang.Object java.lang.invoke.DirectMethodHandle$Holder.invokeSpecialIFC(java.lang.Object, java.lang.Object, java.lang.Object, java.lang.Object)'> (0x00000000d60fc1e8) 
thrown [s\src\hotspot\share\interpreter\linkResolver.cpp, line 773]
Event: 4.372 Thread 0x0000025a1ebfb0a0 Exception <a 'java/lang/NoSuchMethodError'{0x00000000d58a61f8}: 'void java.lang.invoke.DirectMethodHandle$Holder.invokeSpecial(java.lang.Object, java.lang.Object, java.lang.Object, java.lang.Object, java.lang.Object, java.lang.Object)'> (0x00000000d58a61f8) 
thrown [s\src\hotspot\share\interpreter\linkResolver.cpp, line 773]
Event: 4.373 Thread 0x0000025a1ebfb0a0 Exception <a 'java/lang/IncompatibleClassChangeError'{0x00000000d58c1d40}: Found class java.lang.Object, but interface was expected> (0x00000000d58c1d40) 
thrown [s\src\hotspot\share\interpreter\linkResolver.cpp, line 840]
Event: 4.373 Thread 0x0000025a1ebfb0a0 Exception <a 'java/lang/IncompatibleClassChangeError'{0x00000000d58c2eb8}: Found class java.lang.Object, but interface was expected> (0x00000000d58c2eb8) 
thrown [s\src\hotspot\share\interpreter\linkResolver.cpp, line 840]
Event: 4.440 Thread 0x0000025a7ecad0a0 Exception <a 'java/lang/NoClassDefFoundError'{0x00000000d64bd918}: javax/enterprise/inject/Typed> (0x00000000d64bd918) 
thrown [s\src\hotspot\share\classfile\systemDictionary.cpp, line 302]
Event: 4.807 Thread 0x0000025a7ecad0a0 Exception <a 'java/lang/NoSuchMethodError'{0x00000000d5bc7660}: 'void java.lang.invoke.DirectMethodHandle$Holder.invokeStaticInit(java.lang.Object, java.lang.Object, java.lang.Object)'> (0x00000000d5bc7660) 
thrown [s\src\hotspot\share\interpreter\linkResolver.cpp, line 773]
Event: 4.809 Thread 0x0000025a7ecad0a0 Exception <a 'java/lang/ExceptionInInitializerError'{0x00000000d5c09330}> (0x00000000d5c09330) 
thrown [s\src\hotspot\share\oops\instanceKlass.cpp, line 1218]
Event: 4.814 Thread 0x0000025a7ecad0a0 Exception <a 'java/lang/NoSuchMethodError'{0x00000000d5c84a60}: 'long java.lang.invoke.DirectMethodHandle$Holder.invokeStatic(java.lang.Object, java.lang.Object, int)'> (0x00000000d5c84a60) 
thrown [s\src\hotspot\share\interpreter\linkResolver.cpp, line 773]
Event: 4.817 Thread 0x0000025a7ecad0a0 Implicit null exception at 0x0000025a29ad557e to 0x0000025a29ad57e0
Event: 4.817 Thread 0x0000025a7ecad0a0 Implicit null exception at 0x0000025a29a4c855 to 0x0000025a29a53094
Event: 4.817 Thread 0x0000025a7ecad0a0 Exception <a 'java/lang/NoSuchMethodError'{0x00000000d5cc5260}: 'java.lang.Object java.lang.invoke.Invokers$Holder.invokeExact_MT(java.lang.Object, int, java.lang.Object)'> (0x00000000d5cc5260) 
thrown [s\src\hotspot\share\interpreter\linkResolver.cpp, line 773]
Event: 4.822 Thread 0x0000025a7ecad0a0 Exception <a 'java/lang/NoSuchMethodError'{0x00000000d5d354c0}: 'int java.lang.invoke.DirectMethodHandle$Holder.invokeSpecial(java.lang.Object, java.lang.Object, java.lang.Object, java.lang.Object)'> (0x00000000d5d354c0) 
thrown [s\src\hotspot\share\interpreter\linkResolver.cpp, line 773]
Event: 4.830 Thread 0x0000025a7ecaf170 Exception <a 'java/lang/NoSuchMethodError'{0x00000000d5e8de70}: 'java.lang.Object java.lang.invoke.DirectMethodHandle$Holder.invokeStatic(java.lang.Object, int, java.lang.Object, java.lang.Object)'> (0x00000000d5e8de70) 
thrown [s\src\hotspot\share\interpreter\linkResolver.cpp, line 773]
Event: 4.830 Thread 0x0000025a7ecaf170 Exception <a 'java/lang/NoSuchMethodError'{0x00000000d5e91b60}: 'java.lang.Object java.lang.invoke.DelegatingMethodHandle$Holder.delegate(java.lang.Object, int, java.lang.Object, java.lang.Object)'> (0x00000000d5e91b60) 
thrown [s\src\hotspot\share\interpreter\linkResolver.cpp, line 773]
Event: 4.831 Thread 0x0000025a7ecaf170 Exception <a 'java/lang/NoSuchMethodError'{0x00000000d5ef3a68}: 'int java.lang.invoke.Invokers$Holder.linkToTargetMethod(java.lang.Object, java.lang.Object, java.lang.Object)'> (0x00000000d5ef3a68) 
thrown [s\src\hotspot\share\interpreter\linkResolver.cpp, line 773]
Event: 4.965 Thread 0x0000025a7ecad0a0 Exception <a 'java/lang/NoClassDefFoundError'{0x00000000d6974128}: com/google/inject/servlet/ServletModuleTargetVisitor> (0x00000000d6974128) 
thrown [s\src\hotspot\share\classfile\systemDictionary.cpp, line 302]

ZGC Phase Switch (0 events):
No events

VM Operations (20 events):
Event: 4.333 Executing safepoint VM operation: CollectForMetadataAllocation (Metadata GC Threshold)
Event: 4.358 Executing safepoint VM operation: CollectForMetadataAllocation (Metadata GC Threshold) done
Event: 4.358 Executing safepoint VM operation: CollectForMetadataAllocation (Metadata GC Threshold)
Event: 4.358 Executing safepoint VM operation: CollectForMetadataAllocation (Metadata GC Threshold) done
Event: 4.434 Executing non-safepoint VM operation: HandshakeAllThreads (Deoptimize)
Event: 4.434 Executing non-safepoint VM operation: HandshakeAllThreads (Deoptimize) done
Event: 4.471 Executing safepoint VM operation: ParallelGCFailedAllocation (Allocation Failure)
Event: 4.472 Executing safepoint VM operation: ParallelGCFailedAllocation (Allocation Failure) done
Event: 4.600 Executing safepoint VM operation: ParallelGCFailedAllocation (Allocation Failure)
Event: 4.602 Executing safepoint VM operation: ParallelGCFailedAllocation (Allocation Failure) done
Event: 4.641 Executing non-safepoint VM operation: HandshakeAllThreads (Deoptimize)
Event: 4.641 Executing non-safepoint VM operation: HandshakeAllThreads (Deoptimize) done
Event: 4.659 Executing non-safepoint VM operation: HandshakeAllThreads (Deoptimize)
Event: 4.659 Executing non-safepoint VM operation: HandshakeAllThreads (Deoptimize) done
Event: 4.759 Executing safepoint VM operation: ParallelGCFailedAllocation (Allocation Failure)
Event: 4.760 Executing safepoint VM operation: ParallelGCFailedAllocation (Allocation Failure) done
Event: 4.835 Executing non-safepoint VM operation: HandshakeAllThreads (Deoptimize)
Event: 4.835 Executing non-safepoint VM operation: HandshakeAllThreads (Deoptimize) done
Event: 4.967 Executing safepoint VM operation: ICBufferFull
Event: 4.967 Executing safepoint VM operation: ICBufferFull done

Memory protections (0 events):
No events

Nmethod flushes (20 events):
Event: 4.347 Thread 0x0000025a356940a0 flushing  nmethod 0x0000025a2244cb90
Event: 4.347 Thread 0x0000025a356940a0 flushing  nmethod 0x0000025a224c7490
Event: 4.347 Thread 0x0000025a356940a0 flushing  nmethod 0x0000025a224c7a10
Event: 4.347 Thread 0x0000025a356940a0 flushing  nmethod 0x0000025a22501f10
Event: 4.347 Thread 0x0000025a356940a0 flushing  nmethod 0x0000025a22507b90
Event: 4.347 Thread 0x0000025a356940a0 flushing osr nmethod 0x0000025a22512c90
Event: 4.347 Thread 0x0000025a356940a0 flushing  nmethod 0x0000025a22513290
Event: 4.347 Thread 0x0000025a356940a0 flushing  nmethod 0x0000025a22527810
Event: 4.347 Thread 0x0000025a356940a0 flushing  nmethod 0x0000025a2255ae90
Event: 4.347 Thread 0x0000025a356940a0 flushing  nmethod 0x0000025a2255bf10
Event: 4.347 Thread 0x0000025a356940a0 flushing  nmethod 0x0000025a2255c810
Event: 4.347 Thread 0x0000025a356940a0 flushing  nmethod 0x0000025a2255da10
Event: 4.347 Thread 0x0000025a356940a0 flushing  nmethod 0x0000025a2255e210
Event: 4.347 Thread 0x0000025a356940a0 flushing  nmethod 0x0000025a22564610
Event: 4.347 Thread 0x0000025a356940a0 flushing  nmethod 0x0000025a22566090
Event: 4.347 Thread 0x0000025a356940a0 flushing  nmethod 0x0000025a225a8f10
Event: 4.347 Thread 0x0000025a356940a0 flushing  nmethod 0x0000025a225a9e90
Event: 4.347 Thread 0x0000025a356940a0 flushing  nmethod 0x0000025a225b6c10
Event: 4.347 Thread 0x0000025a356940a0 flushing  nmethod 0x0000025a225bc210
Event: 4.347 Thread 0x0000025a356940a0 flushing  nmethod 0x0000025a225cb210

Events (20 events):
Event: 4.237 Thread 0x0000025a1ebfb0a0 Thread added: 0x0000025a7ecb0520
Event: 4.237 Thread 0x0000025a1ebfb0a0 Thread added: 0x0000025a7ecb2c80
Event: 4.237 Thread 0x0000025a1ebfb0a0 Thread added: 0x0000025a7ecb0bb0
Event: 4.237 Thread 0x0000025a1ebfb0a0 Thread added: 0x0000025a7ecb1f60
Event: 4.237 Thread 0x0000025a1ebfb0a0 Thread added: 0x0000025a7ecb25f0
Event: 4.237 Thread 0x0000025a1ebfb0a0 Thread added: 0x0000025a00a3f840
Event: 4.238 Thread 0x0000025a1ebfb0a0 Thread added: 0x0000025a00a3fed0
Event: 4.238 Thread 0x0000025a1ebfb0a0 Thread added: 0x0000025a00a3eb20
Event: 4.238 Thread 0x0000025a1ebfb0a0 Thread added: 0x0000025a00a40bf0
Event: 4.238 Thread 0x0000025a1ebfb0a0 Thread added: 0x0000025a00a41280
Event: 4.238 Thread 0x0000025a1ebfb0a0 Thread added: 0x0000025a00a3f1b0
Event: 4.238 Thread 0x0000025a1ebfb0a0 Thread added: 0x0000025a00a40560
Event: 4.238 Thread 0x0000025a1ebfb0a0 Thread added: 0x0000025a00a3de00
Event: 4.238 Thread 0x0000025a1ebfb0a0 Thread added: 0x0000025a00a41910
Event: 4.239 Thread 0x0000025a1ebfb0a0 Thread added: 0x0000025a00a3e490
Event: 4.239 Thread 0x0000025a1ebfb0a0 Thread added: 0x0000025a00a41fa0
Event: 4.257 Thread 0x0000025a1ebfb0a0 Thread added: 0x0000025a00a43350
Event: 4.388 Thread 0x0000025a1ebfb0a0 Thread added: 0x0000025a00a45420
Event: 4.388 Thread 0x0000025a1ebfb0a0 Thread added: 0x0000025a00a439e0
Event: 4.829 Thread 0x0000025a7ecaf170 Thread added: 0x0000025a00a42630


Dynamic libraries:
0x00007ff6330d0000 - 0x00007ff6330de000 	c:\Users\otuom\.antigravity-ide\extensions\redhat.java-1.56.0-win32-x64\jre\21.0.12.1-win32-x86_64\bin\java.exe
0x00007ffbfb800000 - 0x00007ffbfba67000 	C:\WINDOWS\SYSTEM32\ntdll.dll
0x00007ffbfabc0000 - 0x00007ffbfac8b000 	C:\WINDOWS\System32\KERNEL32.DLL
0x00007ffbf8b60000 - 0x00007ffbf8f62000 	C:\WINDOWS\System32\KERNELBASE.dll
0x00007ffbf8a00000 - 0x00007ffbf8b4c000 	C:\WINDOWS\System32\ucrtbase.dll
0x00007ffbede90000 - 0x00007ffbedeae000 	c:\Users\otuom\.antigravity-ide\extensions\redhat.java-1.56.0-win32-x64\jre\21.0.12.1-win32-x86_64\bin\VCRUNTIME140.dll
0x00007ffbf2d00000 - 0x00007ffbf2d18000 	c:\Users\otuom\.antigravity-ide\extensions\redhat.java-1.56.0-win32-x64\jre\21.0.12.1-win32-x86_64\bin\jli.dll
0x00007ffbfb450000 - 0x00007ffbfb61f000 	C:\WINDOWS\System32\USER32.dll
0x00007ffbf9100000 - 0x00007ffbf9127000 	C:\WINDOWS\System32\win32u.dll
0x00007ffbdb730000 - 0x00007ffbdb9c0000 	C:\WINDOWS\WinSxS\amd64_microsoft.windows.common-controls_6595b64144ccf1df_6.0.26100.9278_none_3e0d1ba8e3303201\COMCTL32.dll
0x00007ffbf96b0000 - 0x00007ffbf96db000 	C:\WINDOWS\System32\GDI32.dll
0x00007ffbfb630000 - 0x00007ffbfb6d9000 	C:\WINDOWS\System32\msvcrt.dll
0x00007ffbf91f0000 - 0x00007ffbf9319000 	C:\WINDOWS\System32\gdi32full.dll
0x00007ffbf9470000 - 0x00007ffbf9513000 	C:\WINDOWS\System32\msvcp_win.dll
0x00007ffbfab80000 - 0x00007ffbfabb1000 	C:\WINDOWS\System32\IMM32.DLL
0x00007ffbe3970000 - 0x00007ffbe397c000 	c:\Users\otuom\.antigravity-ide\extensions\redhat.java-1.56.0-win32-x64\jre\21.0.12.1-win32-x86_64\bin\vcruntime140_1.dll
0x00007ffbc72e0000 - 0x00007ffbc736d000 	c:\Users\otuom\.antigravity-ide\extensions\redhat.java-1.56.0-win32-x64\jre\21.0.12.1-win32-x86_64\bin\msvcp140.dll
0x00007ffba89d0000 - 0x00007ffba9772000 	c:\Users\otuom\.antigravity-ide\extensions\redhat.java-1.56.0-win32-x64\jre\21.0.12.1-win32-x86_64\bin\server\jvm.dll
0x00007ffbfb110000 - 0x00007ffbfb1cc000 	C:\WINDOWS\System32\ADVAPI32.dll
0x00007ffbf9b30000 - 0x00007ffbf9bd9000 	C:\WINDOWS\System32\sechost.dll
0x00007ffbfaa60000 - 0x00007ffbfab78000 	C:\WINDOWS\System32\RPCRT4.dll
0x00007ffbf9a90000 - 0x00007ffbf9b10000 	C:\WINDOWS\System32\WS2_32.dll
0x00007ffbf8860000 - 0x00007ffbf88be000 	C:\WINDOWS\SYSTEM32\POWRPROF.dll
0x00007ffbf59c0000 - 0x00007ffbf59f6000 	C:\WINDOWS\SYSTEM32\WINMM.dll
0x00007ffbede60000 - 0x00007ffbede6b000 	C:\WINDOWS\SYSTEM32\VERSION.dll
0x00007ffbf8840000 - 0x00007ffbf8855000 	C:\WINDOWS\SYSTEM32\UMPDC.dll
0x00007ffbf7690000 - 0x00007ffbf76ab000 	C:\WINDOWS\SYSTEM32\kernel.appcore.dll
0x00007ffbe3960000 - 0x00007ffbe396a000 	c:\Users\otuom\.antigravity-ide\extensions\redhat.java-1.56.0-win32-x64\jre\21.0.12.1-win32-x86_64\bin\jimage.dll
0x00007ffbf56f0000 - 0x00007ffbf593c000 	C:\WINDOWS\SYSTEM32\DBGHELP.DLL
0x00007ffbf96e0000 - 0x00007ffbf9a65000 	C:\WINDOWS\System32\combase.dll
0x00007ffbf9be0000 - 0x00007ffbf9cb9000 	C:\WINDOWS\System32\OLEAUT32.dll
0x00007ffbf5980000 - 0x00007ffbf59bb000 	C:\WINDOWS\SYSTEM32\dbgcore.DLL
0x00007ffbf9130000 - 0x00007ffbf91dc000 	C:\WINDOWS\System32\bcryptPrimitives.dll
0x00007ffbe3950000 - 0x00007ffbe395f000 	c:\Users\otuom\.antigravity-ide\extensions\redhat.java-1.56.0-win32-x64\jre\21.0.12.1-win32-x86_64\bin\instrument.dll
0x00007ffbe3930000 - 0x00007ffbe3950000 	c:\Users\otuom\.antigravity-ide\extensions\redhat.java-1.56.0-win32-x64\jre\21.0.12.1-win32-x86_64\bin\java.dll
0x00007ffbfa2c0000 - 0x00007ffbfaa58000 	C:\WINDOWS\System32\SHELL32.dll
0x00007ffbf6420000 - 0x00007ffbf6cce000 	C:\WINDOWS\SYSTEM32\windows.storage.dll
0x00007ffbfae30000 - 0x00007ffbfaf2b000 	C:\WINDOWS\System32\SHCORE.dll
0x00007ffbfa250000 - 0x00007ffbfa2b6000 	C:\WINDOWS\System32\shlwapi.dll
0x00007ffbf8920000 - 0x00007ffbf8949000 	C:\WINDOWS\SYSTEM32\profapi.dll
0x00007ffbe3250000 - 0x00007ffbe3268000 	c:\Users\otuom\.antigravity-ide\extensions\redhat.java-1.56.0-win32-x64\jre\21.0.12.1-win32-x86_64\bin\zip.dll
0x00007ffbe3920000 - 0x00007ffbe3930000 	C:\Users\otuom\.antigravity-ide\extensions\redhat.java-1.56.0-win32-x64\jre\21.0.12.1-win32-x86_64\bin\net.dll
0x00007ffbf15d0000 - 0x00007ffbf16fa000 	C:\WINDOWS\SYSTEM32\WINHTTP.dll
0x00007ffbf7c30000 - 0x00007ffbf7c9c000 	C:\WINDOWS\system32\mswsock.dll
0x00007ffbe3230000 - 0x00007ffbe3246000 	C:\Users\otuom\.antigravity-ide\extensions\redhat.java-1.56.0-win32-x64\jre\21.0.12.1-win32-x86_64\bin\nio.dll
0x00007ffbe3220000 - 0x00007ffbe3230000 	c:\Users\otuom\.antigravity-ide\extensions\redhat.java-1.56.0-win32-x64\jre\21.0.12.1-win32-x86_64\bin\verify.dll
0x00007ffbd3320000 - 0x00007ffbd3365000 	C:\Users\otuom\AppData\Roaming\Antigravity IDE\User\globalStorage\redhat.java\1.56.0\config_win\org.eclipse.equinox.launcher\org.eclipse.equinox.launcher.win32.win32.x86_64_1.3.100.v20260804-1928\eclipse_11924.dll
0x00007ffbfb1e0000 - 0x00007ffbfb37a000 	C:\WINDOWS\System32\ole32.dll
0x00007ffbf8050000 - 0x00007ffbf806b000 	C:\WINDOWS\SYSTEM32\CRYPTSP.dll
0x00007ffbf75f0000 - 0x00007ffbf7629000 	C:\WINDOWS\system32\rsaenh.dll
0x00007ffbf7ce0000 - 0x00007ffbf7d14000 	C:\WINDOWS\SYSTEM32\USERENV.dll
0x00007ffbf88f0000 - 0x00007ffbf891a000 	C:\WINDOWS\SYSTEM32\bcrypt.dll
0x00007ffbf7e90000 - 0x00007ffbf7e9c000 	C:\WINDOWS\SYSTEM32\CRYPTBASE.dll
0x00007ffbf70f0000 - 0x00007ffbf7123000 	C:\WINDOWS\SYSTEM32\IPHLPAPI.DLL
0x00007ffbfac90000 - 0x00007ffbfac9a000 	C:\WINDOWS\System32\NSI.dll
0x00007ffbc74d0000 - 0x00007ffbc7519000 	C:\Users\otuom\AppData\Local\Temp\jna-106082574\jna7713315843612325716.dll
0x00007ffbfaca0000 - 0x00007ffbfaca8000 	C:\WINDOWS\System32\PSAPI.DLL
0x00007ffbf1790000 - 0x00007ffbf17ad000 	C:\WINDOWS\SYSTEM32\dhcpcsvc6.DLL
0x00007ffbf1760000 - 0x00007ffbf1785000 	C:\WINDOWS\SYSTEM32\dhcpcsvc.DLL

JVMTI agents:
c:\Users\otuom\.antigravity-ide\extensions\redhat.java-1.56.0-win32-x64\lombok\lombok-1.18.39-4050.jar path:c:\Users\otuom\.antigravity-ide\extensions\redhat.java-1.56.0-win32-x64\jre\21.0.12.1-win32-x86_64\bin\instrument.dll, loaded, initialized, instrumentlib options:none

dbghelp: loaded successfully - version: 4.0.5 - missing functions: none
symbol engine: initialized successfully - sym options: 0x614 - pdb path: .;c:\Users\otuom\.antigravity-ide\extensions\redhat.java-1.56.0-win32-x64\jre\21.0.12.1-win32-x86_64\bin;C:\WINDOWS\SYSTEM32;C:\WINDOWS\WinSxS\amd64_microsoft.windows.common-controls_6595b64144ccf1df_6.0.26100.9278_none_3e0d1ba8e3303201;c:\Users\otuom\.antigravity-ide\extensions\redhat.java-1.56.0-win32-x64\jre\21.0.12.1-win32-x86_64\bin\server;C:\Users\otuom\AppData\Roaming\Antigravity IDE\User\globalStorage\redhat.java\1.56.0\config_win\org.eclipse.equinox.launcher\org.eclipse.equinox.launcher.win32.win32.x86_64_1.3.100.v20260804-1928;C:\Users\otuom\AppData\Local\Temp\jna-106082574

VM Arguments:
jvm_args: --add-modules=ALL-SYSTEM --add-opens=java.base/java.util=ALL-UNNAMED --add-opens=java.base/java.lang=ALL-UNNAMED --add-opens=java.base/sun.nio.fs=ALL-UNNAMED -Declipse.application=org.eclipse.jdt.ls.core.id1 -Dosgi.bundles.defaultStartLevel=4 -Declipse.product=org.eclipse.jdt.ls.core.product -Djava.import.generatesMetadataFilesAtProjectRoot=false -Dm2e.project.cache.size=50 -DDetectVMInstallationsJob.disabled=true -Dfile.encoding=utf8 -XX:+UseParallelGC -XX:GCTimeRatio=4 -XX:AdaptiveSizePolicyWeight=90 -Dsun.zip.disableMemoryMapping=true -Xmx2G -Xms100m -Xlog:disable -javaagent:c:\Users\otuom\.antigravity-ide\extensions\redhat.java-1.56.0-win32-x64\lombok\lombok-1.18.39-4050.jar -XX:+HeapDumpOnOutOfMemoryError -XX:HeapDumpPath=c:\Users\otuom\AppData\Roaming\Antigravity IDE\User\workspaceStorage\aa6dabc841f1b68b1111a0ad09e16a84\redhat.java -Daether.dependencyCollector.impl=bf 
java_command: c:\Users\otuom\.antigravity-ide\extensions\redhat.java-1.56.0-win32-x64\server\plugins\org.eclipse.equinox.launcher_1.8.0.v20260804-1928.jar -configuration c:\Users\otuom\AppData\Roaming\Antigravity IDE\User\globalStorage\redhat.java\1.56.0\config_win -data c:\Users\otuom\AppData\Roaming\Antigravity IDE\User\workspaceStorage\aa6dabc841f1b68b1111a0ad09e16a84\redhat.java\jdt_ws --pipe=\\.\pipe\lsp-55aa121f18c8f5b980115f7ef9bd52d6-sock
java_class_path (initial): c:\Users\otuom\.antigravity-ide\extensions\redhat.java-1.56.0-win32-x64\server\plugins\org.eclipse.equinox.launcher_1.8.0.v20260804-1928.jar
Launcher Type: SUN_STANDARD

[Global flags]
    uintx AdaptiveSizePolicyWeight                 = 90                                        {product} {command line}
     intx CICompilerCount                          = 12                                        {product} {ergonomic}
    uintx GCTimeRatio                              = 4                                         {product} {command line}
     bool HeapDumpOnOutOfMemoryError               = true                                   {manageable} {command line}
    ccstr HeapDumpPath                             = c:\Users\otuom\AppData\Roaming\Antigravity IDE\User\workspaceStorage\aa6dabc841f1b68b1111a0ad09e16a84\redhat.java         {manageable} {command line}
   size_t InitialHeapSize                          = 104857600                                 {product} {command line}
   size_t MaxHeapSize                              = 2147483648                                {product} {command line}
   size_t MaxNewSize                               = 715653120                                 {product} {ergonomic}
   size_t MinHeapDeltaBytes                        = 524288                                    {product} {ergonomic}
   size_t MinHeapSize                              = 104857600                                 {product} {command line}
   size_t NewSize                                  = 34603008                                  {product} {ergonomic}
    uintx NonNMethodCodeHeapSize                   = 7602480                                {pd product} {ergonomic}
    uintx NonProfiledCodeHeapSize                  = 122027880                              {pd product} {ergonomic}
   size_t OldSize                                  = 70254592                                  {product} {ergonomic}
    uintx ProfiledCodeHeapSize                     = 122027880                              {pd product} {ergonomic}
    uintx ReservedCodeCacheSize                    = 251658240                              {pd product} {ergonomic}
     bool SegmentedCodeCache                       = true                                      {product} {ergonomic}
   size_t SoftMaxHeapSize                          = 2147483648                             {manageable} {ergonomic}
     bool UseCompressedOops                        = true                           {product lp64_product} {ergonomic}
     bool UseLargePagesIndividualAllocation        = false                                  {pd product} {ergonomic}
     bool UseParallelGC                            = true                                      {product} {command line}

Logging:
Log output configuration:
 #0: stdout all=off uptime,level,tags foldmultilines=false
 #1: stderr all=off uptime,level,tags foldmultilines=false

Release file:
JAVA_VERSION="21.0.12.1" 
MODULES="java.base java.compiler java.datatransfer java.xml java.prefs java.desktop java.instrument java.logging java.management java.security.sasl java.naming java.rmi java.management.rmi java.net.http java.scripting java.security.jgss java.transaction.xa java.sql java.sql.rowset java.xml.crypto java.se java.smartcardio jdk.accessibility jdk.internal.jvmstat jdk.attach jdk.charsets jdk.internal.opt jdk.zipfs jdk.compiler jdk.crypto.ec jdk.crypto.cryptoki jdk.crypto.mscapi jdk.dynalink jdk.internal.ed jdk.editpad jdk.hotspot.agent jdk.httpserver jdk.internal.le jdk.internal.vm.ci jdk.internal.vm.compiler jdk.internal.vm.compiler.management jdk.jartool jdk.javadoc jdk.jcmd jdk.management jdk.management.agent jdk.jconsole jdk.jdeps jdk.jdwp.agent jdk.jdi jdk.jfr jdk.jshell jdk.jsobject jdk.jstatd jdk.localedata jdk.management.jfr jdk.naming.dns jdk.naming.rmi jdk.net jdk.nio.mapmode jdk.random jdk.sctp jdk.security.auth jdk.security.jgss jdk.unsupported jdk.unsupported.desktop jdk.xml.dom" 

Environment Variables:
JAVA_HOME=F:\software\jdk-17\
PATH=C:\Python314\Scripts\;C:\Python314\;C:\Python312\Scripts\;C:\Python312\;C:\WINDOWS\system32;C:\WINDOWS;C:\WINDOWS\System32\Wbem;C:\WINDOWS\System32\WindowsPowerShell\v1.0\;C:\WINDOWS\System32\OpenSSH\;C:\Program Files\Tailscale\;C:\Program Files\Git\cmd;C:\ProgramData\chocolatey\bin;C:\Program Files\Go\bin;C:\Program Files\Inkscape\bin;C:\Program Files\nodejs\;F:\software\jdk-17\bin;F:\software\maven-3.9\bin;C:\Python312\Scripts\;C:\Python312\;C:\WINDOWS\system32;C:\WINDOWS;C:\WINDOWS\System32\Wbem;C:\WINDOWS\System32\WindowsPowerShell\v1.0\;C:\WINDOWS\System32\OpenSSH\;C:\Program Files\Tailscale\;C:\Program Files\Git\cmd;C:\ProgramData\chocolatey\bin;C:\Program Files\nodejs\;C:\Program Files\Inkscape\bin;C:\Users\otuom\AppData\Local\Microsoft\WindowsApps;C:\Users\otuom\AppData\Local\Programs\Microsoft VS Code\bin;C:\Users\otuom\AppData\Local\Programs\Antigravity\bin;C:\Users\otuom\AppData\Local\Microsoft\WinGet\Packages\PHP.PHP.8.3_Microsoft.Winget.Source_8wekyb3d8bbwe;C:\Users\otuom\.local\bin;C:\Users\otuom\AppData\Roaming\npm;F:\software\jdk-17\bin;F:\software\maven-3.9\bin;C:\Users\otuom\AppData\Local\Programs\Antigravity IDE\bin
USERNAME=otuom
OS=Windows_NT
PROCESSOR_IDENTIFIER=Intel64 Family 6 Model 186 Stepping 2, GenuineIntel
TMP=C:\Users\otuom\AppData\Local\Temp
TEMP=C:\Users\otuom\AppData\Local\Temp




Periodic native trim disabled

---------------  S Y S T E M  ---------------

OS:
 Windows 11 , 64 bit Build 26100 (10.0.26100.9444)
OS uptime: 2 days 7:50 hours
Hyper-V role detected

CPU: total 20 (initial active 20) (10 cores per cpu, 2 threads per core) family 6 model 186 stepping 2 microcode 0x4121, cx8, cmov, fxsr, ht, mmx, 3dnowpref, sse, sse2, sse3, ssse3, sse4.1, sse4.2, popcnt, lzcnt, tsc, tscinvbit, avx, avx2, aes, erms, clmul, bmi1, bmi2, adx, sha, fma, vzeroupper, clflush, clflushopt, clwb, hv, serialize, rdtscp, rdpid, fsrm, f16c, cet_ibt, cet_ss
Processor Information for processor 0
  Max Mhz: 2400, Current Mhz: 2400, Mhz Limit: 2400
Processor Information for processor 1
  Max Mhz: 2400, Current Mhz: 2400, Mhz Limit: 2400
Processor Information for processor 2
  Max Mhz: 2400, Current Mhz: 2400, Mhz Limit: 2400
Processor Information for processor 3
  Max Mhz: 2400, Current Mhz: 2400, Mhz Limit: 2400
Processor Information for processor 4
  Max Mhz: 2400, Current Mhz: 2400, Mhz Limit: 2400
Processor Information for processor 5
  Max Mhz: 2400, Current Mhz: 2400, Mhz Limit: 2400
Processor Information for processor 6
  Max Mhz: 2400, Current Mhz: 2400, Mhz Limit: 2400
Processor Information for processor 7
  Max Mhz: 2400, Current Mhz: 2400, Mhz Limit: 2400
Processor Information for processor 8
  Max Mhz: 2400, Current Mhz: 2400, Mhz Limit: 2400
Processor Information for processor 9
  Max Mhz: 2400, Current Mhz: 2400, Mhz Limit: 2400
Processor Information for processor 10
  Max Mhz: 2400, Current Mhz: 2400, Mhz Limit: 2400
Processor Information for processor 11
  Max Mhz: 2400, Current Mhz: 2400, Mhz Limit: 2400
Processor Information for processor 12
  Max Mhz: 2400, Current Mhz: 1800, Mhz Limit: 1800
Processor Information for processor 13
  Max Mhz: 2400, Current Mhz: 1800, Mhz Limit: 1800
Processor Information for processor 14
  Max Mhz: 2400, Current Mhz: 1800, Mhz Limit: 1800
Processor Information for processor 15
  Max Mhz: 2400, Current Mhz: 1800, Mhz Limit: 1800
Processor Information for processor 16
  Max Mhz: 2400, Current Mhz: 1800, Mhz Limit: 1800
Processor Information for processor 17
  Max Mhz: 2400, Current Mhz: 1800, Mhz Limit: 1800
Processor Information for processor 18
  Max Mhz: 2400, Current Mhz: 1800, Mhz Limit: 1800
Processor Information for processor 19
  Max Mhz: 2400, Current Mhz: 1800, Mhz Limit: 1800

Memory: 4k page, system-wide physical 7709M (135M free)
TotalPageFile size 31261M (AvailPageFile size 4M)
current process WorkingSet (physical memory assigned to process): 203M, peak: 205M
current process commit charge ("private bytes"): 345M, peak: 347M

vm_info: OpenJDK 64-Bit Server VM (21.0.12.1+1-LTS) for windows-amd64 JRE (21.0.12.1+1-LTS), built on 2026-08-18T00:00:00Z by "admin" with MS VC++ 17.12 (VS2022)

END.
