#
# There is insufficient memory for the Java Runtime Environment to continue.
# Native memory allocation (malloc) failed to allocate 1458576 bytes. Error detail: Chunk::new
# Possible reasons:
#   The system is out of physical RAM or swap space
#   This process is running with CompressedOops enabled, and the Java Heap may be blocking the growth of the native heap
# Possible solutions:
#   Reduce memory load on the system
#   Increase physical memory or swap space
#   Check if swap backing store is full
#   Decrease Java heap size (-Xmx/-Xms)
#   Decrease number of Java threads
#   Decrease Java thread stack sizes (-Xss)
#   Set larger code cache with -XX:ReservedCodeCacheSize=
#   JVM is running with Unscaled Compressed Oops mode in which the Java heap is
#     placed in the first 4GB address space. The Java Heap base address is the
#     maximum limit for the native heap growth. Please use -XX:HeapBaseMinAddress
#     to set the Java Heap base and to place the Java Heap above 4GB virtual address.
# This output file may be truncated or incomplete.
#
#  Out of Memory Error (arena.cpp:168), pid=24472, tid=25728
#
# JRE version: OpenJDK Runtime Environment Temurin-21.0.12.1+1 (21.0.12.1+1) (build 21.0.12.1+1-LTS)
# Java VM: OpenJDK 64-Bit Server VM Temurin-21.0.12.1+1 (21.0.12.1+1-LTS, mixed mode, sharing, tiered, compressed oops, compressed class ptrs, parallel gc, windows-amd64)
# No core dump will be written. Minidumps are not enabled by default on client versions of Windows
#

---------------  S U M M A R Y ------------

Command Line: --add-modules=ALL-SYSTEM --add-opens=java.base/java.util=ALL-UNNAMED --add-opens=java.base/java.lang=ALL-UNNAMED --add-opens=java.base/sun.nio.fs=ALL-UNNAMED -Declipse.application=org.eclipse.jdt.ls.core.id1 -Dosgi.bundles.defaultStartLevel=4 -Declipse.product=org.eclipse.jdt.ls.core.product -Djava.import.generatesMetadataFilesAtProjectRoot=false -Dm2e.project.cache.size=50 -DDetectVMInstallationsJob.disabled=true -Dfile.encoding=utf8 -XX:+UseParallelGC -XX:GCTimeRatio=4 -XX:AdaptiveSizePolicyWeight=90 -Dsun.zip.disableMemoryMapping=true -Xmx2G -Xms100m -Xlog:disable -javaagent:c:\Users\otuom\.antigravity-ide\extensions\redhat.java-1.56.0-win32-x64\lombok\lombok-1.18.39-4050.jar -XX:+HeapDumpOnOutOfMemoryError -XX:HeapDumpPath=c:\Users\otuom\AppData\Roaming\Antigravity IDE\User\workspaceStorage\aa6dabc841f1b68b1111a0ad09e16a84\redhat.java -Daether.dependencyCollector.impl=bf c:\Users\otuom\.antigravity-ide\extensions\redhat.java-1.56.0-win32-x64\server\plugins\org.eclipse.equinox.launcher_1.8.0.v20260804-1928.jar -configuration c:\Users\otuom\AppData\Roaming\Antigravity IDE\User\globalStorage\redhat.java\1.56.0\config_win -data c:\Users\otuom\AppData\Roaming\Antigravity IDE\User\workspaceStorage\aa6dabc841f1b68b1111a0ad09e16a84\redhat.java\jdt_ws --pipe=\\.\pipe\lsp-8e6832a6360d439fb8fbee068bfd8919-sock

Host: 13th Gen Intel(R) Core(TM) i7-13700H, 20 cores, 7G,  Windows 11 , 64 bit Build 26100 (10.0.26100.9444)
Time: Sun Sep 20 02:00:09 2026 E. Africa Standard Time elapsed time: 7.639428 seconds (0d 0h 0m 7s)

---------------  T H R E A D  ---------------

Current thread (0x0000025f1d7e6d20):  JavaThread "C2 CompilerThread0" daemon [_thread_in_native, id=25728, stack(0x000000a555900000,0x000000a555a00000) (1024K)]


Current CompileTask:
C2:7639 6825       4       org.eclipse.osgi.internal.loader.BundleLoader::addExportedProvidersFor (167 bytes)

Stack: [0x000000a555900000,0x000000a555a00000]
Native frames: (J=compiled Java code, j=interpreted, Vv=VM code, C=native code)
V  [jvm.dll+0x6d83e9]
V  [jvm.dll+0x8b5736]
V  [jvm.dll+0x8b7cee]
V  [jvm.dll+0x8b83d3]
V  [jvm.dll+0x284596]
V  [jvm.dll+0xc685d]
V  [jvm.dll+0xc6da1]
V  [jvm.dll+0x3bf151]
V  [jvm.dll+0x38b6d2]
V  [jvm.dll+0x38ab1a]
V  [jvm.dll+0x24c700]
V  [jvm.dll+0x24bce0]
V  [jvm.dll+0x1cb4ae]
V  [jvm.dll+0x25baad]
V  [jvm.dll+0x25a03a]
V  [jvm.dll+0x3f8aae]
V  [jvm.dll+0x8600cd]
V  [jvm.dll+0x6d6c1d]
C  [ucrtbase.dll+0x2cd30]
C  [KERNEL32.DLL+0x2cd87]
C  [ntdll.dll+0xacaec]


---------------  P R O C E S S  ---------------

Threads class SMR info:
_java_thread_list=0x0000025f7e082d20, length=55, elements={
0x0000025f1d72ab40, 0x0000025f1d7d4170, 0x0000025f1d7d4e90, 0x0000025f1d7d8b80,
0x0000025f1d7d9710, 0x0000025f1d7daa40, 0x0000025f1d7e1040, 0x0000025f1d7e6d20,
0x0000025f765288a0, 0x0000025f766ee440, 0x0000025f766eead0, 0x0000025f766ef7f0,
0x0000025f766ef160, 0x0000025f78b84020, 0x0000025f78b84d40, 0x0000025f78b860f0,
0x0000025f78b86e10, 0x0000025f78b853d0, 0x0000025f78b846b0, 0x0000025f78b86780,
0x0000025f78b87b30, 0x0000025f78b85a60, 0x0000025f78b8b640, 0x0000025f78b881c0,
0x0000025f78b88ee0, 0x0000025f78b8a920, 0x0000025f78b8afb0, 0x0000025f78b89570,
0x0000025f78b89c00, 0x0000025f78b88850, 0x0000025f78b8a290, 0x0000025f00107400,
0x0000025f00106d70, 0x0000025f00107a90, 0x0000025f00108e40, 0x0000025f00108120,
0x0000025f001094d0, 0x0000025f001087b0, 0x0000025f00106050, 0x0000025f00109b60,
0x0000025f001066e0, 0x0000025f0010d670, 0x0000025f0010b5a0, 0x0000025f0010bc30,
0x0000025f0010c2c0, 0x0000025f0010a880, 0x0000025f0010af10, 0x0000025f0010c950,
0x0000025f7e214620, 0x0000025f7e2166f0, 0x0000025f7e216060, 0x0000025f7e216d80,
0x0000025f7e213f90, 0x0000025f7e218130, 0x0000025f7e217aa0
}

Java Threads: ( => current thread )
  0x0000025f1d72ab40 JavaThread "main"                              [_thread_blocked, id=7008, stack(0x000000a554f00000,0x000000a555000000) (1024K)]
  0x0000025f1d7d4170 JavaThread "Reference Handler"          daemon [_thread_blocked, id=10864, stack(0x000000a555300000,0x000000a555400000) (1024K)]
  0x0000025f1d7d4e90 JavaThread "Finalizer"                  daemon [_thread_blocked, id=25484, stack(0x000000a555400000,0x000000a555500000) (1024K)]
  0x0000025f1d7d8b80 JavaThread "Signal Dispatcher"          daemon [_thread_blocked, id=18636, stack(0x000000a555500000,0x000000a555600000) (1024K)]
  0x0000025f1d7d9710 JavaThread "Attach Listener"            daemon [_thread_blocked, id=23996, stack(0x000000a555600000,0x000000a555700000) (1024K)]
  0x0000025f1d7daa40 JavaThread "Service Thread"             daemon [_thread_blocked, id=19828, stack(0x000000a555700000,0x000000a555800000) (1024K)]
  0x0000025f1d7e1040 JavaThread "Monitor Deflation Thread"   daemon [_thread_blocked, id=14892, stack(0x000000a555800000,0x000000a555900000) (1024K)]
=>0x0000025f1d7e6d20 JavaThread "C2 CompilerThread0"         daemon [_thread_in_native, id=25728, stack(0x000000a555900000,0x000000a555a00000) (1024K)]
  0x0000025f765288a0 JavaThread "C1 CompilerThread0"         daemon [_thread_blocked, id=4440, stack(0x000000a555a00000,0x000000a555b00000) (1024K)]
  0x0000025f766ee440 JavaThread "Common-Cleaner"             daemon [_thread_blocked, id=20784, stack(0x000000a555b00000,0x000000a555c00000) (1024K)]
  0x0000025f766eead0 JavaThread "Notification Thread"        daemon [_thread_blocked, id=22172, stack(0x000000a555c00000,0x000000a555d00000) (1024K)]
  0x0000025f766ef7f0 JavaThread "Active Thread: Equinox Container: 95c07993-d860-4239-9215-42d0cf11fe21"        [_thread_blocked, id=20472, stack(0x000000a556300000,0x000000a556400000) (1024K)]
  0x0000025f766ef160 JavaThread "Refresh Thread: Equinox Container: 95c07993-d860-4239-9215-42d0cf11fe21" daemon [_thread_blocked, id=12692, stack(0x000000a556500000,0x000000a556600000) (1024K)]
  0x0000025f78b84020 JavaThread "Framework Event Dispatcher: Equinox Container: 95c07993-d860-4239-9215-42d0cf11fe21" daemon [_thread_blocked, id=21804, stack(0x000000a556600000,0x000000a556700000) (1024K)]
  0x0000025f78b84d40 JavaThread "Start Level: Equinox Container: 95c07993-d860-4239-9215-42d0cf11fe21" daemon [_thread_blocked, id=23548, stack(0x000000a556700000,0x000000a556800000) (1024K)]
  0x0000025f78b860f0 JavaThread "Bundle File Closer"         daemon [_thread_blocked, id=22472, stack(0x000000a556a00000,0x000000a556b00000) (1024K)]
  0x0000025f78b86e10 JavaThread "SCR Component Actor"        daemon [_thread_blocked, id=4092, stack(0x000000a556b00000,0x000000a556c00000) (1024K)]
  0x0000025f78b853d0 JavaThread "Worker-JM"                         [_thread_blocked, id=25964, stack(0x000000a556d00000,0x000000a556e00000) (1024K)]
  0x0000025f78b846b0 JavaThread "JNA Cleaner"                daemon [_thread_blocked, id=21444, stack(0x000000a557100000,0x000000a557200000) (1024K)]
  0x0000025f78b86780 JavaThread "Worker-0"                          [_thread_blocked, id=2540, stack(0x000000a557200000,0x000000a557300000) (1024K)]
  0x0000025f78b87b30 JavaThread "Worker-1"                          [_thread_blocked, id=20852, stack(0x000000a557300000,0x000000a557400000) (1024K)]
  0x0000025f78b85a60 JavaThread "Worker-2"                          [_thread_blocked, id=16544, stack(0x000000a557500000,0x000000a557600000) (1024K)]
  0x0000025f78b8b640 JavaThread "Java indexing"              daemon [_thread_blocked, id=8396, stack(0x000000a557600000,0x000000a557700000) (1024K)]
  0x0000025f78b881c0 JavaThread "Worker-3"                          [_thread_blocked, id=15924, stack(0x000000a557a00000,0x000000a557b00000) (1024K)]
  0x0000025f78b88ee0 JavaThread "Thread-1"                   daemon [_thread_in_native, id=13232, stack(0x000000a557b00000,0x000000a557c00000) (1024K)]
  0x0000025f78b8a920 JavaThread "Thread-2"                   daemon [_thread_in_native, id=15476, stack(0x000000a557c00000,0x000000a557d00000) (1024K)]
  0x0000025f78b8afb0 JavaThread "Thread-3"                   daemon [_thread_in_native, id=25276, stack(0x000000a557d00000,0x000000a557e00000) (1024K)]
  0x0000025f78b89570 JavaThread "Thread-4"                   daemon [_thread_in_native, id=3764, stack(0x000000a557e00000,0x000000a557f00000) (1024K)]
  0x0000025f78b89c00 JavaThread "Thread-5"                   daemon [_thread_in_native, id=16308, stack(0x000000a557f00000,0x000000a558000000) (1024K)]
  0x0000025f78b88850 JavaThread "Thread-6"                   daemon [_thread_in_native, id=5384, stack(0x000000a558000000,0x000000a558100000) (1024K)]
  0x0000025f78b8a290 JavaThread "Thread-7"                   daemon [_thread_in_native, id=19924, stack(0x000000a558100000,0x000000a558200000) (1024K)]
  0x0000025f00107400 JavaThread "Thread-8"                   daemon [_thread_in_native, id=20432, stack(0x000000a558200000,0x000000a558300000) (1024K)]
  0x0000025f00106d70 JavaThread "Thread-9"                   daemon [_thread_in_native, id=12244, stack(0x000000a558300000,0x000000a558400000) (1024K)]
  0x0000025f00107a90 JavaThread "Thread-10"                  daemon [_thread_in_native, id=20368, stack(0x000000a558400000,0x000000a558500000) (1024K)]
  0x0000025f00108e40 JavaThread "Thread-11"                  daemon [_thread_in_native, id=24588, stack(0x000000a558500000,0x000000a558600000) (1024K)]
  0x0000025f00108120 JavaThread "Thread-12"                  daemon [_thread_in_native, id=22012, stack(0x000000a558600000,0x000000a558700000) (1024K)]
  0x0000025f001094d0 JavaThread "Thread-13"                  daemon [_thread_in_native, id=13400, stack(0x000000a558700000,0x000000a558800000) (1024K)]
  0x0000025f001087b0 JavaThread "Thread-14"                  daemon [_thread_in_native, id=14004, stack(0x000000a558800000,0x000000a558900000) (1024K)]
  0x0000025f00106050 JavaThread "Thread-15"                  daemon [_thread_in_native, id=18420, stack(0x000000a558900000,0x000000a558a00000) (1024K)]
  0x0000025f00109b60 JavaThread "Thread-16"                  daemon [_thread_in_native, id=2884, stack(0x000000a558a00000,0x000000a558b00000) (1024K)]
  0x0000025f001066e0 JavaThread "Thread-17"                  daemon [_thread_in_native, id=10616, stack(0x000000a558b00000,0x000000a558c00000) (1024K)]
  0x0000025f0010d670 JavaThread "Thread-18"                  daemon [_thread_in_native, id=21104, stack(0x000000a558c00000,0x000000a558d00000) (1024K)]
  0x0000025f0010b5a0 JavaThread "Thread-19"                  daemon [_thread_in_native, id=17464, stack(0x000000a558d00000,0x000000a558e00000) (1024K)]
  0x0000025f0010bc30 JavaThread "Thread-20"                  daemon [_thread_in_native, id=11824, stack(0x000000a558e00000,0x000000a558f00000) (1024K)]
  0x0000025f0010c2c0 JavaThread "Thread-21"                  daemon [_thread_in_native, id=11712, stack(0x000000a558f00000,0x000000a559000000) (1024K)]
  0x0000025f0010a880 JavaThread "pool-2-thread-1"                   [_thread_blocked, id=21248, stack(0x000000a559000000,0x000000a559100000) (1024K)]
  0x0000025f0010af10 JavaThread "WorkspaceEventsHandler"            [_thread_blocked, id=2912, stack(0x000000a559100000,0x000000a559200000) (1024K)]
  0x0000025f0010c950 JavaThread "pool-1-thread-1"                   [_thread_blocked, id=5868, stack(0x000000a559200000,0x000000a559300000) (1024K)]
  0x0000025f7e214620 JavaThread "Worker-4"                          [_thread_blocked, id=14412, stack(0x000000a559300000,0x000000a559400000) (1024K)]
  0x0000025f7e2166f0 JavaThread "PatternSearchJob-worker-1"  daemon [_thread_blocked, id=24256, stack(0x000000a559400000,0x000000a559500000) (1024K)]
  0x0000025f7e216060 JavaThread "PatternSearchJob-worker-2"  daemon [_thread_blocked, id=13132, stack(0x000000a559500000,0x000000a559600000) (1024K)]
  0x0000025f7e216d80 JavaThread "ForkJoinPool.commonPool-worker-1" daemon [_thread_blocked, id=25940, stack(0x000000a559600000,0x000000a559700000) (1024K)]
  0x0000025f7e213f90 JavaThread "ForkJoinPool.commonPool-worker-2" daemon [_thread_blocked, id=14236, stack(0x000000a559700000,0x000000a559800000) (1024K)]
  0x0000025f7e218130 JavaThread "ForkJoinPool.commonPool-worker-3" daemon [_thread_blocked, id=21460, stack(0x000000a559800000,0x000000a559900000) (1024K)]
  0x0000025f7e217aa0 JavaThread "ForkJoinPool.commonPool-worker-4" daemon [_thread_blocked, id=25020, stack(0x000000a559900000,0x000000a559a00000) (1024K)]
Total: 55

Other Threads:
  0x0000025f1d7cfba0 VMThread "VM Thread"                           [id=24832, stack(0x000000a555200000,0x000000a555300000) (1024K)]
  0x0000025f1d5bca00 WatcherThread "VM Periodic Task Thread"        [id=19528, stack(0x000000a555100000,0x000000a555200000) (1024K)]
  0x0000025f1d749410 WorkerThread "GC Thread#0"                     [id=25364, stack(0x000000a555000000,0x000000a555100000) (1024K)]
  0x0000025f76799a70 WorkerThread "GC Thread#1"                     [id=26376, stack(0x000000a555d00000,0x000000a555e00000) (1024K)]
  0x0000025f76799e20 WorkerThread "GC Thread#2"                     [id=17860, stack(0x000000a555e00000,0x000000a555f00000) (1024K)]
  0x0000025f76798f60 WorkerThread "GC Thread#3"                     [id=18724, stack(0x000000a555f00000,0x000000a556000000) (1024K)]
  0x0000025f76799310 WorkerThread "GC Thread#4"                     [id=18404, stack(0x000000a556000000,0x000000a556100000) (1024K)]
  0x0000025f76798800 WorkerThread "GC Thread#5"                     [id=25632, stack(0x000000a556100000,0x000000a556200000) (1024K)]
  0x0000025f7679a1d0 WorkerThread "GC Thread#6"                     [id=24988, stack(0x000000a556200000,0x000000a556300000) (1024K)]
  0x0000025f7d064f70 WorkerThread "GC Thread#7"                     [id=23036, stack(0x000000a556400000,0x000000a556500000) (1024K)]
  0x0000025f7d0635a0 WorkerThread "GC Thread#8"                     [id=18576, stack(0x000000a556800000,0x000000a556900000) (1024K)]
  0x0000025f7d065e30 WorkerThread "GC Thread#9"                     [id=3284, stack(0x000000a556900000,0x000000a556a00000) (1024K)]
  0x0000025f7d0631f0 WorkerThread "GC Thread#10"                    [id=21372, stack(0x000000a556c00000,0x000000a556d00000) (1024K)]
  0x0000025f7d064bc0 WorkerThread "GC Thread#11"                    [id=5604, stack(0x000000a556e00000,0x000000a556f00000) (1024K)]
  0x0000025f7d062a90 WorkerThread "GC Thread#12"                    [id=22500, stack(0x000000a556f00000,0x000000a557000000) (1024K)]
  0x0000025f7d0661e0 WorkerThread "GC Thread#13"                    [id=19992, stack(0x000000a557000000,0x000000a557100000) (1024K)]
  0x0000025f7d0640b0 WorkerThread "GC Thread#14"                    [id=3768, stack(0x000000a557400000,0x000000a557500000) (1024K)]
Total: 17

Threads with active compile tasks:
C2 CompilerThread0  7658 6825       4       org.eclipse.osgi.internal.loader.BundleLoader::addExportedProvidersFor (167 bytes)
Total: 1

VM state: not at safepoint (normal execution)

VM Mutex/Monitor currently owned by a thread: None

Heap address: 0x0000000080000000, size: 2048 MB, Compressed Oops mode: 32-bit

CDS archive(s) mapped at: [0x0000025f34000000-0x0000025f34ba0000-0x0000025f34ba0000), size 12189696, SharedBaseAddress: 0x0000025f34000000, ArchiveRelocationMode: 1.
Compressed class space mapped at: 0x0000025f35000000-0x0000025f75000000, reserved size: 1073741824
Narrow klass base: 0x0000025f34000000, Narrow klass shift: 0, Narrow klass range: 0x100000000

GC Precious Log:
 CardTable entry size: 512
 CPUs: 20 total, 20 available
 Memory: 7709M
 Large Page Support: Disabled
 NUMA Support: Disabled
 Compressed Oops: Enabled (32-bit)
 Alignments: Space 512K, Generation 512K, Heap 2M
 Heap Min Capacity: 100M
 Heap Initial Capacity: 100M
 Heap Max Capacity: 2G
 Pre-touch: Disabled
 Parallel Workers: 15

Heap:
 PSYoungGen      total 22528K, used 22018K [0x00000000d5580000, 0x00000000d6d00000, 0x0000000100000000)
  eden space 22016K, 99% used [0x00000000d5580000,0x00000000d6ad8958,0x00000000d6b00000)
  from space 512K, 31% used [0x00000000d6c80000,0x00000000d6ca8000,0x00000000d6d00000)
  to   space 512K, 0% used [0x00000000d6c00000,0x00000000d6c00000,0x00000000d6c80000)
 ParOldGen       total 68608K, used 25071K [0x0000000080000000, 0x0000000084300000, 0x00000000d5580000)
  object space 68608K, 36% used [0x0000000080000000,0x000000008187bf40,0x0000000084300000)
 Metaspace       used 47320K, committed 48448K, reserved 1114112K
  class space    used 5152K, committed 5632K, reserved 1048576K

Card table byte_map: [0x0000025f1d0d0000,0x0000025f1d4e0000] _byte_map_base: 0x0000025f1ccd0000

Marking Bits: (ParMarkBitMap*) 0x00007ffba96944a0
 Begin Bits: [0x0000025f2fbe0000, 0x0000025f31be0000)
 End Bits:   [0x0000025f31be0000, 0x0000025f33be0000)

Polling page: 0x0000025f1b250000

Metaspace:

Usage:
  Non-class:     41.18 MB used.
      Class:      5.03 MB used.
       Both:     46.21 MB used.

Virtual space:
  Non-class space:       64.00 MB reserved,      41.81 MB ( 65%) committed,  1 nodes.
      Class space:        1.00 GB reserved,       5.50 MB ( <1%) committed,  1 nodes.
             Both:        1.06 GB reserved,      47.31 MB (  4%) committed. 

Chunk freelists:
   Non-Class:  5.78 MB
       Class:  10.48 MB
        Both:  16.27 MB

MaxMetaspaceSize: unlimited
CompressedClassSpaceSize: 1.00 GB
Initial GC threshold: 21.00 MB
Current GC threshold: 58.88 MB
CDS: on
 - commit_granule_bytes: 65536.
 - commit_granule_words: 8192.
 - virtual_space_node_default_size: 8388608.
 - enlarge_chunks_in_place: 1.
 - use_allocation_guard: 0.


Internal statistics:

num_allocs_failed_limit: 10.
num_arena_births: 800.
num_arena_deaths: 14.
num_vsnodes_births: 2.
num_vsnodes_deaths: 0.
num_space_committed: 757.
num_space_uncommitted: 0.
num_chunks_returned_to_freelist: 24.
num_chunks_taken_from_freelist: 2867.
num_chunk_merges: 14.
num_chunk_splits: 1825.
num_chunks_enlarged: 1113.
num_inconsistent_stats: 0.

CodeHeap 'non-profiled nmethods': size=119168Kb used=3088Kb max_used=3088Kb free=116079Kb
 bounds [0x0000025f284d0000, 0x0000025f287e0000, 0x0000025f2f930000]
CodeHeap 'profiled nmethods': size=119104Kb used=13219Kb max_used=13219Kb free=105884Kb
 bounds [0x0000025f20930000, 0x0000025f21620000, 0x0000025f27d80000]
CodeHeap 'non-nmethods': size=7488Kb used=1367Kb max_used=1416Kb free=6120Kb
 bounds [0x0000025f27d80000, 0x0000025f27ff0000, 0x0000025f284d0000]
CodeCache: size=245760Kb, used=17674Kb, max_used=17723Kb, free=228083Kb
 total_blobs=6960, nmethods=6294, adapters=572, full_count=0
Compilation: enabled, stopped_count=0, restarted_count=0

Compilation events (20 events):
Event: 7.487 Thread 0x0000025f765288a0 6849       3       com.google.gson.stream.JsonWriter::beforeName (49 bytes)
Event: 7.487 Thread 0x0000025f1d7e6d20 nmethod 6766 0x0000025f287d3190 code [0x0000025f287d3340, 0x0000025f287d3530]
Event: 7.487 Thread 0x0000025f1d7e6d20 6827       4       java.util.LinkedHashMap::afterNodeInsertion (40 bytes)
Event: 7.487 Thread 0x0000025f765288a0 nmethod 6849 0x0000025f21612c90 code [0x0000025f21612ea0, 0x0000025f21613450]
Event: 7.487 Thread 0x0000025f765288a0 6852       3       org.eclipse.core.internal.registry.RegistryObjectManager::getContributors (47 bytes)
Event: 7.487 Thread 0x0000025f765288a0 nmethod 6852 0x0000025f21613710 code [0x0000025f216138e0, 0x0000025f21613cc0]
Event: 7.487 Thread 0x0000025f765288a0 6850       1       java.nio.DirectByteBuffer::isReadOnly (2 bytes)
Event: 7.487 Thread 0x0000025f765288a0 nmethod 6850 0x0000025f287d3710 code [0x0000025f287d38a0, 0x0000025f287d3968]
Event: 7.487 Thread 0x0000025f1d7e6d20 nmethod 6827 0x0000025f287d3a10 code [0x0000025f287d3ba0, 0x0000025f287d3c70]
Event: 7.487 Thread 0x0000025f1d7e6d20 6825       4       org.eclipse.osgi.internal.loader.BundleLoader::addExportedProvidersFor (167 bytes)
Event: 7.494 Thread 0x0000025f765288a0 6853       3       org.eclipse.jdt.core.compiler.CharOperation::prefixEquals (36 bytes)
Event: 7.494 Thread 0x0000025f765288a0 nmethod 6853 0x0000025f21613e90 code [0x0000025f21614060, 0x0000025f21614310]
Event: 7.495 Thread 0x0000025f765288a0 6854 %     3       org.eclipse.jdt.internal.core.index.DiskIndex::addQueryResults @ 361 (727 bytes)
Event: 7.496 Thread 0x0000025f765288a0 nmethod 6854% 0x0000025f21614490 code [0x0000025f21614860, 0x0000025f216166d0]
Event: 7.497 Thread 0x0000025f765288a0 6855 %     3       org.eclipse.jdt.internal.core.index.DiskIndex::readStreamChars @ 130 (529 bytes)
Event: 7.497 Thread 0x0000025f765288a0 nmethod 6855% 0x0000025f21617510 code [0x0000025f216177c0, 0x0000025f21618890]
Event: 7.498 Thread 0x0000025f765288a0 6857       1       com.google.gson.stream.JsonWriter::isHtmlSafe (5 bytes)
Event: 7.498 Thread 0x0000025f765288a0 nmethod 6857 0x0000025f287d3d10 code [0x0000025f287d3ea0, 0x0000025f287d3f70]
Event: 7.498 Thread 0x0000025f765288a0 6858       1       com.google.gson.stream.JsonWriter::getSerializeNulls (5 bytes)
Event: 7.498 Thread 0x0000025f765288a0 nmethod 6858 0x0000025f287d4010 code [0x0000025f287d41a0, 0x0000025f287d4270]

GC Heap History (20 events):
Event: 5.418 GC heap before
{Heap before GC invocations=19 (full 2):
 PSYoungGen      total 23040K, used 23020K [0x00000000d5580000, 0x00000000d6f00000, 0x0000000100000000)
  eden space 22016K, 100% used [0x00000000d5580000,0x00000000d6b00000,0x00000000d6b00000)
  from space 1024K, 98% used [0x00000000d6e00000,0x00000000d6efb360,0x00000000d6f00000)
  to   space 1536K, 0% used [0x00000000d6c00000,0x00000000d6c00000,0x00000000d6d80000)
 ParOldGen       total 68608K, used 20131K [0x0000000080000000, 0x0000000084300000, 0x00000000d5580000)
  object space 68608K, 29% used [0x0000000080000000,0x00000000813a8f50,0x0000000084300000)
 Metaspace       used 38693K, committed 39680K, reserved 1114112K
  class space    used 4094K, committed 4480K, reserved 1048576K
}
Event: 5.419 GC heap after
{Heap after GC invocations=19 (full 2):
 PSYoungGen      total 23552K, used 768K [0x00000000d5580000, 0x00000000d6e80000, 0x0000000100000000)
  eden space 22016K, 0% used [0x00000000d5580000,0x00000000d5580000,0x00000000d6b00000)
  from space 1536K, 50% used [0x00000000d6c00000,0x00000000d6cc0000,0x00000000d6d80000)
  to   space 1024K, 0% used [0x00000000d6d80000,0x00000000d6d80000,0x00000000d6e80000)
 ParOldGen       total 68608K, used 20979K [0x0000000080000000, 0x0000000084300000, 0x00000000d5580000)
  object space 68608K, 30% used [0x0000000080000000,0x000000008147cf60,0x0000000084300000)
 Metaspace       used 38693K, committed 39680K, reserved 1114112K
  class space    used 4094K, committed 4480K, reserved 1048576K
}
Event: 5.604 GC heap before
{Heap before GC invocations=20 (full 2):
 PSYoungGen      total 23552K, used 22784K [0x00000000d5580000, 0x00000000d6e80000, 0x0000000100000000)
  eden space 22016K, 100% used [0x00000000d5580000,0x00000000d6b00000,0x00000000d6b00000)
  from space 1536K, 50% used [0x00000000d6c00000,0x00000000d6cc0000,0x00000000d6d80000)
  to   space 1024K, 0% used [0x00000000d6d80000,0x00000000d6d80000,0x00000000d6e80000)
 ParOldGen       total 68608K, used 20979K [0x0000000080000000, 0x0000000084300000, 0x00000000d5580000)
  object space 68608K, 30% used [0x0000000080000000,0x000000008147cf60,0x0000000084300000)
 Metaspace       used 41184K, committed 42240K, reserved 1114112K
  class space    used 4409K, committed 4864K, reserved 1048576K
}
Event: 5.605 GC heap after
{Heap after GC invocations=20 (full 2):
 PSYoungGen      total 23040K, used 1024K [0x00000000d5580000, 0x00000000d6f00000, 0x0000000100000000)
  eden space 22016K, 0% used [0x00000000d5580000,0x00000000d5580000,0x00000000d6b00000)
  from space 1024K, 100% used [0x00000000d6d80000,0x00000000d6e80000,0x00000000d6e80000)
  to   space 2048K, 0% used [0x00000000d6b00000,0x00000000d6b00000,0x00000000d6d00000)
 ParOldGen       total 68608K, used 21523K [0x0000000080000000, 0x0000000084300000, 0x00000000d5580000)
  object space 68608K, 31% used [0x0000000080000000,0x0000000081504f60,0x0000000084300000)
 Metaspace       used 41184K, committed 42240K, reserved 1114112K
  class space    used 4409K, committed 4864K, reserved 1048576K
}
Event: 5.888 GC heap before
{Heap before GC invocations=21 (full 2):
 PSYoungGen      total 23040K, used 23039K [0x00000000d5580000, 0x00000000d6f00000, 0x0000000100000000)
  eden space 22016K, 99% used [0x00000000d5580000,0x00000000d6afffe0,0x00000000d6b00000)
  from space 1024K, 100% used [0x00000000d6d80000,0x00000000d6e80000,0x00000000d6e80000)
  to   space 2048K, 0% used [0x00000000d6b00000,0x00000000d6b00000,0x00000000d6d00000)
 ParOldGen       total 68608K, used 21523K [0x0000000080000000, 0x0000000084300000, 0x00000000d5580000)
  object space 68608K, 31% used [0x0000000080000000,0x0000000081504f60,0x0000000084300000)
 Metaspace       used 43711K, committed 44864K, reserved 1114112K
  class space    used 4748K, committed 5248K, reserved 1048576K
}
Event: 5.890 GC heap after
{Heap after GC invocations=21 (full 2):
 PSYoungGen      total 24064K, used 1568K [0x00000000d5580000, 0x00000000d6f00000, 0x0000000100000000)
  eden space 22016K, 0% used [0x00000000d5580000,0x00000000d5580000,0x00000000d6b00000)
  from space 2048K, 76% used [0x00000000d6b00000,0x00000000d6c88000,0x00000000d6d00000)
  to   space 2048K, 0% used [0x00000000d6d00000,0x00000000d6d00000,0x00000000d6f00000)
 ParOldGen       total 68608K, used 22407K [0x0000000080000000, 0x0000000084300000, 0x00000000d5580000)
  object space 68608K, 32% used [0x0000000080000000,0x00000000815e1f70,0x0000000084300000)
 Metaspace       used 43711K, committed 44864K, reserved 1114112K
  class space    used 4748K, committed 5248K, reserved 1048576K
}
Event: 6.154 GC heap before
{Heap before GC invocations=22 (full 2):
 PSYoungGen      total 24064K, used 23584K [0x00000000d5580000, 0x00000000d6f00000, 0x0000000100000000)
  eden space 22016K, 100% used [0x00000000d5580000,0x00000000d6b00000,0x00000000d6b00000)
  from space 2048K, 76% used [0x00000000d6b00000,0x00000000d6c88000,0x00000000d6d00000)
  to   space 2048K, 0% used [0x00000000d6d00000,0x00000000d6d00000,0x00000000d6f00000)
 ParOldGen       total 68608K, used 22407K [0x0000000080000000, 0x0000000084300000, 0x00000000d5580000)
  object space 68608K, 32% used [0x0000000080000000,0x00000000815e1f70,0x0000000084300000)
 Metaspace       used 45788K, committed 46912K, reserved 1114112K
  class space    used 4990K, committed 5440K, reserved 1048576K
}
Event: 6.156 GC heap after
{Heap after GC invocations=22 (full 2):
 PSYoungGen      total 23552K, used 1072K [0x00000000d5580000, 0x00000000d6e80000, 0x0000000100000000)
  eden space 22016K, 0% used [0x00000000d5580000,0x00000000d5580000,0x00000000d6b00000)
  from space 1536K, 69% used [0x00000000d6d00000,0x00000000d6e0c010,0x00000000d6e80000)
  to   space 1536K, 0% used [0x00000000d6b80000,0x00000000d6b80000,0x00000000d6d00000)
 ParOldGen       total 68608K, used 23739K [0x0000000080000000, 0x0000000084300000, 0x00000000d5580000)
  object space 68608K, 34% used [0x0000000080000000,0x000000008172ef80,0x0000000084300000)
 Metaspace       used 45788K, committed 46912K, reserved 1114112K
  class space    used 4990K, committed 5440K, reserved 1048576K
}
Event: 6.559 GC heap before
{Heap before GC invocations=23 (full 2):
 PSYoungGen      total 23552K, used 23088K [0x00000000d5580000, 0x00000000d6e80000, 0x0000000100000000)
  eden space 22016K, 100% used [0x00000000d5580000,0x00000000d6b00000,0x00000000d6b00000)
  from space 1536K, 69% used [0x00000000d6d00000,0x00000000d6e0c010,0x00000000d6e80000)
  to   space 1536K, 0% used [0x00000000d6b80000,0x00000000d6b80000,0x00000000d6d00000)
 ParOldGen       total 68608K, used 23739K [0x0000000080000000, 0x0000000084300000, 0x00000000d5580000)
  object space 68608K, 34% used [0x0000000080000000,0x000000008172ef80,0x0000000084300000)
 Metaspace       used 46591K, committed 47680K, reserved 1114112K
  class space    used 5071K, committed 5504K, reserved 1048576K
}
Event: 6.561 GC heap after
{Heap after GC invocations=23 (full 2):
 PSYoungGen      total 23040K, used 608K [0x00000000d5580000, 0x00000000d6d80000, 0x0000000100000000)
  eden space 22016K, 0% used [0x00000000d5580000,0x00000000d5580000,0x00000000d6b00000)
  from space 1024K, 59% used [0x00000000d6b80000,0x00000000d6c18000,0x00000000d6c80000)
  to   space 1024K, 0% used [0x00000000d6c80000,0x00000000d6c80000,0x00000000d6d80000)
 ParOldGen       total 68608K, used 24517K [0x0000000080000000, 0x0000000084300000, 0x00000000d5580000)
  object space 68608K, 35% used [0x0000000080000000,0x00000000817f17e0,0x0000000084300000)
 Metaspace       used 46591K, committed 47680K, reserved 1114112K
  class space    used 5071K, committed 5504K, reserved 1048576K
}
Event: 6.869 GC heap before
{Heap before GC invocations=24 (full 2):
 PSYoungGen      total 23040K, used 22624K [0x00000000d5580000, 0x00000000d6d80000, 0x0000000100000000)
  eden space 22016K, 100% used [0x00000000d5580000,0x00000000d6b00000,0x00000000d6b00000)
  from space 1024K, 59% used [0x00000000d6b80000,0x00000000d6c18000,0x00000000d6c80000)
  to   space 1024K, 0% used [0x00000000d6c80000,0x00000000d6c80000,0x00000000d6d80000)
 ParOldGen       total 68608K, used 24517K [0x0000000080000000, 0x0000000084300000, 0x00000000d5580000)
  object space 68608K, 35% used [0x0000000080000000,0x00000000817f17e0,0x0000000084300000)
 Metaspace       used 46591K, committed 47680K, reserved 1114112K
  class space    used 5071K, committed 5504K, reserved 1048576K
}
Event: 6.870 GC heap after
{Heap after GC invocations=24 (full 2):
 PSYoungGen      total 22528K, used 256K [0x00000000d5580000, 0x00000000d6d00000, 0x0000000100000000)
  eden space 22016K, 0% used [0x00000000d5580000,0x00000000d5580000,0x00000000d6b00000)
  from space 512K, 50% used [0x00000000d6c80000,0x00000000d6cc0000,0x00000000d6d00000)
  to   space 512K, 0% used [0x00000000d6c00000,0x00000000d6c00000,0x00000000d6c80000)
 ParOldGen       total 68608K, used 24935K [0x0000000080000000, 0x0000000084300000, 0x00000000d5580000)
  object space 68608K, 36% used [0x0000000080000000,0x0000000081859f40,0x0000000084300000)
 Metaspace       used 46591K, committed 47680K, reserved 1114112K
  class space    used 5071K, committed 5504K, reserved 1048576K
}
Event: 6.991 GC heap before
{Heap before GC invocations=25 (full 2):
 PSYoungGen      total 22528K, used 22272K [0x00000000d5580000, 0x00000000d6d00000, 0x0000000100000000)
  eden space 22016K, 100% used [0x00000000d5580000,0x00000000d6b00000,0x00000000d6b00000)
  from space 512K, 50% used [0x00000000d6c80000,0x00000000d6cc0000,0x00000000d6d00000)
  to   space 512K, 0% used [0x00000000d6c00000,0x00000000d6c00000,0x00000000d6c80000)
 ParOldGen       total 68608K, used 24935K [0x0000000080000000, 0x0000000084300000, 0x00000000d5580000)
  object space 68608K, 36% used [0x0000000080000000,0x0000000081859f40,0x0000000084300000)
 Metaspace       used 46591K, committed 47680K, reserved 1114112K
  class space    used 5071K, committed 5504K, reserved 1048576K
}
Event: 6.991 GC heap after
{Heap after GC invocations=25 (full 2):
 PSYoungGen      total 22528K, used 160K [0x00000000d5580000, 0x00000000d6d00000, 0x0000000100000000)
  eden space 22016K, 0% used [0x00000000d5580000,0x00000000d5580000,0x00000000d6b00000)
  from space 512K, 31% used [0x00000000d6c00000,0x00000000d6c28000,0x00000000d6c80000)
  to   space 512K, 0% used [0x00000000d6c80000,0x00000000d6c80000,0x00000000d6d00000)
 ParOldGen       total 68608K, used 25007K [0x0000000080000000, 0x0000000084300000, 0x00000000d5580000)
  object space 68608K, 36% used [0x0000000080000000,0x000000008186bf40,0x0000000084300000)
 Metaspace       used 46591K, committed 47680K, reserved 1114112K
  class space    used 5071K, committed 5504K, reserved 1048576K
}
Event: 7.098 GC heap before
{Heap before GC invocations=26 (full 2):
 PSYoungGen      total 22528K, used 22176K [0x00000000d5580000, 0x00000000d6d00000, 0x0000000100000000)
  eden space 22016K, 100% used [0x00000000d5580000,0x00000000d6b00000,0x00000000d6b00000)
  from space 512K, 31% used [0x00000000d6c00000,0x00000000d6c28000,0x00000000d6c80000)
  to   space 512K, 0% used [0x00000000d6c80000,0x00000000d6c80000,0x00000000d6d00000)
 ParOldGen       total 68608K, used 25007K [0x0000000080000000, 0x0000000084300000, 0x00000000d5580000)
  object space 68608K, 36% used [0x0000000080000000,0x000000008186bf40,0x0000000084300000)
 Metaspace       used 46592K, committed 47680K, reserved 1114112K
  class space    used 5071K, committed 5504K, reserved 1048576K
}
Event: 7.099 GC heap after
{Heap after GC invocations=26 (full 2):
 PSYoungGen      total 22528K, used 192K [0x00000000d5580000, 0x00000000d6d00000, 0x0000000100000000)
  eden space 22016K, 0% used [0x00000000d5580000,0x00000000d5580000,0x00000000d6b00000)
  from space 512K, 37% used [0x00000000d6c80000,0x00000000d6cb0000,0x00000000d6d00000)
  to   space 512K, 0% used [0x00000000d6c00000,0x00000000d6c00000,0x00000000d6c80000)
 ParOldGen       total 68608K, used 25007K [0x0000000080000000, 0x0000000084300000, 0x00000000d5580000)
  object space 68608K, 36% used [0x0000000080000000,0x000000008186bf40,0x0000000084300000)
 Metaspace       used 46592K, committed 47680K, reserved 1114112K
  class space    used 5071K, committed 5504K, reserved 1048576K
}
Event: 7.215 GC heap before
{Heap before GC invocations=27 (full 2):
 PSYoungGen      total 22528K, used 22208K [0x00000000d5580000, 0x00000000d6d00000, 0x0000000100000000)
  eden space 22016K, 100% used [0x00000000d5580000,0x00000000d6b00000,0x00000000d6b00000)
  from space 512K, 37% used [0x00000000d6c80000,0x00000000d6cb0000,0x00000000d6d00000)
  to   space 512K, 0% used [0x00000000d6c00000,0x00000000d6c00000,0x00000000d6c80000)
 ParOldGen       total 68608K, used 25007K [0x0000000080000000, 0x0000000084300000, 0x00000000d5580000)
  object space 68608K, 36% used [0x0000000080000000,0x000000008186bf40,0x0000000084300000)
 Metaspace       used 46594K, committed 47680K, reserved 1114112K
  class space    used 5071K, committed 5504K, reserved 1048576K
}
Event: 7.216 GC heap after
{Heap after GC invocations=27 (full 2):
 PSYoungGen      total 22528K, used 96K [0x00000000d5580000, 0x00000000d6d00000, 0x0000000100000000)
  eden space 22016K, 0% used [0x00000000d5580000,0x00000000d5580000,0x00000000d6b00000)
  from space 512K, 18% used [0x00000000d6c00000,0x00000000d6c18000,0x00000000d6c80000)
  to   space 512K, 0% used [0x00000000d6c80000,0x00000000d6c80000,0x00000000d6d00000)
 ParOldGen       total 68608K, used 25071K [0x0000000080000000, 0x0000000084300000, 0x00000000d5580000)
  object space 68608K, 36% used [0x0000000080000000,0x000000008187bf40,0x0000000084300000)
 Metaspace       used 46594K, committed 47680K, reserved 1114112K
  class space    used 5071K, committed 5504K, reserved 1048576K
}
Event: 7.341 GC heap before
{Heap before GC invocations=28 (full 2):
 PSYoungGen      total 22528K, used 22112K [0x00000000d5580000, 0x00000000d6d00000, 0x0000000100000000)
  eden space 22016K, 100% used [0x00000000d5580000,0x00000000d6b00000,0x00000000d6b00000)
  from space 512K, 18% used [0x00000000d6c00000,0x00000000d6c18000,0x00000000d6c80000)
  to   space 512K, 0% used [0x00000000d6c80000,0x00000000d6c80000,0x00000000d6d00000)
 ParOldGen       total 68608K, used 25071K [0x0000000080000000, 0x0000000084300000, 0x00000000d5580000)
  object space 68608K, 36% used [0x0000000080000000,0x000000008187bf40,0x0000000084300000)
 Metaspace       used 46597K, committed 47680K, reserved 1114112K
  class space    used 5072K, committed 5504K, reserved 1048576K
}
Event: 7.342 GC heap after
{Heap after GC invocations=28 (full 2):
 PSYoungGen      total 22528K, used 160K [0x00000000d5580000, 0x00000000d6d00000, 0x0000000100000000)
  eden space 22016K, 0% used [0x00000000d5580000,0x00000000d5580000,0x00000000d6b00000)
  from space 512K, 31% used [0x00000000d6c80000,0x00000000d6ca8000,0x00000000d6d00000)
  to   space 512K, 0% used [0x00000000d6c00000,0x00000000d6c00000,0x00000000d6c80000)
 ParOldGen       total 68608K, used 25071K [0x0000000080000000, 0x0000000084300000, 0x00000000d5580000)
  object space 68608K, 36% used [0x0000000080000000,0x000000008187bf40,0x0000000084300000)
 Metaspace       used 46597K, committed 47680K, reserved 1114112K
  class space    used 5072K, committed 5504K, reserved 1048576K
}

Dll operation events (20 events):
Event: 0.008 Attempting to load shared library c:\Users\otuom\.antigravity-ide\extensions\redhat.java-1.56.0-win32-x64\jre\21.0.12.1-win32-x86_64\bin\java.dll
Event: 0.008 Loaded shared library c:\Users\otuom\.antigravity-ide\extensions\redhat.java-1.56.0-win32-x64\jre\21.0.12.1-win32-x86_64\bin\java.dll
Event: 0.040 Attempting to load shared library c:\Users\otuom\.antigravity-ide\extensions\redhat.java-1.56.0-win32-x64\jre\21.0.12.1-win32-x86_64\bin\zip.dll
Event: 0.041 Loaded shared library c:\Users\otuom\.antigravity-ide\extensions\redhat.java-1.56.0-win32-x64\jre\21.0.12.1-win32-x86_64\bin\zip.dll
Event: 0.049 Attempting to load shared library C:\Users\otuom\.antigravity-ide\extensions\redhat.java-1.56.0-win32-x64\jre\21.0.12.1-win32-x86_64\bin\instrument.dll
Event: 0.049 Loaded shared library C:\Users\otuom\.antigravity-ide\extensions\redhat.java-1.56.0-win32-x64\jre\21.0.12.1-win32-x86_64\bin\instrument.dll
Event: 0.051 Attempting to load shared library C:\Users\otuom\.antigravity-ide\extensions\redhat.java-1.56.0-win32-x64\jre\21.0.12.1-win32-x86_64\bin\net.dll
Event: 0.052 Loaded shared library C:\Users\otuom\.antigravity-ide\extensions\redhat.java-1.56.0-win32-x64\jre\21.0.12.1-win32-x86_64\bin\net.dll
Event: 0.053 Attempting to load shared library C:\Users\otuom\.antigravity-ide\extensions\redhat.java-1.56.0-win32-x64\jre\21.0.12.1-win32-x86_64\bin\nio.dll
Event: 0.054 Loaded shared library C:\Users\otuom\.antigravity-ide\extensions\redhat.java-1.56.0-win32-x64\jre\21.0.12.1-win32-x86_64\bin\nio.dll
Event: 0.055 Attempting to load shared library C:\Users\otuom\.antigravity-ide\extensions\redhat.java-1.56.0-win32-x64\jre\21.0.12.1-win32-x86_64\bin\zip.dll
Event: 0.055 Loaded shared library C:\Users\otuom\.antigravity-ide\extensions\redhat.java-1.56.0-win32-x64\jre\21.0.12.1-win32-x86_64\bin\zip.dll
Event: 0.063 Attempting to load shared library C:\Users\otuom\.antigravity-ide\extensions\redhat.java-1.56.0-win32-x64\jre\21.0.12.1-win32-x86_64\bin\jimage.dll
Event: 0.063 Loaded shared library C:\Users\otuom\.antigravity-ide\extensions\redhat.java-1.56.0-win32-x64\jre\21.0.12.1-win32-x86_64\bin\jimage.dll
Event: 0.091 Attempting to load shared library c:\Users\otuom\.antigravity-ide\extensions\redhat.java-1.56.0-win32-x64\jre\21.0.12.1-win32-x86_64\bin\verify.dll
Event: 0.092 Loaded shared library c:\Users\otuom\.antigravity-ide\extensions\redhat.java-1.56.0-win32-x64\jre\21.0.12.1-win32-x86_64\bin\verify.dll
Event: 0.625 Attempting to load shared library C:\Users\otuom\AppData\Roaming\Antigravity IDE\User\globalStorage\redhat.java\1.56.0\config_win\org.eclipse.equinox.launcher\org.eclipse.equinox.launcher.win32.win32.x86_64_1.3.100.v20260804-1928\eclipse_11924.dll
Event: 0.628 Loaded shared library C:\Users\otuom\AppData\Roaming\Antigravity IDE\User\globalStorage\redhat.java\1.56.0\config_win\org.eclipse.equinox.launcher\org.eclipse.equinox.launcher.win32.win32.x86_64_1.3.100.v20260804-1928\eclipse_11924.dll
Event: 3.629 Attempting to load shared library C:\Users\otuom\AppData\Local\Temp\jna-106082574\jna17529363354061296495.dll
Event: 3.836 Loaded shared library C:\Users\otuom\AppData\Local\Temp\jna-106082574\jna17529363354061296495.dll

Deoptimization events (20 events):
Event: 7.479 Thread 0x0000025f7e213f90 Uncommon trap: trap_request=0xffffff45 fr.pc=0x0000025f28665980 relative=0x0000000000000620
Event: 7.479 Thread 0x0000025f7e213f90 Uncommon trap: reason=unstable_if action=reinterpret pc=0x0000025f28665980 method=java.util.concurrent.locks.ReentrantLock$Sync.lock()V @ 4 c2
Event: 7.479 Thread 0x0000025f7e213f90 DEOPT PACKING pc=0x0000025f28665980 sp=0x000000a5597fda60
Event: 7.479 Thread 0x0000025f7e213f90 DEOPT UNPACKING pc=0x0000025f27dd3aa2 sp=0x000000a5597fd960 mode 2
Event: 7.486 Thread 0x0000025f7e214620 Uncommon trap: trap_request=0xffffffde fr.pc=0x0000025f2877a490 relative=0x00000000000000d0
Event: 7.486 Thread 0x0000025f7e214620 Uncommon trap: reason=class_check action=maybe_recompile pc=0x0000025f2877a490 method=org.eclipse.core.runtime.SubMonitor$RootInfo.isCanceled()Z @ 4 c2
Event: 7.486 Thread 0x0000025f7e214620 DEOPT PACKING pc=0x0000025f2877a490 sp=0x000000a5593fec90
Event: 7.486 Thread 0x0000025f7e214620 DEOPT UNPACKING pc=0x0000025f27dd3aa2 sp=0x000000a5593febd0 mode 2
Event: 7.486 Thread 0x0000025f7e214620 Uncommon trap: trap_request=0xffffffde fr.pc=0x0000025f2877a490 relative=0x00000000000000d0
Event: 7.486 Thread 0x0000025f7e214620 Uncommon trap: reason=class_check action=maybe_recompile pc=0x0000025f2877a490 method=org.eclipse.core.runtime.SubMonitor$RootInfo.isCanceled()Z @ 4 c2
Event: 7.486 Thread 0x0000025f7e214620 DEOPT PACKING pc=0x0000025f2877a490 sp=0x000000a5593fec90
Event: 7.486 Thread 0x0000025f7e214620 DEOPT UNPACKING pc=0x0000025f27dd3aa2 sp=0x000000a5593febd0 mode 2
Event: 7.486 Thread 0x0000025f7e216060 Uncommon trap: trap_request=0xffffffde fr.pc=0x0000025f2877a490 relative=0x00000000000000d0
Event: 7.486 Thread 0x0000025f7e216060 Uncommon trap: reason=class_check action=maybe_recompile pc=0x0000025f2877a490 method=org.eclipse.core.runtime.SubMonitor$RootInfo.isCanceled()Z @ 4 c2
Event: 7.486 Thread 0x0000025f7e216060 DEOPT PACKING pc=0x0000025f2877a490 sp=0x000000a5595feb10
Event: 7.486 Thread 0x0000025f7e216060 DEOPT UNPACKING pc=0x0000025f27dd3aa2 sp=0x000000a5595fea50 mode 2
Event: 7.496 Thread 0x0000025f7e2166f0 Uncommon trap: trap_request=0xffffff45 fr.pc=0x0000025f287171d4 relative=0x0000000000000854
Event: 7.496 Thread 0x0000025f7e2166f0 Uncommon trap: reason=unstable_if action=reinterpret pc=0x0000025f287171d4 method=org.eclipse.jdt.internal.core.index.DiskIndex.readStreamChars(Ljava/io/InputStream;)[C @ 1 c2
Event: 7.496 Thread 0x0000025f7e2166f0 DEOPT PACKING pc=0x0000025f287171d4 sp=0x000000a5594fea50
Event: 7.496 Thread 0x0000025f7e2166f0 DEOPT UNPACKING pc=0x0000025f27dd3aa2 sp=0x000000a5594fe9c8 mode 2

Classes loaded (20 events):
Event: 6.209 Loading class sun/nio/fs/WindowsFileSystem$2
Event: 6.209 Loading class java/nio/file/PathMatcher
Event: 6.209 Loading class java/nio/file/PathMatcher done
Event: 6.209 Loading class sun/nio/fs/WindowsFileSystem$2 done
Event: 6.210 Loading class java/nio/file/FileVisitResult
Event: 6.210 Loading class java/nio/file/FileVisitResult done
Event: 7.456 Loading class java/util/Collections$SynchronizedRandomAccessList
Event: 7.456 Loading class java/util/Collections$SynchronizedList
Event: 7.457 Loading class java/util/Collections$SynchronizedList done
Event: 7.457 Loading class java/util/Collections$SynchronizedRandomAccessList done
Event: 7.465 Loading class java/util/concurrent/CompletableFuture$Signaller
Event: 7.465 Loading class java/util/concurrent/CompletableFuture$Signaller done
Event: 7.475 Loading class java/util/concurrent/CompletableFuture$UniApply
Event: 7.475 Loading class java/util/concurrent/CompletableFuture$UniCompletion
Event: 7.475 Loading class java/util/concurrent/CompletableFuture$UniCompletion done
Event: 7.475 Loading class java/util/concurrent/CompletableFuture$UniApply done
Event: 7.476 Loading class java/util/concurrent/CompletableFuture$UniAccept
Event: 7.476 Loading class java/util/concurrent/CompletableFuture$UniAccept done
Event: 7.476 Loading class java/util/concurrent/CompletableFuture$UniExceptionally
Event: 7.476 Loading class java/util/concurrent/CompletableFuture$UniExceptionally done

Classes unloaded (7 events):
Event: 4.222 Thread 0x0000025f1d7cfba0 Unloading class 0x0000025f351ab000 'java/lang/invoke/LambdaForm$MH+0x0000025f351ab000'
Event: 4.222 Thread 0x0000025f1d7cfba0 Unloading class 0x0000025f351aac00 'java/lang/invoke/LambdaForm$MH+0x0000025f351aac00'
Event: 4.222 Thread 0x0000025f1d7cfba0 Unloading class 0x0000025f351aa800 'java/lang/invoke/LambdaForm$MH+0x0000025f351aa800'
Event: 4.222 Thread 0x0000025f1d7cfba0 Unloading class 0x0000025f351aa400 'java/lang/invoke/LambdaForm$MH+0x0000025f351aa400'
Event: 4.222 Thread 0x0000025f1d7cfba0 Unloading class 0x0000025f351aa000 'java/lang/invoke/LambdaForm$BMH+0x0000025f351aa000'
Event: 4.222 Thread 0x0000025f1d7cfba0 Unloading class 0x0000025f351a9c00 'java/lang/invoke/LambdaForm$DMH+0x0000025f351a9c00'
Event: 4.222 Thread 0x0000025f1d7cfba0 Unloading class 0x0000025f351a8800 'java/lang/invoke/LambdaForm$DMH+0x0000025f351a8800'

Classes redefined (0 events):
No events

Internal exceptions (20 events):
Event: 7.407 Thread 0x0000025f7e214620 Exception <a 'sun/nio/fs/WindowsException'{0x00000000d5fb3a30}> (0x00000000d5fb3a30) 
thrown [s\src\hotspot\share\prims\jni.cpp, line 520]
Event: 7.407 Thread 0x0000025f7e214620 Exception <a 'sun/nio/fs/WindowsException'{0x00000000d5fb5e50}> (0x00000000d5fb5e50) 
thrown [s\src\hotspot\share\prims\jni.cpp, line 520]
Event: 7.407 Thread 0x0000025f7e214620 Exception <a 'sun/nio/fs/WindowsException'{0x00000000d5fb82b8}> (0x00000000d5fb82b8) 
thrown [s\src\hotspot\share\prims\jni.cpp, line 520]
Event: 7.407 Thread 0x0000025f7e214620 Exception <a 'sun/nio/fs/WindowsException'{0x00000000d5fba728}> (0x00000000d5fba728) 
thrown [s\src\hotspot\share\prims\jni.cpp, line 520]
Event: 7.408 Thread 0x0000025f7e214620 Exception <a 'sun/nio/fs/WindowsException'{0x00000000d5fbd240}> (0x00000000d5fbd240) 
thrown [s\src\hotspot\share\prims\jni.cpp, line 520]
Event: 7.408 Thread 0x0000025f7e214620 Exception <a 'sun/nio/fs/WindowsException'{0x00000000d5fbf680}> (0x00000000d5fbf680) 
thrown [s\src\hotspot\share\prims\jni.cpp, line 520]
Event: 7.408 Thread 0x0000025f7e214620 Exception <a 'sun/nio/fs/WindowsException'{0x00000000d5fc1a88}> (0x00000000d5fc1a88) 
thrown [s\src\hotspot\share\prims\jni.cpp, line 520]
Event: 7.408 Thread 0x0000025f7e214620 Exception <a 'sun/nio/fs/WindowsException'{0x00000000d5fc3e98}> (0x00000000d5fc3e98) 
thrown [s\src\hotspot\share\prims\jni.cpp, line 520]
Event: 7.408 Thread 0x0000025f7e214620 Exception <a 'sun/nio/fs/WindowsException'{0x00000000d5fc62a8}> (0x00000000d5fc62a8) 
thrown [s\src\hotspot\share\prims\jni.cpp, line 520]
Event: 7.408 Thread 0x0000025f7e214620 Exception <a 'sun/nio/fs/WindowsException'{0x00000000d5fc9460}> (0x00000000d5fc9460) 
thrown [s\src\hotspot\share\prims\jni.cpp, line 520]
Event: 7.408 Thread 0x0000025f7e214620 Exception <a 'sun/nio/fs/WindowsException'{0x00000000d5fcd2a0}> (0x00000000d5fcd2a0) 
thrown [s\src\hotspot\share\prims\jni.cpp, line 520]
Event: 7.431 Thread 0x0000025f0010c950 Exception <a 'sun/nio/fs/WindowsException'{0x00000000d60ea300}> (0x00000000d60ea300) 
thrown [s\src\hotspot\share\prims\jni.cpp, line 520]
Event: 7.431 Thread 0x0000025f0010c950 Exception <a 'sun/nio/fs/WindowsException'{0x00000000d60ea750}> (0x00000000d60ea750) 
thrown [s\src\hotspot\share\prims\jni.cpp, line 520]
Event: 7.431 Thread 0x0000025f0010c950 Exception <a 'sun/nio/fs/WindowsException'{0x00000000d60eda10}> (0x00000000d60eda10) 
thrown [s\src\hotspot\share\prims\jni.cpp, line 520]
Event: 7.431 Thread 0x0000025f0010c950 Exception <a 'sun/nio/fs/WindowsException'{0x00000000d60ede60}> (0x00000000d60ede60) 
thrown [s\src\hotspot\share\prims\jni.cpp, line 520]
Event: 7.444 Thread 0x0000025f0010c950 Exception <a 'sun/nio/fs/WindowsException'{0x00000000d627eb98}> (0x00000000d627eb98) 
thrown [s\src\hotspot\share\prims\jni.cpp, line 520]
Event: 7.444 Thread 0x0000025f0010c950 Exception <a 'sun/nio/fs/WindowsException'{0x00000000d628c740}> (0x00000000d628c740) 
thrown [s\src\hotspot\share\prims\jni.cpp, line 520]
Event: 7.444 Thread 0x0000025f0010c950 Exception <a 'sun/nio/fs/WindowsException'{0x00000000d62968a8}> (0x00000000d62968a8) 
thrown [s\src\hotspot\share\prims\jni.cpp, line 520]
Event: 7.444 Thread 0x0000025f0010c950 Exception <a 'sun/nio/fs/WindowsException'{0x00000000d6297200}> (0x00000000d6297200) 
thrown [s\src\hotspot\share\prims\jni.cpp, line 520]
Event: 7.473 Thread 0x0000025f0010c950 Exception <a 'java/lang/IncompatibleClassChangeError'{0x00000000d65016f8}: Found class java.lang.Object, but interface was expected> (0x00000000d65016f8) 
thrown [s\src\hotspot\share\interpreter\linkResolver.cpp, line 840]

ZGC Phase Switch (0 events):
No events

VM Operations (20 events):
Event: 6.129 Executing non-safepoint VM operation: HandshakeAllThreads (Deoptimize)
Event: 6.129 Executing non-safepoint VM operation: HandshakeAllThreads (Deoptimize) done
Event: 6.154 Executing safepoint VM operation: ParallelGCFailedAllocation (Allocation Failure)
Event: 6.156 Executing safepoint VM operation: ParallelGCFailedAllocation (Allocation Failure) done
Event: 6.559 Executing safepoint VM operation: ParallelGCFailedAllocation (Allocation Failure)
Event: 6.561 Executing safepoint VM operation: ParallelGCFailedAllocation (Allocation Failure) done
Event: 6.869 Executing safepoint VM operation: ParallelGCFailedAllocation (Allocation Failure)
Event: 6.870 Executing safepoint VM operation: ParallelGCFailedAllocation (Allocation Failure) done
Event: 6.991 Executing safepoint VM operation: ParallelGCFailedAllocation (Allocation Failure)
Event: 6.991 Executing safepoint VM operation: ParallelGCFailedAllocation (Allocation Failure) done
Event: 7.098 Executing safepoint VM operation: ParallelGCFailedAllocation (Allocation Failure)
Event: 7.099 Executing safepoint VM operation: ParallelGCFailedAllocation (Allocation Failure) done
Event: 7.215 Executing safepoint VM operation: ParallelGCFailedAllocation (Allocation Failure)
Event: 7.216 Executing safepoint VM operation: ParallelGCFailedAllocation (Allocation Failure) done
Event: 7.341 Executing safepoint VM operation: ParallelGCFailedAllocation (Allocation Failure)
Event: 7.342 Executing safepoint VM operation: ParallelGCFailedAllocation (Allocation Failure) done
Event: 7.453 Executing non-safepoint VM operation: HandshakeAllThreads (Deoptimize)
Event: 7.453 Executing non-safepoint VM operation: HandshakeAllThreads (Deoptimize) done
Event: 7.454 Executing non-safepoint VM operation: HandshakeAllThreads (Deoptimize)
Event: 7.454 Executing non-safepoint VM operation: HandshakeAllThreads (Deoptimize) done

Memory protections (0 events):
No events

Nmethod flushes (20 events):
Event: 5.059 Thread 0x0000025f1d7cfba0 flushing  nmethod 0x0000025f21041590
Event: 5.059 Thread 0x0000025f1d7cfba0 flushing  nmethod 0x0000025f21078510
Event: 5.059 Thread 0x0000025f1d7cfba0 flushing  nmethod 0x0000025f2107fc10
Event: 5.059 Thread 0x0000025f1d7cfba0 flushing  nmethod 0x0000025f21080510
Event: 5.059 Thread 0x0000025f1d7cfba0 flushing  nmethod 0x0000025f21081710
Event: 5.059 Thread 0x0000025f1d7cfba0 flushing  nmethod 0x0000025f21082a10
Event: 5.059 Thread 0x0000025f1d7cfba0 flushing  nmethod 0x0000025f21083190
Event: 5.059 Thread 0x0000025f1d7cfba0 flushing  nmethod 0x0000025f21084710
Event: 5.059 Thread 0x0000025f1d7cfba0 flushing  nmethod 0x0000025f21084b10
Event: 5.059 Thread 0x0000025f1d7cfba0 flushing  nmethod 0x0000025f21085690
Event: 5.059 Thread 0x0000025f1d7cfba0 flushing  nmethod 0x0000025f21085b90
Event: 5.059 Thread 0x0000025f1d7cfba0 flushing  nmethod 0x0000025f21086510
Event: 5.059 Thread 0x0000025f1d7cfba0 flushing  nmethod 0x0000025f21089210
Event: 5.059 Thread 0x0000025f1d7cfba0 flushing  nmethod 0x0000025f21089b10
Event: 5.059 Thread 0x0000025f1d7cfba0 flushing  nmethod 0x0000025f21096b10
Event: 5.059 Thread 0x0000025f1d7cfba0 flushing  nmethod 0x0000025f210bff10
Event: 5.059 Thread 0x0000025f1d7cfba0 flushing  nmethod 0x0000025f210c2990
Event: 5.059 Thread 0x0000025f1d7cfba0 flushing  nmethod 0x0000025f210cbf90
Event: 5.059 Thread 0x0000025f1d7cfba0 flushing  nmethod 0x0000025f210ceb10
Event: 5.059 Thread 0x0000025f1d7cfba0 flushing  nmethod 0x0000025f210dd490

Events (20 events):
Event: 4.869 Thread 0x0000025f1d72ab40 Thread added: 0x0000025f001087b0
Event: 4.869 Thread 0x0000025f1d72ab40 Thread added: 0x0000025f00106050
Event: 4.869 Thread 0x0000025f1d72ab40 Thread added: 0x0000025f00109b60
Event: 4.869 Thread 0x0000025f1d72ab40 Thread added: 0x0000025f001066e0
Event: 4.869 Thread 0x0000025f1d72ab40 Thread added: 0x0000025f0010d670
Event: 4.869 Thread 0x0000025f1d72ab40 Thread added: 0x0000025f0010b5a0
Event: 4.869 Thread 0x0000025f1d72ab40 Thread added: 0x0000025f0010bc30
Event: 4.869 Thread 0x0000025f1d72ab40 Thread added: 0x0000025f0010c2c0
Event: 4.891 Thread 0x0000025f1d72ab40 Thread added: 0x0000025f0010a880
Event: 5.081 Thread 0x0000025f1d72ab40 Thread added: 0x0000025f0010af10
Event: 5.081 Thread 0x0000025f1d72ab40 Thread added: 0x0000025f0010c950
Event: 5.420 Thread 0x0000025f78b85a60 Thread added: 0x0000025f7e214620
Event: 6.044 Thread 0x0000025f78b86780 Thread added: 0x0000025f7e2166f0
Event: 6.045 Thread 0x0000025f7e2166f0 Thread added: 0x0000025f7e216060
Event: 6.194 Thread 0x0000025f7e214620 Thread added: 0x0000025f7e213f90
Event: 7.410 Thread 0x0000025f7e213f90 Thread exited: 0x0000025f7e213f90
Event: 7.476 Thread 0x0000025f0010c950 Thread added: 0x0000025f7e216d80
Event: 7.476 Thread 0x0000025f0010c950 Thread added: 0x0000025f7e213f90
Event: 7.477 Thread 0x0000025f0010c950 Thread added: 0x0000025f7e218130
Event: 7.477 Thread 0x0000025f7e213f90 Thread added: 0x0000025f7e217aa0


Dynamic libraries:
0x00007ff6330d0000 - 0x00007ff6330de000 	c:\Users\otuom\.antigravity-ide\extensions\redhat.java-1.56.0-win32-x64\jre\21.0.12.1-win32-x86_64\bin\java.exe
0x00007ffbfb800000 - 0x00007ffbfba67000 	C:\WINDOWS\SYSTEM32\ntdll.dll
0x00007ffbfabc0000 - 0x00007ffbfac8b000 	C:\WINDOWS\System32\KERNEL32.DLL
0x00007ffbf8b60000 - 0x00007ffbf8f62000 	C:\WINDOWS\System32\KERNELBASE.dll
0x00007ffbf8a00000 - 0x00007ffbf8b4c000 	C:\WINDOWS\System32\ucrtbase.dll
0x00007ffbede90000 - 0x00007ffbedeae000 	c:\Users\otuom\.antigravity-ide\extensions\redhat.java-1.56.0-win32-x64\jre\21.0.12.1-win32-x86_64\bin\VCRUNTIME140.dll
0x00007ffbf2d00000 - 0x00007ffbf2d18000 	c:\Users\otuom\.antigravity-ide\extensions\redhat.java-1.56.0-win32-x64\jre\21.0.12.1-win32-x86_64\bin\jli.dll
0x00007ffbfb450000 - 0x00007ffbfb61f000 	C:\WINDOWS\System32\USER32.dll
0x00007ffbf9100000 - 0x00007ffbf9127000 	C:\WINDOWS\System32\win32u.dll
0x00007ffbdb730000 - 0x00007ffbdb9c0000 	C:\WINDOWS\WinSxS\amd64_microsoft.windows.common-controls_6595b64144ccf1df_6.0.26100.9278_none_3e0d1ba8e3303201\COMCTL32.dll
0x00007ffbf96b0000 - 0x00007ffbf96db000 	C:\WINDOWS\System32\GDI32.dll
0x00007ffbfb630000 - 0x00007ffbfb6d9000 	C:\WINDOWS\System32\msvcrt.dll
0x00007ffbf91f0000 - 0x00007ffbf9319000 	C:\WINDOWS\System32\gdi32full.dll
0x00007ffbf9470000 - 0x00007ffbf9513000 	C:\WINDOWS\System32\msvcp_win.dll
0x00007ffbfab80000 - 0x00007ffbfabb1000 	C:\WINDOWS\System32\IMM32.DLL
0x00007ffbe3970000 - 0x00007ffbe397c000 	c:\Users\otuom\.antigravity-ide\extensions\redhat.java-1.56.0-win32-x64\jre\21.0.12.1-win32-x86_64\bin\vcruntime140_1.dll
0x00007ffbc72e0000 - 0x00007ffbc736d000 	c:\Users\otuom\.antigravity-ide\extensions\redhat.java-1.56.0-win32-x64\jre\21.0.12.1-win32-x86_64\bin\msvcp140.dll
0x00007ffba89d0000 - 0x00007ffba9772000 	c:\Users\otuom\.antigravity-ide\extensions\redhat.java-1.56.0-win32-x64\jre\21.0.12.1-win32-x86_64\bin\server\jvm.dll
0x00007ffbfb110000 - 0x00007ffbfb1cc000 	C:\WINDOWS\System32\ADVAPI32.dll
0x00007ffbf9b30000 - 0x00007ffbf9bd9000 	C:\WINDOWS\System32\sechost.dll
0x00007ffbfaa60000 - 0x00007ffbfab78000 	C:\WINDOWS\System32\RPCRT4.dll
0x00007ffbf9a90000 - 0x00007ffbf9b10000 	C:\WINDOWS\System32\WS2_32.dll
0x00007ffbf8860000 - 0x00007ffbf88be000 	C:\WINDOWS\SYSTEM32\POWRPROF.dll
0x00007ffbede60000 - 0x00007ffbede6b000 	C:\WINDOWS\SYSTEM32\VERSION.dll
0x00007ffbf59c0000 - 0x00007ffbf59f6000 	C:\WINDOWS\SYSTEM32\WINMM.dll
0x00007ffbf8840000 - 0x00007ffbf8855000 	C:\WINDOWS\SYSTEM32\UMPDC.dll
0x00007ffbf7690000 - 0x00007ffbf76ab000 	C:\WINDOWS\SYSTEM32\kernel.appcore.dll
0x00007ffbe3960000 - 0x00007ffbe396a000 	c:\Users\otuom\.antigravity-ide\extensions\redhat.java-1.56.0-win32-x64\jre\21.0.12.1-win32-x86_64\bin\jimage.dll
0x00007ffbf56f0000 - 0x00007ffbf593c000 	C:\WINDOWS\SYSTEM32\DBGHELP.DLL
0x00007ffbf96e0000 - 0x00007ffbf9a65000 	C:\WINDOWS\System32\combase.dll
0x00007ffbf9be0000 - 0x00007ffbf9cb9000 	C:\WINDOWS\System32\OLEAUT32.dll
0x00007ffbf5980000 - 0x00007ffbf59bb000 	C:\WINDOWS\SYSTEM32\dbgcore.DLL
0x00007ffbf9130000 - 0x00007ffbf91dc000 	C:\WINDOWS\System32\bcryptPrimitives.dll
0x00007ffbe3950000 - 0x00007ffbe395f000 	c:\Users\otuom\.antigravity-ide\extensions\redhat.java-1.56.0-win32-x64\jre\21.0.12.1-win32-x86_64\bin\instrument.dll
0x00007ffbe3930000 - 0x00007ffbe3950000 	c:\Users\otuom\.antigravity-ide\extensions\redhat.java-1.56.0-win32-x64\jre\21.0.12.1-win32-x86_64\bin\java.dll
0x00007ffbfa2c0000 - 0x00007ffbfaa58000 	C:\WINDOWS\System32\SHELL32.dll
0x00007ffbf6420000 - 0x00007ffbf6cce000 	C:\WINDOWS\SYSTEM32\windows.storage.dll
0x00007ffbfae30000 - 0x00007ffbfaf2b000 	C:\WINDOWS\System32\SHCORE.dll
0x00007ffbfa250000 - 0x00007ffbfa2b6000 	C:\WINDOWS\System32\shlwapi.dll
0x00007ffbf8920000 - 0x00007ffbf8949000 	C:\WINDOWS\SYSTEM32\profapi.dll
0x00007ffbe3250000 - 0x00007ffbe3268000 	c:\Users\otuom\.antigravity-ide\extensions\redhat.java-1.56.0-win32-x64\jre\21.0.12.1-win32-x86_64\bin\zip.dll
0x00007ffbe3920000 - 0x00007ffbe3930000 	C:\Users\otuom\.antigravity-ide\extensions\redhat.java-1.56.0-win32-x64\jre\21.0.12.1-win32-x86_64\bin\net.dll
0x00007ffbf15d0000 - 0x00007ffbf16fa000 	C:\WINDOWS\SYSTEM32\WINHTTP.dll
0x00007ffbf7c30000 - 0x00007ffbf7c9c000 	C:\WINDOWS\system32\mswsock.dll
0x00007ffbe3230000 - 0x00007ffbe3246000 	C:\Users\otuom\.antigravity-ide\extensions\redhat.java-1.56.0-win32-x64\jre\21.0.12.1-win32-x86_64\bin\nio.dll
0x00007ffbe3220000 - 0x00007ffbe3230000 	c:\Users\otuom\.antigravity-ide\extensions\redhat.java-1.56.0-win32-x64\jre\21.0.12.1-win32-x86_64\bin\verify.dll
0x00007ffbd3320000 - 0x00007ffbd3365000 	C:\Users\otuom\AppData\Roaming\Antigravity IDE\User\globalStorage\redhat.java\1.56.0\config_win\org.eclipse.equinox.launcher\org.eclipse.equinox.launcher.win32.win32.x86_64_1.3.100.v20260804-1928\eclipse_11924.dll
0x00007ffbfb1e0000 - 0x00007ffbfb37a000 	C:\WINDOWS\System32\ole32.dll
0x00007ffbf8050000 - 0x00007ffbf806b000 	C:\WINDOWS\SYSTEM32\CRYPTSP.dll
0x00007ffbf75f0000 - 0x00007ffbf7629000 	C:\WINDOWS\system32\rsaenh.dll
0x00007ffbf7ce0000 - 0x00007ffbf7d14000 	C:\WINDOWS\SYSTEM32\USERENV.dll
0x00007ffbf88f0000 - 0x00007ffbf891a000 	C:\WINDOWS\SYSTEM32\bcrypt.dll
0x00007ffbf7e90000 - 0x00007ffbf7e9c000 	C:\WINDOWS\SYSTEM32\CRYPTBASE.dll
0x00007ffbf70f0000 - 0x00007ffbf7123000 	C:\WINDOWS\SYSTEM32\IPHLPAPI.DLL
0x00007ffbfac90000 - 0x00007ffbfac9a000 	C:\WINDOWS\System32\NSI.dll
0x00007ffbc74d0000 - 0x00007ffbc7519000 	C:\Users\otuom\AppData\Local\Temp\jna-106082574\jna17529363354061296495.dll
0x00007ffbfaca0000 - 0x00007ffbfaca8000 	C:\WINDOWS\System32\PSAPI.DLL
0x00007ffbf1790000 - 0x00007ffbf17ad000 	C:\WINDOWS\SYSTEM32\dhcpcsvc6.DLL
0x00007ffbf1760000 - 0x00007ffbf1785000 	C:\WINDOWS\SYSTEM32\dhcpcsvc.DLL

JVMTI agents:
c:\Users\otuom\.antigravity-ide\extensions\redhat.java-1.56.0-win32-x64\lombok\lombok-1.18.39-4050.jar path:c:\Users\otuom\.antigravity-ide\extensions\redhat.java-1.56.0-win32-x64\jre\21.0.12.1-win32-x86_64\bin\instrument.dll, loaded, initialized, instrumentlib options:none

dbghelp: loaded successfully - version: 4.0.5 - missing functions: none
symbol engine: initialized successfully - sym options: 0x614 - pdb path: .;c:\Users\otuom\.antigravity-ide\extensions\redhat.java-1.56.0-win32-x64\jre\21.0.12.1-win32-x86_64\bin;C:\WINDOWS\SYSTEM32;C:\WINDOWS\WinSxS\amd64_microsoft.windows.common-controls_6595b64144ccf1df_6.0.26100.9278_none_3e0d1ba8e3303201;c:\Users\otuom\.antigravity-ide\extensions\redhat.java-1.56.0-win32-x64\jre\21.0.12.1-win32-x86_64\bin\server;C:\Users\otuom\AppData\Roaming\Antigravity IDE\User\globalStorage\redhat.java\1.56.0\config_win\org.eclipse.equinox.launcher\org.eclipse.equinox.launcher.win32.win32.x86_64_1.3.100.v20260804-1928;C:\Users\otuom\AppData\Local\Temp\jna-106082574

VM Arguments:
jvm_args: --add-modules=ALL-SYSTEM --add-opens=java.base/java.util=ALL-UNNAMED --add-opens=java.base/java.lang=ALL-UNNAMED --add-opens=java.base/sun.nio.fs=ALL-UNNAMED -Declipse.application=org.eclipse.jdt.ls.core.id1 -Dosgi.bundles.defaultStartLevel=4 -Declipse.product=org.eclipse.jdt.ls.core.product -Djava.import.generatesMetadataFilesAtProjectRoot=false -Dm2e.project.cache.size=50 -DDetectVMInstallationsJob.disabled=true -Dfile.encoding=utf8 -XX:+UseParallelGC -XX:GCTimeRatio=4 -XX:AdaptiveSizePolicyWeight=90 -Dsun.zip.disableMemoryMapping=true -Xmx2G -Xms100m -Xlog:disable -javaagent:c:\Users\otuom\.antigravity-ide\extensions\redhat.java-1.56.0-win32-x64\lombok\lombok-1.18.39-4050.jar -XX:+HeapDumpOnOutOfMemoryError -XX:HeapDumpPath=c:\Users\otuom\AppData\Roaming\Antigravity IDE\User\workspaceStorage\aa6dabc841f1b68b1111a0ad09e16a84\redhat.java -Daether.dependencyCollector.impl=bf 
java_command: c:\Users\otuom\.antigravity-ide\extensions\redhat.java-1.56.0-win32-x64\server\plugins\org.eclipse.equinox.launcher_1.8.0.v20260804-1928.jar -configuration c:\Users\otuom\AppData\Roaming\Antigravity IDE\User\globalStorage\redhat.java\1.56.0\config_win -data c:\Users\otuom\AppData\Roaming\Antigravity IDE\User\workspaceStorage\aa6dabc841f1b68b1111a0ad09e16a84\redhat.java\jdt_ws --pipe=\\.\pipe\lsp-8e6832a6360d439fb8fbee068bfd8919-sock
java_class_path (initial): c:\Users\otuom\.antigravity-ide\extensions\redhat.java-1.56.0-win32-x64\server\plugins\org.eclipse.equinox.launcher_1.8.0.v20260804-1928.jar
Launcher Type: SUN_STANDARD

[Global flags]
    uintx AdaptiveSizePolicyWeight                 = 90                                        {product} {command line}
     intx CICompilerCount                          = 12                                        {product} {ergonomic}
    uintx GCTimeRatio                              = 4                                         {product} {command line}
     bool HeapDumpOnOutOfMemoryError               = true                                   {manageable} {command line}
    ccstr HeapDumpPath                             = c:\Users\otuom\AppData\Roaming\Antigravity IDE\User\workspaceStorage\aa6dabc841f1b68b1111a0ad09e16a84\redhat.java         {manageable} {command line}
   size_t InitialHeapSize                          = 104857600                                 {product} {command line}
   size_t MaxHeapSize                              = 2147483648                                {product} {command line}
   size_t MaxNewSize                               = 715653120                                 {product} {ergonomic}
   size_t MinHeapDeltaBytes                        = 524288                                    {product} {ergonomic}
   size_t MinHeapSize                              = 104857600                                 {product} {command line}
   size_t NewSize                                  = 34603008                                  {product} {ergonomic}
    uintx NonNMethodCodeHeapSize                   = 7602480                                {pd product} {ergonomic}
    uintx NonProfiledCodeHeapSize                  = 122027880                              {pd product} {ergonomic}
   size_t OldSize                                  = 70254592                                  {product} {ergonomic}
    uintx ProfiledCodeHeapSize                     = 122027880                              {pd product} {ergonomic}
    uintx ReservedCodeCacheSize                    = 251658240                              {pd product} {ergonomic}
     bool SegmentedCodeCache                       = true                                      {product} {ergonomic}
   size_t SoftMaxHeapSize                          = 2147483648                             {manageable} {ergonomic}
     bool UseCompressedOops                        = true                           {product lp64_product} {ergonomic}
     bool UseLargePagesIndividualAllocation        = false                                  {pd product} {ergonomic}
     bool UseParallelGC                            = true                                      {product} {command line}

Logging:
Log output configuration:
 #0: stdout all=off uptime,level,tags foldmultilines=false
 #1: stderr all=off uptime,level,tags foldmultilines=false

Release file:
JAVA_VERSION="21.0.12.1" 
MODULES="java.base java.compiler java.datatransfer java.xml java.prefs java.desktop java.instrument java.logging java.management java.security.sasl java.naming java.rmi java.management.rmi java.net.http java.scripting java.security.jgss java.transaction.xa java.sql java.sql.rowset java.xml.crypto java.se java.smartcardio jdk.accessibility jdk.internal.jvmstat jdk.attach jdk.charsets jdk.internal.opt jdk.zipfs jdk.compiler jdk.crypto.ec jdk.crypto.cryptoki jdk.crypto.mscapi jdk.dynalink jdk.internal.ed jdk.editpad jdk.hotspot.agent jdk.httpserver jdk.internal.le jdk.internal.vm.ci jdk.internal.vm.compiler jdk.internal.vm.compiler.management jdk.jartool jdk.javadoc jdk.jcmd jdk.management jdk.management.agent jdk.jconsole jdk.jdeps jdk.jdwp.agent jdk.jdi jdk.jfr jdk.jshell jdk.jsobject jdk.jstatd jdk.localedata jdk.management.jfr jdk.naming.dns jdk.naming.rmi jdk.net jdk.nio.mapmode jdk.random jdk.sctp jdk.security.auth jdk.security.jgss jdk.unsupported jdk.unsupported.desktop jdk.xml.dom" 

Environment Variables:
JAVA_HOME=F:\software\jdk-17\
PATH=C:\Python314\Scripts\;C:\Python314\;C:\Python312\Scripts\;C:\Python312\;C:\WINDOWS\system32;C:\WINDOWS;C:\WINDOWS\System32\Wbem;C:\WINDOWS\System32\WindowsPowerShell\v1.0\;C:\WINDOWS\System32\OpenSSH\;C:\Program Files\Tailscale\;C:\Program Files\Git\cmd;C:\ProgramData\chocolatey\bin;C:\Program Files\Go\bin;C:\Program Files\Inkscape\bin;C:\Program Files\nodejs\;F:\software\jdk-17\bin;F:\software\maven-3.9\bin;C:\Python312\Scripts\;C:\Python312\;C:\WINDOWS\system32;C:\WINDOWS;C:\WINDOWS\System32\Wbem;C:\WINDOWS\System32\WindowsPowerShell\v1.0\;C:\WINDOWS\System32\OpenSSH\;C:\Program Files\Tailscale\;C:\Program Files\Git\cmd;C:\ProgramData\chocolatey\bin;C:\Program Files\nodejs\;C:\Program Files\Inkscape\bin;C:\Users\otuom\AppData\Local\Microsoft\WindowsApps;C:\Users\otuom\AppData\Local\Programs\Microsoft VS Code\bin;C:\Users\otuom\AppData\Local\Programs\Antigravity\bin;C:\Users\otuom\AppData\Local\Microsoft\WinGet\Packages\PHP.PHP.8.3_Microsoft.Winget.Source_8wekyb3d8bbwe;C:\Users\otuom\.local\bin;C:\Users\otuom\AppData\Roaming\npm;F:\software\jdk-17\bin;F:\software\maven-3.9\bin;C:\Users\otuom\AppData\Local\Programs\Antigravity IDE\bin
USERNAME=otuom
OS=Windows_NT
PROCESSOR_IDENTIFIER=Intel64 Family 6 Model 186 Stepping 2, GenuineIntel
TMP=C:\Users\otuom\AppData\Local\Temp
TEMP=C:\Users\otuom\AppData\Local\Temp




Periodic native trim disabled

---------------  S Y S T E M  ---------------

OS:
 Windows 11 , 64 bit Build 26100 (10.0.26100.9444)
OS uptime: 2 days 7:50 hours
Hyper-V role detected

CPU: total 20 (initial active 20) (10 cores per cpu, 2 threads per core) family 6 model 186 stepping 2 microcode 0x4121, cx8, cmov, fxsr, ht, mmx, 3dnowpref, sse, sse2, sse3, ssse3, sse4.1, sse4.2, popcnt, lzcnt, tsc, tscinvbit, avx, avx2, aes, erms, clmul, bmi1, bmi2, adx, sha, fma, vzeroupper, clflush, clflushopt, clwb, hv, serialize, rdtscp, rdpid, fsrm, f16c, cet_ibt, cet_ss
Processor Information for processor 0
  Max Mhz: 2400, Current Mhz: 2400, Mhz Limit: 2400
Processor Information for processor 1
  Max Mhz: 2400, Current Mhz: 2400, Mhz Limit: 2400
Processor Information for processor 2
  Max Mhz: 2400, Current Mhz: 2400, Mhz Limit: 2400
Processor Information for processor 3
  Max Mhz: 2400, Current Mhz: 2400, Mhz Limit: 2400
Processor Information for processor 4
  Max Mhz: 2400, Current Mhz: 2400, Mhz Limit: 2400
Processor Information for processor 5
  Max Mhz: 2400, Current Mhz: 2400, Mhz Limit: 2400
Processor Information for processor 6
  Max Mhz: 2400, Current Mhz: 2400, Mhz Limit: 2400
Processor Information for processor 7
  Max Mhz: 2400, Current Mhz: 2400, Mhz Limit: 2400
Processor Information for processor 8
  Max Mhz: 2400, Current Mhz: 2400, Mhz Limit: 2400
Processor Information for processor 9
  Max Mhz: 2400, Current Mhz: 2400, Mhz Limit: 2400
Processor Information for processor 10
  Max Mhz: 2400, Current Mhz: 2400, Mhz Limit: 2400
Processor Information for processor 11
  Max Mhz: 2400, Current Mhz: 2400, Mhz Limit: 2400
Processor Information for processor 12
  Max Mhz: 2400, Current Mhz: 1800, Mhz Limit: 1800
Processor Information for processor 13
  Max Mhz: 2400, Current Mhz: 1800, Mhz Limit: 1800
Processor Information for processor 14
  Max Mhz: 2400, Current Mhz: 1800, Mhz Limit: 1800
Processor Information for processor 15
  Max Mhz: 2400, Current Mhz: 1500, Mhz Limit: 1800
Processor Information for processor 16
  Max Mhz: 2400, Current Mhz: 1500, Mhz Limit: 1800
Processor Information for processor 17
  Max Mhz: 2400, Current Mhz: 1800, Mhz Limit: 1800
Processor Information for processor 18
  Max Mhz: 2400, Current Mhz: 1500, Mhz Limit: 1800
Processor Information for processor 19
  Max Mhz: 2400, Current Mhz: 1500, Mhz Limit: 1800

Memory: 4k page, system-wide physical 7709M (117M free)
TotalPageFile size 31261M (AvailPageFile size 108M)
current process WorkingSet (physical memory assigned to process): 216M, peak: 220M
current process commit charge ("private bytes"): 354M, peak: 358M

vm_info: OpenJDK 64-Bit Server VM (21.0.12.1+1-LTS) for windows-amd64 JRE (21.0.12.1+1-LTS), built on 2026-08-18T00:00:00Z by "admin" with MS VC++ 17.12 (VS2022)

END.
