#
# There is insufficient memory for the Java Runtime Environment to continue.
# Native memory allocation (malloc) failed to allocate 1048576 bytes. Error detail: AllocateHeap
# Possible reasons:
#   The system is out of physical RAM or swap space
#   This process is running with CompressedOops enabled, and the Java Heap may be blocking the growth of the native heap
# Possible solutions:
#   Reduce memory load on the system
#   Increase physical memory or swap space
#   Check if swap backing store is full
#   Decrease Java heap size (-Xmx/-Xms)
#   Decrease number of Java threads
#   Decrease Java thread stack sizes (-Xss)
#   Set larger code cache with -XX:ReservedCodeCacheSize=
#   JVM is running with Unscaled Compressed Oops mode in which the Java heap is
#     placed in the first 4GB address space. The Java Heap base address is the
#     maximum limit for the native heap growth. Please use -XX:HeapBaseMinAddress
#     to set the Java Heap base and to place the Java Heap above 4GB virtual address.
# This output file may be truncated or incomplete.
#
#  Out of Memory Error (allocation.cpp:44), pid=15524, tid=17204
#
# JRE version: OpenJDK Runtime Environment Temurin-21.0.12.1+1 (21.0.12.1+1) (build 21.0.12.1+1-LTS)
# Java VM: OpenJDK 64-Bit Server VM Temurin-21.0.12.1+1 (21.0.12.1+1-LTS, mixed mode, sharing, tiered, compressed oops, compressed class ptrs, parallel gc, windows-amd64)
# No core dump will be written. Minidumps are not enabled by default on client versions of Windows
#

---------------  S U M M A R Y ------------

Command Line: --add-modules=ALL-SYSTEM --add-opens=java.base/java.util=ALL-UNNAMED --add-opens=java.base/java.lang=ALL-UNNAMED --add-opens=java.base/sun.nio.fs=ALL-UNNAMED -Declipse.application=org.eclipse.jdt.ls.core.id1 -Dosgi.bundles.defaultStartLevel=4 -Declipse.product=org.eclipse.jdt.ls.core.product -Djava.import.generatesMetadataFilesAtProjectRoot=false -Dm2e.project.cache.size=50 -DDetectVMInstallationsJob.disabled=true -Dfile.encoding=utf8 -XX:+UseParallelGC -XX:GCTimeRatio=4 -XX:AdaptiveSizePolicyWeight=90 -Dsun.zip.disableMemoryMapping=true -Xmx2G -Xms100m -Xlog:disable -javaagent:c:\Users\otuom\.antigravity-ide\extensions\redhat.java-1.56.0-win32-x64\lombok\lombok-1.18.39-4050.jar -XX:+HeapDumpOnOutOfMemoryError -XX:HeapDumpPath=c:\Users\otuom\AppData\Roaming\Antigravity IDE\User\workspaceStorage\aa6dabc841f1b68b1111a0ad09e16a84\redhat.java -Daether.dependencyCollector.impl=bf c:\Users\otuom\.antigravity-ide\extensions\redhat.java-1.56.0-win32-x64\server\plugins\org.eclipse.equinox.launcher_1.8.0.v20260804-1928.jar -configuration c:\Users\otuom\AppData\Roaming\Antigravity IDE\User\globalStorage\redhat.java\1.56.0\config_win -data c:\Users\otuom\AppData\Roaming\Antigravity IDE\User\workspaceStorage\aa6dabc841f1b68b1111a0ad09e16a84\redhat.java\jdt_ws --pipe=\\.\pipe\lsp-cfd4fe6f06cd7c924e4403f41a518b3f-sock

Host: 13th Gen Intel(R) Core(TM) i7-13700H, 20 cores, 7G,  Windows 11 , 64 bit Build 26100 (10.0.26100.9444)
Time: Sun Sep 20 02:03:58 2026 E. Africa Standard Time elapsed time: 216.869914 seconds (0d 0h 3m 36s)

---------------  T H R E A D  ---------------

Current thread (0x000002039f115780):  JavaThread "Attach Listener" daemon [_thread_in_vm, id=17204, stack(0x0000005e45f00000,0x0000005e46000000) (1024K)]

Stack: [0x0000005e45f00000,0x0000005e46000000]
Native frames: (J=compiled Java code, j=interpreted, Vv=VM code, C=native code)
V  [jvm.dll+0x6d83e9]
V  [jvm.dll+0x8b5736]
V  [jvm.dll+0x8b7cee]
V  [jvm.dll+0x8b83d3]
V  [jvm.dll+0x284596]
V  [jvm.dll+0xc13c7]
V  [jvm.dll+0x6d8c99]
V  [jvm.dll+0x133616]
V  [jvm.dll+0x3f8aae]
V  [jvm.dll+0x8600cd]
V  [jvm.dll+0x6d6c1d]
C  [ucrtbase.dll+0x2cd30]
C  [KERNEL32.DLL+0x2cd87]
C  [ntdll.dll+0xacaec]


---------------  P R O C E S S  ---------------

Threads class SMR info:
_java_thread_list=0x0000020380e6e4a0, length=48, elements={
0x000002039f06b7e0, 0x000002039f01e370, 0x000002039f112fb0, 0x000002039f113a10,
0x000002039f115780, 0x000002039f11b4a0, 0x000002039f11bc40, 0x000002039f11c8f0,
0x000002039f1209b0, 0x00000203f80ad0a0, 0x00000203fe035470, 0x00000203fe847440,
0x00000203fe846db0, 0x00000203fe847ad0, 0x00000203fe844650, 0x00000203fe846720,
0x00000203fe844ce0, 0x00000203fe845a00, 0x00000203fe846090, 0x00000203feddf190,
0x00000203feddeb00, 0x00000203feddf820, 0x00000203feddfeb0, 0x00000203feddca30,
0x00000203fede0540, 0x00000203fede0bd0, 0x00000203feddd750, 0x00000203fede1260,
0x00000203fedddde0, 0x00000203fede2ca0, 0x00000203fede2610, 0x00000203fede18f0,
0x00000203fede1f80, 0x00000203fede3330, 0x0000020380ce5490, 0x0000020380ce4770,
0x0000020380ce40e0, 0x0000020380ce33c0, 0x0000020380ce2010, 0x0000020380ce4e00,
0x0000020380ce26a0, 0x0000020380ce3a50, 0x0000020380ce61b0, 0x0000020380ce5b20,
0x0000020380ce2d30, 0x0000020380ce7bf0, 0x0000020380ce6840, 0x0000020380ce9630
}

Java Threads: ( => current thread )
  0x000002039f06b7e0 JavaThread "main"                              [_thread_blocked, id=7720, stack(0x0000005e45800000,0x0000005e45900000) (1024K)]
  0x000002039f01e370 JavaThread "Reference Handler"          daemon [_thread_blocked, id=7556, stack(0x0000005e45c00000,0x0000005e45d00000) (1024K)]
  0x000002039f112fb0 JavaThread "Finalizer"                  daemon [_thread_blocked, id=19204, stack(0x0000005e45d00000,0x0000005e45e00000) (1024K)]
  0x000002039f113a10 JavaThread "Signal Dispatcher"          daemon [_thread_blocked, id=21360, stack(0x0000005e45e00000,0x0000005e45f00000) (1024K)]
=>0x000002039f115780 JavaThread "Attach Listener"            daemon [_thread_in_vm, id=17204, stack(0x0000005e45f00000,0x0000005e46000000) (1024K)]
  0x000002039f11b4a0 JavaThread "Service Thread"             daemon [_thread_blocked, id=25752, stack(0x0000005e46000000,0x0000005e46100000) (1024K)]
  0x000002039f11bc40 JavaThread "Monitor Deflation Thread"   daemon [_thread_blocked, id=23872, stack(0x0000005e46100000,0x0000005e46200000) (1024K)]
  0x000002039f11c8f0 JavaThread "C2 CompilerThread0"         daemon [_thread_blocked, id=13992, stack(0x0000005e46200000,0x0000005e46300000) (1024K)]
  0x000002039f1209b0 JavaThread "C1 CompilerThread0"         daemon [_thread_blocked, id=13028, stack(0x0000005e46300000,0x0000005e46400000) (1024K)]
  0x00000203f80ad0a0 JavaThread "Common-Cleaner"             daemon [_thread_blocked, id=660, stack(0x0000005e46500000,0x0000005e46600000) (1024K)]
  0x00000203fe035470 JavaThread "Notification Thread"        daemon [_thread_blocked, id=6124, stack(0x0000005e46700000,0x0000005e46800000) (1024K)]
  0x00000203fe847440 JavaThread "Active Thread: Equinox Container: 566799de-d096-464e-87da-ee2aa5e86b16"        [_thread_blocked, id=19500, stack(0x0000005e46e00000,0x0000005e46f00000) (1024K)]
  0x00000203fe846db0 JavaThread "Refresh Thread: Equinox Container: 566799de-d096-464e-87da-ee2aa5e86b16" daemon [_thread_blocked, id=19344, stack(0x0000005e47000000,0x0000005e47100000) (1024K)]
  0x00000203fe847ad0 JavaThread "Framework Event Dispatcher: Equinox Container: 566799de-d096-464e-87da-ee2aa5e86b16" daemon [_thread_blocked, id=4040, stack(0x0000005e47100000,0x0000005e47200000) (1024K)]
  0x00000203fe844650 JavaThread "Start Level: Equinox Container: 566799de-d096-464e-87da-ee2aa5e86b16" daemon [_thread_blocked, id=9048, stack(0x0000005e47200000,0x0000005e47300000) (1024K)]
  0x00000203fe846720 JavaThread "Bundle File Closer"         daemon [_thread_blocked, id=20468, stack(0x0000005e47600000,0x0000005e47700000) (1024K)]
  0x00000203fe844ce0 JavaThread "SCR Component Actor"        daemon [_thread_blocked, id=10004, stack(0x0000005e46600000,0x0000005e46700000) (1024K)]
  0x00000203fe845a00 JavaThread "Worker-JM"                         [_thread_blocked, id=17232, stack(0x0000005e47700000,0x0000005e47800000) (1024K)]
  0x00000203fe846090 JavaThread "JNA Cleaner"                daemon [_thread_blocked, id=2664, stack(0x0000005e47b00000,0x0000005e47c00000) (1024K)]
  0x00000203feddf190 JavaThread "Worker-1"                          [_thread_blocked, id=18412, stack(0x0000005e47d00000,0x0000005e47e00000) (1024K)]
  0x00000203feddeb00 JavaThread "Java indexing"              daemon [_thread_blocked, id=18576, stack(0x0000005e48000000,0x0000005e48100000) (1024K)]
  0x00000203feddf820 JavaThread "Thread-1"                   daemon [_thread_in_native, id=4092, stack(0x0000005e48500000,0x0000005e48600000) (1024K)]
  0x00000203feddfeb0 JavaThread "Thread-2"                   daemon [_thread_in_native, id=16544, stack(0x0000005e48600000,0x0000005e48700000) (1024K)]
  0x00000203feddca30 JavaThread "Thread-3"                   daemon [_thread_in_native, id=11712, stack(0x0000005e48700000,0x0000005e48800000) (1024K)]
  0x00000203fede0540 JavaThread "Thread-4"                   daemon [_thread_in_native, id=11824, stack(0x0000005e48800000,0x0000005e48900000) (1024K)]
  0x00000203fede0bd0 JavaThread "Thread-5"                   daemon [_thread_in_native, id=17464, stack(0x0000005e48900000,0x0000005e48a00000) (1024K)]
  0x00000203feddd750 JavaThread "Thread-6"                   daemon [_thread_in_native, id=8396, stack(0x0000005e48a00000,0x0000005e48b00000) (1024K)]
  0x00000203fede1260 JavaThread "Thread-7"                   daemon [_thread_in_native, id=20852, stack(0x0000005e48b00000,0x0000005e48c00000) (1024K)]
  0x00000203fedddde0 JavaThread "Thread-8"                   daemon [_thread_in_native, id=2540, stack(0x0000005e48c00000,0x0000005e48d00000) (1024K)]
  0x00000203fede2ca0 JavaThread "Thread-9"                   daemon [_thread_in_native, id=23548, stack(0x0000005e48d00000,0x0000005e48e00000) (1024K)]
  0x00000203fede2610 JavaThread "Thread-10"                  daemon [_thread_in_native, id=7008, stack(0x0000005e48e00000,0x0000005e48f00000) (1024K)]
  0x00000203fede18f0 JavaThread "Thread-11"                  daemon [_thread_in_native, id=13232, stack(0x0000005e48f00000,0x0000005e49000000) (1024K)]
  0x00000203fede1f80 JavaThread "Thread-12"                  daemon [_thread_in_native, id=15476, stack(0x0000005e49000000,0x0000005e49100000) (1024K)]
  0x00000203fede3330 JavaThread "Thread-13"                  daemon [_thread_in_native, id=25276, stack(0x0000005e49100000,0x0000005e49200000) (1024K)]
  0x0000020380ce5490 JavaThread "Thread-14"                  daemon [_thread_in_native, id=3764, stack(0x0000005e49200000,0x0000005e49300000) (1024K)]
  0x0000020380ce4770 JavaThread "Thread-15"                  daemon [_thread_in_native, id=16308, stack(0x0000005e49300000,0x0000005e49400000) (1024K)]
  0x0000020380ce40e0 JavaThread "Thread-16"                  daemon [_thread_in_native, id=19924, stack(0x0000005e49400000,0x0000005e49500000) (1024K)]
  0x0000020380ce33c0 JavaThread "Thread-17"                  daemon [_thread_in_native, id=20432, stack(0x0000005e49500000,0x0000005e49600000) (1024K)]
  0x0000020380ce2010 JavaThread "Thread-18"                  daemon [_thread_in_native, id=12244, stack(0x0000005e49600000,0x0000005e49700000) (1024K)]
  0x0000020380ce4e00 JavaThread "Thread-19"                  daemon [_thread_in_native, id=20368, stack(0x0000005e49700000,0x0000005e49800000) (1024K)]
  0x0000020380ce26a0 JavaThread "Thread-20"                  daemon [_thread_in_native, id=24588, stack(0x0000005e49800000,0x0000005e49900000) (1024K)]
  0x0000020380ce3a50 JavaThread "Thread-21"                  daemon [_thread_in_native, id=22012, stack(0x0000005e49900000,0x0000005e49a00000) (1024K)]
  0x0000020380ce61b0 JavaThread "pool-2-thread-1"                   [_thread_blocked, id=13400, stack(0x0000005e49a00000,0x0000005e49b00000) (1024K)]
  0x0000020380ce5b20 JavaThread "WorkspaceEventsHandler"            [_thread_blocked, id=14004, stack(0x0000005e49b00000,0x0000005e49c00000) (1024K)]
  0x0000020380ce2d30 JavaThread "pool-1-thread-1"                   [_thread_blocked, id=18420, stack(0x0000005e49c00000,0x0000005e49d00000) (1024K)]
  0x0000020380ce7bf0 JavaThread "Worker-4"                          [_thread_blocked, id=5868, stack(0x0000005e49d00000,0x0000005e49e00000) (1024K)]
  0x0000020380ce6840 JavaThread "PatternSearchJob-worker-1"  daemon [_thread_blocked, id=13280, stack(0x0000005e49e00000,0x0000005e49f00000) (1024K)]
  0x0000020380ce9630 JavaThread "PatternSearchJob-worker-2"  daemon [_thread_blocked, id=22348, stack(0x0000005e49f00000,0x0000005e4a000000) (1024K)]
Total: 48

Other Threads:
  0x000002039f004070 VMThread "VM Thread"                           [id=3612, stack(0x0000005e45b00000,0x0000005e45c00000) (1024K)]
  0x000002039eefca00 WatcherThread "VM Periodic Task Thread"        [id=2072, stack(0x0000005e45a00000,0x0000005e45b00000) (1024K)]
  0x000002039f089cc0 WorkerThread "GC Thread#0"                     [id=21488, stack(0x0000005e45900000,0x0000005e45a00000) (1024K)]
  0x00000203fe57d710 WorkerThread "GC Thread#1"                     [id=16836, stack(0x0000005e46800000,0x0000005e46900000) (1024K)]
  0x00000203fe0a1b30 WorkerThread "GC Thread#2"                     [id=21480, stack(0x0000005e46900000,0x0000005e46a00000) (1024K)]
  0x00000203fe0a1ee0 WorkerThread "GC Thread#3"                     [id=11320, stack(0x0000005e46a00000,0x0000005e46b00000) (1024K)]
  0x00000203fe0a2290 WorkerThread "GC Thread#4"                     [id=9960, stack(0x0000005e46b00000,0x0000005e46c00000) (1024K)]
  0x00000203fe0a2640 WorkerThread "GC Thread#5"                     [id=20832, stack(0x0000005e46c00000,0x0000005e46d00000) (1024K)]
  0x00000203fe0a29f0 WorkerThread "GC Thread#6"                     [id=4524, stack(0x0000005e46d00000,0x0000005e46e00000) (1024K)]
  0x00000203fe4af680 WorkerThread "GC Thread#7"                     [id=25064, stack(0x0000005e46f00000,0x0000005e47000000) (1024K)]
  0x00000203fed82190 WorkerThread "GC Thread#8"                     [id=9592, stack(0x0000005e47300000,0x0000005e47400000) (1024K)]
  0x00000203fed82540 WorkerThread "GC Thread#9"                     [id=19336, stack(0x0000005e47400000,0x0000005e47500000) (1024K)]
  0x00000203fed828f0 WorkerThread "GC Thread#10"                    [id=7216, stack(0x0000005e47500000,0x0000005e47600000) (1024K)]
  0x00000203ff083170 WorkerThread "GC Thread#11"                    [id=17472, stack(0x0000005e47800000,0x0000005e47900000) (1024K)]
  0x00000203ff083520 WorkerThread "GC Thread#12"                    [id=3280, stack(0x0000005e47900000,0x0000005e47a00000) (1024K)]
  0x00000203ff0843e0 WorkerThread "GC Thread#13"                    [id=24936, stack(0x0000005e47a00000,0x0000005e47b00000) (1024K)]
  0x00000203ff084790 WorkerThread "GC Thread#14"                    [id=20692, stack(0x0000005e47e00000,0x0000005e47f00000) (1024K)]
Total: 17

Threads with active compile tasks:
Total: 0

VM state: not at safepoint (normal execution)

VM Mutex/Monitor currently owned by a thread: None

Heap address: 0x0000000080000000, size: 2048 MB, Compressed Oops mode: 32-bit

CDS archive(s) mapped at: [0x00000203b6000000-0x00000203b6ba0000-0x00000203b6ba0000), size 12189696, SharedBaseAddress: 0x00000203b6000000, ArchiveRelocationMode: 1.
Compressed class space mapped at: 0x00000203b7000000-0x00000203f7000000, reserved size: 1073741824
Narrow klass base: 0x00000203b6000000, Narrow klass shift: 0, Narrow klass range: 0x100000000

GC Precious Log:
 CardTable entry size: 512
 CPUs: 20 total, 20 available
 Memory: 7709M
 Large Page Support: Disabled
 NUMA Support: Disabled
 Compressed Oops: Enabled (32-bit)
 Alignments: Space 512K, Generation 512K, Heap 2M
 Heap Min Capacity: 100M
 Heap Initial Capacity: 100M
 Heap Max Capacity: 2G
 Pre-touch: Disabled
 Parallel Workers: 15

Heap:
 PSYoungGen      total 22016K, used 17927K [0x00000000d5580000, 0x00000000d6c80000, 0x0000000100000000)
  eden space 21504K, 82% used [0x00000000d5580000,0x00000000d66c9cf8,0x00000000d6a80000)
  from space 512K, 43% used [0x00000000d6c00000,0x00000000d6c38000,0x00000000d6c80000)
  to   space 512K, 0% used [0x00000000d6b80000,0x00000000d6b80000,0x00000000d6c00000)
 ParOldGen       total 68608K, used 25206K [0x0000000080000000, 0x0000000084300000, 0x00000000d5580000)
  object space 68608K, 36% used [0x0000000080000000,0x000000008189db70,0x0000000084300000)
 Metaspace       used 47646K, committed 48768K, reserved 1114112K
  class space    used 5159K, committed 5632K, reserved 1048576K

Card table byte_map: [0x000002039ea10000,0x000002039ee20000] _byte_map_base: 0x000002039e610000

Marking Bits: (ParMarkBitMap*) 0x00007ffba96944a0
 Begin Bits: [0x00000203b1520000, 0x00000203b3520000)
 End Bits:   [0x00000203b3520000, 0x00000203b5520000)

Polling page: 0x000002039cbc0000

Metaspace:

Usage:
  Non-class:     41.49 MB used.
      Class:      5.04 MB used.
       Both:     46.53 MB used.

Virtual space:
  Non-class space:       64.00 MB reserved,      42.12 MB ( 66%) committed,  1 nodes.
      Class space:        1.00 GB reserved,       5.50 MB ( <1%) committed,  1 nodes.
             Both:        1.06 GB reserved,      47.62 MB (  4%) committed. 

Chunk freelists:
   Non-Class:  5.77 MB
       Class:  10.44 MB
        Both:  16.21 MB

MaxMetaspaceSize: unlimited
CompressedClassSpaceSize: 1.00 GB
Initial GC threshold: 21.00 MB
Current GC threshold: 58.38 MB
CDS: on
 - commit_granule_bytes: 65536.
 - commit_granule_words: 8192.
 - virtual_space_node_default_size: 8388608.
 - enlarge_chunks_in_place: 1.
 - use_allocation_guard: 0.


Internal statistics:

num_allocs_failed_limit: 8.
num_arena_births: 800.
num_arena_deaths: 14.
num_vsnodes_births: 2.
num_vsnodes_deaths: 0.
num_space_committed: 762.
num_space_uncommitted: 0.
num_chunks_returned_to_freelist: 22.
num_chunks_taken_from_freelist: 2895.
num_chunk_merges: 12.
num_chunk_splits: 1815.
num_chunks_enlarged: 1092.
num_inconsistent_stats: 0.

CodeHeap 'non-profiled nmethods': size=119168Kb used=3100Kb max_used=3100Kb free=116067Kb
 bounds [0x00000203a9e10000, 0x00000203aa120000, 0x00000203b1270000]
CodeHeap 'profiled nmethods': size=119104Kb used=13912Kb max_used=13912Kb free=105191Kb
 bounds [0x00000203a2270000, 0x00000203a3010000, 0x00000203a96c0000]
CodeHeap 'non-nmethods': size=7488Kb used=1367Kb max_used=2398Kb free=6120Kb
 bounds [0x00000203a96c0000, 0x00000203a9930000, 0x00000203a9e10000]
CodeCache: size=245760Kb, used=18379Kb, max_used=19410Kb, free=227378Kb
 total_blobs=7303, nmethods=6637, adapters=572, full_count=0
Compilation: enabled, stopped_count=0, restarted_count=0

Compilation events (20 events):
Event: 30.710 Thread 0x000002039f11c8f0 7138       4       java.util.Collections$UnmodifiableMap::hashCode (10 bytes)
Event: 30.716 Thread 0x000002039f11c8f0 nmethod 7138 0x00000203aa114c90 code [0x00000203aa114e60, 0x00000203aa115490]
Event: 30.716 Thread 0x000002039f11c8f0 7122       4       java.util.Collections$UnmodifiableCollection::size (10 bytes)
Event: 30.716 Thread 0x000002039f11c8f0 nmethod 7122 0x00000203aa115a10 code [0x00000203aa115ba0, 0x00000203aa115c78]
Event: 30.716 Thread 0x000002039f11c8f0 7065       4       java.util.Collections$UnmodifiableList::get (11 bytes)
Event: 30.716 Thread 0x000002039f11c8f0 nmethod 7065 0x00000203aa115d90 code [0x00000203aa115f40, 0x00000203aa1160b0]
Event: 30.716 Thread 0x000002039f11c8f0 7105       4       org.osgi.framework.Version::hashCode (65 bytes)
Event: 30.717 Thread 0x000002039f11c8f0 nmethod 7105 0x00000203aa116210 code [0x00000203aa1163a0, 0x00000203aa1164d8]
Event: 30.717 Thread 0x000002039f11c8f0 7088       4       java.util.Collections$UnmodifiableMap$UnmodifiableEntrySet$1::next (5 bytes)
Event: 30.719 Thread 0x000002039f11c8f0 nmethod 7088 0x00000203aa116590 code [0x00000203aa116740, 0x00000203aa116a88]
Event: 30.719 Thread 0x000002039f11c8f0 7089       4       java.util.Collections$UnmodifiableMap$UnmodifiableEntrySet$UnmodifiableEntry::getKey (10 bytes)
Event: 30.720 Thread 0x000002039f11c8f0 nmethod 7089 0x00000203aa116d10 code [0x00000203aa116ea0, 0x00000203aa116f70]
Event: 30.720 Thread 0x000002039f11c8f0 7090       4       java.util.Collections$UnmodifiableMap$UnmodifiableEntrySet$UnmodifiableEntry::getValue (10 bytes)
Event: 30.720 Thread 0x000002039f11c8f0 nmethod 7090 0x00000203aa117010 code [0x00000203aa1171a0, 0x00000203aa117270]
Event: 154.306 Thread 0x000002039f1209b0 7148       3       java.util.concurrent.locks.AbstractQueuedSynchronizer$Node::getAndUnsetStatus (14 bytes)
Event: 154.308 Thread 0x000002039f1209b0 nmethod 7148 0x00000203a3005490 code [0x00000203a3005660, 0x00000203a3005900]
Event: 154.308 Thread 0x000002039f1209b0 7149       3       jdk.internal.misc.Unsafe::getAndBitwiseAndInt (27 bytes)
Event: 154.308 Thread 0x000002039f1209b0 nmethod 7149 0x00000203a3005a10 code [0x00000203a3005bc0, 0x00000203a3005df0]
Event: 214.366 Thread 0x000002039f1209b0 7150       3       java.util.concurrent.ThreadPoolExecutor::runStateAtLeast (11 bytes)
Event: 214.366 Thread 0x000002039f1209b0 nmethod 7150 0x00000203a3005f10 code [0x00000203a30060a0, 0x00000203a30061e0]

GC Heap History (20 events):
Event: 4.683 GC heap before
{Heap before GC invocations=19 (full 2):
 PSYoungGen      total 23040K, used 22880K [0x00000000d5580000, 0x00000000d6e80000, 0x0000000100000000)
  eden space 22016K, 100% used [0x00000000d5580000,0x00000000d6b00000,0x00000000d6b00000)
  from space 1024K, 84% used [0x00000000d6d80000,0x00000000d6e58000,0x00000000d6e80000)
  to   space 1536K, 0% used [0x00000000d6b80000,0x00000000d6b80000,0x00000000d6d00000)
 ParOldGen       total 68608K, used 20911K [0x0000000080000000, 0x0000000084300000, 0x00000000d5580000)
  object space 68608K, 30% used [0x0000000080000000,0x000000008146bea0,0x0000000084300000)
 Metaspace       used 40850K, committed 41984K, reserved 1114112K
  class space    used 4349K, committed 4800K, reserved 1048576K
}
Event: 4.684 GC heap after
{Heap after GC invocations=19 (full 2):
 PSYoungGen      total 23552K, used 1056K [0x00000000d5580000, 0x00000000d6e00000, 0x0000000100000000)
  eden space 22016K, 0% used [0x00000000d5580000,0x00000000d5580000,0x00000000d6b00000)
  from space 1536K, 68% used [0x00000000d6b80000,0x00000000d6c88000,0x00000000d6d00000)
  to   space 1024K, 0% used [0x00000000d6d00000,0x00000000d6d00000,0x00000000d6e00000)
 ParOldGen       total 68608K, used 21391K [0x0000000080000000, 0x0000000084300000, 0x00000000d5580000)
  object space 68608K, 31% used [0x0000000080000000,0x00000000814e3ea0,0x0000000084300000)
 Metaspace       used 40850K, committed 41984K, reserved 1114112K
  class space    used 4349K, committed 4800K, reserved 1048576K
}
Event: 4.900 GC heap before
{Heap before GC invocations=20 (full 2):
 PSYoungGen      total 23552K, used 23072K [0x00000000d5580000, 0x00000000d6e00000, 0x0000000100000000)
  eden space 22016K, 100% used [0x00000000d5580000,0x00000000d6b00000,0x00000000d6b00000)
  from space 1536K, 68% used [0x00000000d6b80000,0x00000000d6c88000,0x00000000d6d00000)
  to   space 1024K, 0% used [0x00000000d6d00000,0x00000000d6d00000,0x00000000d6e00000)
 ParOldGen       total 68608K, used 21391K [0x0000000080000000, 0x0000000084300000, 0x00000000d5580000)
  object space 68608K, 31% used [0x0000000080000000,0x00000000814e3ea0,0x0000000084300000)
 Metaspace       used 43450K, committed 44608K, reserved 1114112K
  class space    used 4699K, committed 5248K, reserved 1048576K
}
Event: 4.902 GC heap after
{Heap after GC invocations=20 (full 2):
 PSYoungGen      total 22528K, used 1024K [0x00000000d5580000, 0x00000000d7000000, 0x0000000100000000)
  eden space 21504K, 0% used [0x00000000d5580000,0x00000000d5580000,0x00000000d6a80000)
  from space 1024K, 100% used [0x00000000d6d00000,0x00000000d6e00000,0x00000000d6e00000)
  to   space 2560K, 0% used [0x00000000d6a80000,0x00000000d6a80000,0x00000000d6d00000)
 ParOldGen       total 68608K, used 22502K [0x0000000080000000, 0x0000000084300000, 0x00000000d5580000)
  object space 68608K, 32% used [0x0000000080000000,0x00000000815f9ba0,0x0000000084300000)
 Metaspace       used 43450K, committed 44608K, reserved 1114112K
  class space    used 4699K, committed 5248K, reserved 1048576K
}
Event: 5.128 GC heap before
{Heap before GC invocations=21 (full 2):
 PSYoungGen      total 22528K, used 22528K [0x00000000d5580000, 0x00000000d7000000, 0x0000000100000000)
  eden space 21504K, 100% used [0x00000000d5580000,0x00000000d6a80000,0x00000000d6a80000)
  from space 1024K, 100% used [0x00000000d6d00000,0x00000000d6e00000,0x00000000d6e00000)
  to   space 2560K, 0% used [0x00000000d6a80000,0x00000000d6a80000,0x00000000d6d00000)
 ParOldGen       total 68608K, used 22502K [0x0000000080000000, 0x0000000084300000, 0x00000000d5580000)
  object space 68608K, 32% used [0x0000000080000000,0x00000000815f9ba0,0x0000000084300000)
 Metaspace       used 45552K, committed 46784K, reserved 1114112K
  class space    used 4948K, committed 5504K, reserved 1048576K
}
Event: 5.130 GC heap after
{Heap after GC invocations=21 (full 2):
 PSYoungGen      total 23040K, used 1179K [0x00000000d5580000, 0x00000000d6d80000, 0x0000000100000000)
  eden space 21504K, 0% used [0x00000000d5580000,0x00000000d5580000,0x00000000d6a80000)
  from space 1536K, 76% used [0x00000000d6a80000,0x00000000d6ba6e98,0x00000000d6c00000)
  to   space 1536K, 0% used [0x00000000d6c00000,0x00000000d6c00000,0x00000000d6d80000)
 ParOldGen       total 68608K, used 23518K [0x0000000080000000, 0x0000000084300000, 0x00000000d5580000)
  object space 68608K, 34% used [0x0000000080000000,0x00000000816f7bc0,0x0000000084300000)
 Metaspace       used 45552K, committed 46784K, reserved 1114112K
  class space    used 4948K, committed 5504K, reserved 1048576K
}
Event: 5.385 GC heap before
{Heap before GC invocations=22 (full 2):
 PSYoungGen      total 23040K, used 22683K [0x00000000d5580000, 0x00000000d6d80000, 0x0000000100000000)
  eden space 21504K, 100% used [0x00000000d5580000,0x00000000d6a80000,0x00000000d6a80000)
  from space 1536K, 76% used [0x00000000d6a80000,0x00000000d6ba6e98,0x00000000d6c00000)
  to   space 1536K, 0% used [0x00000000d6c00000,0x00000000d6c00000,0x00000000d6d80000)
 ParOldGen       total 68608K, used 23518K [0x0000000080000000, 0x0000000084300000, 0x00000000d5580000)
  object space 68608K, 34% used [0x0000000080000000,0x00000000816f7bc0,0x0000000084300000)
 Metaspace       used 46679K, committed 47872K, reserved 1114112K
  class space    used 5068K, committed 5568K, reserved 1048576K
}
Event: 5.387 GC heap after
{Heap after GC invocations=22 (full 2):
 PSYoungGen      total 22528K, used 704K [0x00000000d5580000, 0x00000000d6d00000, 0x0000000100000000)
  eden space 21504K, 0% used [0x00000000d5580000,0x00000000d5580000,0x00000000d6a80000)
  from space 1024K, 68% used [0x00000000d6c00000,0x00000000d6cb0000,0x00000000d6d00000)
  to   space 1024K, 0% used [0x00000000d6b00000,0x00000000d6b00000,0x00000000d6c00000)
 ParOldGen       total 68608K, used 24497K [0x0000000080000000, 0x0000000084300000, 0x00000000d5580000)
  object space 68608K, 35% used [0x0000000080000000,0x00000000817ec420,0x0000000084300000)
 Metaspace       used 46679K, committed 47872K, reserved 1114112K
  class space    used 5068K, committed 5568K, reserved 1048576K
}
Event: 5.591 GC heap before
{Heap before GC invocations=23 (full 2):
 PSYoungGen      total 22528K, used 22208K [0x00000000d5580000, 0x00000000d6d00000, 0x0000000100000000)
  eden space 21504K, 100% used [0x00000000d5580000,0x00000000d6a80000,0x00000000d6a80000)
  from space 1024K, 68% used [0x00000000d6c00000,0x00000000d6cb0000,0x00000000d6d00000)
  to   space 1024K, 0% used [0x00000000d6b00000,0x00000000d6b00000,0x00000000d6c00000)
 ParOldGen       total 68608K, used 24497K [0x0000000080000000, 0x0000000084300000, 0x00000000d5580000)
  object space 68608K, 35% used [0x0000000080000000,0x00000000817ec420,0x0000000084300000)
 Metaspace       used 46681K, committed 47872K, reserved 1114112K
  class space    used 5068K, committed 5568K, reserved 1048576K
}
Event: 5.592 GC heap after
{Heap after GC invocations=23 (full 2):
 PSYoungGen      total 22528K, used 160K [0x00000000d5580000, 0x00000000d6c80000, 0x0000000100000000)
  eden space 21504K, 0% used [0x00000000d5580000,0x00000000d5580000,0x00000000d6a80000)
  from space 1024K, 15% used [0x00000000d6b00000,0x00000000d6b28000,0x00000000d6c00000)
  to   space 512K, 0% used [0x00000000d6c00000,0x00000000d6c00000,0x00000000d6c80000)
 ParOldGen       total 68608K, used 24990K [0x0000000080000000, 0x0000000084300000, 0x00000000d5580000)
  object space 68608K, 36% used [0x0000000080000000,0x0000000081867b70,0x0000000084300000)
 Metaspace       used 46681K, committed 47872K, reserved 1114112K
  class space    used 5068K, committed 5568K, reserved 1048576K
}
Event: 5.710 GC heap before
{Heap before GC invocations=24 (full 2):
 PSYoungGen      total 22528K, used 21664K [0x00000000d5580000, 0x00000000d6c80000, 0x0000000100000000)
  eden space 21504K, 100% used [0x00000000d5580000,0x00000000d6a80000,0x00000000d6a80000)
  from space 1024K, 15% used [0x00000000d6b00000,0x00000000d6b28000,0x00000000d6c00000)
  to   space 512K, 0% used [0x00000000d6c00000,0x00000000d6c00000,0x00000000d6c80000)
 ParOldGen       total 68608K, used 24990K [0x0000000080000000, 0x0000000084300000, 0x00000000d5580000)
  object space 68608K, 36% used [0x0000000080000000,0x0000000081867b70,0x0000000084300000)
 Metaspace       used 46682K, committed 47872K, reserved 1114112K
  class space    used 5068K, committed 5568K, reserved 1048576K
}
Event: 5.711 GC heap after
{Heap after GC invocations=24 (full 2):
 PSYoungGen      total 22016K, used 320K [0x00000000d5580000, 0x00000000d6c80000, 0x0000000100000000)
  eden space 21504K, 0% used [0x00000000d5580000,0x00000000d5580000,0x00000000d6a80000)
  from space 512K, 62% used [0x00000000d6c00000,0x00000000d6c50000,0x00000000d6c80000)
  to   space 512K, 0% used [0x00000000d6b80000,0x00000000d6b80000,0x00000000d6c00000)
 ParOldGen       total 68608K, used 25014K [0x0000000080000000, 0x0000000084300000, 0x00000000d5580000)
  object space 68608K, 36% used [0x0000000080000000,0x000000008186db70,0x0000000084300000)
 Metaspace       used 46682K, committed 47872K, reserved 1114112K
  class space    used 5068K, committed 5568K, reserved 1048576K
}
Event: 5.827 GC heap before
{Heap before GC invocations=25 (full 2):
 PSYoungGen      total 22016K, used 21824K [0x00000000d5580000, 0x00000000d6c80000, 0x0000000100000000)
  eden space 21504K, 100% used [0x00000000d5580000,0x00000000d6a80000,0x00000000d6a80000)
  from space 512K, 62% used [0x00000000d6c00000,0x00000000d6c50000,0x00000000d6c80000)
  to   space 512K, 0% used [0x00000000d6b80000,0x00000000d6b80000,0x00000000d6c00000)
 ParOldGen       total 68608K, used 25014K [0x0000000080000000, 0x0000000084300000, 0x00000000d5580000)
  object space 68608K, 36% used [0x0000000080000000,0x000000008186db70,0x0000000084300000)
 Metaspace       used 46682K, committed 47872K, reserved 1114112K
  class space    used 5068K, committed 5568K, reserved 1048576K
}
Event: 5.828 GC heap after
{Heap after GC invocations=25 (full 2):
 PSYoungGen      total 22016K, used 224K [0x00000000d5580000, 0x00000000d6c80000, 0x0000000100000000)
  eden space 21504K, 0% used [0x00000000d5580000,0x00000000d5580000,0x00000000d6a80000)
  from space 512K, 43% used [0x00000000d6b80000,0x00000000d6bb8000,0x00000000d6c00000)
  to   space 512K, 0% used [0x00000000d6c00000,0x00000000d6c00000,0x00000000d6c80000)
 ParOldGen       total 68608K, used 25086K [0x0000000080000000, 0x0000000084300000, 0x00000000d5580000)
  object space 68608K, 36% used [0x0000000080000000,0x000000008187fb70,0x0000000084300000)
 Metaspace       used 46682K, committed 47872K, reserved 1114112K
  class space    used 5068K, committed 5568K, reserved 1048576K
}
Event: 5.936 GC heap before
{Heap before GC invocations=26 (full 2):
 PSYoungGen      total 22016K, used 21728K [0x00000000d5580000, 0x00000000d6c80000, 0x0000000100000000)
  eden space 21504K, 100% used [0x00000000d5580000,0x00000000d6a80000,0x00000000d6a80000)
  from space 512K, 43% used [0x00000000d6b80000,0x00000000d6bb8000,0x00000000d6c00000)
  to   space 512K, 0% used [0x00000000d6c00000,0x00000000d6c00000,0x00000000d6c80000)
 ParOldGen       total 68608K, used 25086K [0x0000000080000000, 0x0000000084300000, 0x00000000d5580000)
  object space 68608K, 36% used [0x0000000080000000,0x000000008187fb70,0x0000000084300000)
 Metaspace       used 46683K, committed 47872K, reserved 1114112K
  class space    used 5068K, committed 5568K, reserved 1048576K
}
Event: 5.937 GC heap after
{Heap after GC invocations=26 (full 2):
 PSYoungGen      total 22016K, used 160K [0x00000000d5580000, 0x00000000d6c80000, 0x0000000100000000)
  eden space 21504K, 0% used [0x00000000d5580000,0x00000000d5580000,0x00000000d6a80000)
  from space 512K, 31% used [0x00000000d6c00000,0x00000000d6c28000,0x00000000d6c80000)
  to   space 512K, 0% used [0x00000000d6b80000,0x00000000d6b80000,0x00000000d6c00000)
 ParOldGen       total 68608K, used 25102K [0x0000000080000000, 0x0000000084300000, 0x00000000d5580000)
  object space 68608K, 36% used [0x0000000080000000,0x0000000081883b70,0x0000000084300000)
 Metaspace       used 46683K, committed 47872K, reserved 1114112K
  class space    used 5068K, committed 5568K, reserved 1048576K
}
Event: 6.044 GC heap before
{Heap before GC invocations=27 (full 2):
 PSYoungGen      total 22016K, used 21664K [0x00000000d5580000, 0x00000000d6c80000, 0x0000000100000000)
  eden space 21504K, 100% used [0x00000000d5580000,0x00000000d6a80000,0x00000000d6a80000)
  from space 512K, 31% used [0x00000000d6c00000,0x00000000d6c28000,0x00000000d6c80000)
  to   space 512K, 0% used [0x00000000d6b80000,0x00000000d6b80000,0x00000000d6c00000)
 ParOldGen       total 68608K, used 25102K [0x0000000080000000, 0x0000000084300000, 0x00000000d5580000)
  object space 68608K, 36% used [0x0000000080000000,0x0000000081883b70,0x0000000084300000)
 Metaspace       used 46687K, committed 47872K, reserved 1114112K
  class space    used 5068K, committed 5568K, reserved 1048576K
}
Event: 6.045 GC heap after
{Heap after GC invocations=27 (full 2):
 PSYoungGen      total 22016K, used 224K [0x00000000d5580000, 0x00000000d6c80000, 0x0000000100000000)
  eden space 21504K, 0% used [0x00000000d5580000,0x00000000d5580000,0x00000000d6a80000)
  from space 512K, 43% used [0x00000000d6b80000,0x00000000d6bb8000,0x00000000d6c00000)
  to   space 512K, 0% used [0x00000000d6c00000,0x00000000d6c00000,0x00000000d6c80000)
 ParOldGen       total 68608K, used 25118K [0x0000000080000000, 0x0000000084300000, 0x00000000d5580000)
  object space 68608K, 36% used [0x0000000080000000,0x0000000081887b70,0x0000000084300000)
 Metaspace       used 46687K, committed 47872K, reserved 1114112K
  class space    used 5068K, committed 5568K, reserved 1048576K
}
Event: 6.199 GC heap before
{Heap before GC invocations=28 (full 2):
 PSYoungGen      total 22016K, used 21728K [0x00000000d5580000, 0x00000000d6c80000, 0x0000000100000000)
  eden space 21504K, 100% used [0x00000000d5580000,0x00000000d6a80000,0x00000000d6a80000)
  from space 512K, 43% used [0x00000000d6b80000,0x00000000d6bb8000,0x00000000d6c00000)
  to   space 512K, 0% used [0x00000000d6c00000,0x00000000d6c00000,0x00000000d6c80000)
 ParOldGen       total 68608K, used 25118K [0x0000000080000000, 0x0000000084300000, 0x00000000d5580000)
  object space 68608K, 36% used [0x0000000080000000,0x0000000081887b70,0x0000000084300000)
 Metaspace       used 46689K, committed 47872K, reserved 1114112K
  class space    used 5068K, committed 5568K, reserved 1048576K
}
Event: 6.200 GC heap after
{Heap after GC invocations=28 (full 2):
 PSYoungGen      total 22016K, used 224K [0x00000000d5580000, 0x00000000d6c80000, 0x0000000100000000)
  eden space 21504K, 0% used [0x00000000d5580000,0x00000000d5580000,0x00000000d6a80000)
  from space 512K, 43% used [0x00000000d6c00000,0x00000000d6c38000,0x00000000d6c80000)
  to   space 512K, 0% used [0x00000000d6b80000,0x00000000d6b80000,0x00000000d6c00000)
 ParOldGen       total 68608K, used 25206K [0x0000000080000000, 0x0000000084300000, 0x00000000d5580000)
  object space 68608K, 36% used [0x0000000080000000,0x000000008189db70,0x0000000084300000)
 Metaspace       used 46689K, committed 47872K, reserved 1114112K
  class space    used 5068K, committed 5568K, reserved 1048576K
}

Dll operation events (20 events):
Event: 0.006 Attempting to load shared library c:\Users\otuom\.antigravity-ide\extensions\redhat.java-1.56.0-win32-x64\jre\21.0.12.1-win32-x86_64\bin\java.dll
Event: 0.006 Loaded shared library c:\Users\otuom\.antigravity-ide\extensions\redhat.java-1.56.0-win32-x64\jre\21.0.12.1-win32-x86_64\bin\java.dll
Event: 0.040 Attempting to load shared library c:\Users\otuom\.antigravity-ide\extensions\redhat.java-1.56.0-win32-x64\jre\21.0.12.1-win32-x86_64\bin\zip.dll
Event: 0.040 Loaded shared library c:\Users\otuom\.antigravity-ide\extensions\redhat.java-1.56.0-win32-x64\jre\21.0.12.1-win32-x86_64\bin\zip.dll
Event: 0.050 Attempting to load shared library C:\Users\otuom\.antigravity-ide\extensions\redhat.java-1.56.0-win32-x64\jre\21.0.12.1-win32-x86_64\bin\instrument.dll
Event: 0.050 Loaded shared library C:\Users\otuom\.antigravity-ide\extensions\redhat.java-1.56.0-win32-x64\jre\21.0.12.1-win32-x86_64\bin\instrument.dll
Event: 0.052 Attempting to load shared library C:\Users\otuom\.antigravity-ide\extensions\redhat.java-1.56.0-win32-x64\jre\21.0.12.1-win32-x86_64\bin\net.dll
Event: 0.053 Loaded shared library C:\Users\otuom\.antigravity-ide\extensions\redhat.java-1.56.0-win32-x64\jre\21.0.12.1-win32-x86_64\bin\net.dll
Event: 0.054 Attempting to load shared library C:\Users\otuom\.antigravity-ide\extensions\redhat.java-1.56.0-win32-x64\jre\21.0.12.1-win32-x86_64\bin\nio.dll
Event: 0.054 Loaded shared library C:\Users\otuom\.antigravity-ide\extensions\redhat.java-1.56.0-win32-x64\jre\21.0.12.1-win32-x86_64\bin\nio.dll
Event: 0.056 Attempting to load shared library C:\Users\otuom\.antigravity-ide\extensions\redhat.java-1.56.0-win32-x64\jre\21.0.12.1-win32-x86_64\bin\zip.dll
Event: 0.056 Loaded shared library C:\Users\otuom\.antigravity-ide\extensions\redhat.java-1.56.0-win32-x64\jre\21.0.12.1-win32-x86_64\bin\zip.dll
Event: 0.065 Attempting to load shared library C:\Users\otuom\.antigravity-ide\extensions\redhat.java-1.56.0-win32-x64\jre\21.0.12.1-win32-x86_64\bin\jimage.dll
Event: 0.065 Loaded shared library C:\Users\otuom\.antigravity-ide\extensions\redhat.java-1.56.0-win32-x64\jre\21.0.12.1-win32-x86_64\bin\jimage.dll
Event: 0.104 Attempting to load shared library c:\Users\otuom\.antigravity-ide\extensions\redhat.java-1.56.0-win32-x64\jre\21.0.12.1-win32-x86_64\bin\verify.dll
Event: 0.104 Loaded shared library c:\Users\otuom\.antigravity-ide\extensions\redhat.java-1.56.0-win32-x64\jre\21.0.12.1-win32-x86_64\bin\verify.dll
Event: 0.718 Attempting to load shared library C:\Users\otuom\AppData\Roaming\Antigravity IDE\User\globalStorage\redhat.java\1.56.0\config_win\org.eclipse.equinox.launcher\org.eclipse.equinox.launcher.win32.win32.x86_64_1.3.100.v20260804-1928\eclipse_11924.dll
Event: 0.719 Loaded shared library C:\Users\otuom\AppData\Roaming\Antigravity IDE\User\globalStorage\redhat.java\1.56.0\config_win\org.eclipse.equinox.launcher\org.eclipse.equinox.launcher.win32.win32.x86_64_1.3.100.v20260804-1928\eclipse_11924.dll
Event: 3.360 Attempting to load shared library C:\Users\otuom\AppData\Local\Temp\jna-106082574\jna6486866229572630647.dll
Event: 3.406 Loaded shared library C:\Users\otuom\AppData\Local\Temp\jna-106082574\jna6486866229572630647.dll

Deoptimization events (20 events):
Event: 30.650 Thread 0x00000203fe847440 DEOPT PACKING pc=0x00000203a2fb9300 sp=0x0000005e46efea20
Event: 30.650 Thread 0x00000203fe847440 DEOPT UNPACKING pc=0x00000203a9714242 sp=0x0000005e46efdf78 mode 0
Event: 30.650 Thread 0x00000203fe847440 DEOPT PACKING pc=0x00000203a2fb9300 sp=0x0000005e46efea20
Event: 30.650 Thread 0x00000203fe847440 DEOPT UNPACKING pc=0x00000203a9714242 sp=0x0000005e46efdf78 mode 0
Event: 30.650 Thread 0x00000203fe847440 DEOPT PACKING pc=0x00000203a2fb9300 sp=0x0000005e46efea20
Event: 30.650 Thread 0x00000203fe847440 DEOPT UNPACKING pc=0x00000203a9714242 sp=0x0000005e46efdf78 mode 0
Event: 30.650 Thread 0x00000203fe847440 DEOPT PACKING pc=0x00000203a2fb9300 sp=0x0000005e46efea20
Event: 30.650 Thread 0x00000203fe847440 DEOPT UNPACKING pc=0x00000203a9714242 sp=0x0000005e46efdf78 mode 0
Event: 30.651 Thread 0x00000203fe847440 Uncommon trap: trap_request=0xffffff45 fr.pc=0x00000203a9ea80ac relative=0x000000000000016c
Event: 30.651 Thread 0x00000203fe847440 Uncommon trap: reason=unstable_if action=reinterpret pc=0x00000203a9ea80ac method=java.util.HashMap.getNode(Ljava/lang/Object;)Ljava/util/HashMap$Node; @ 131 c2
Event: 30.651 Thread 0x00000203fe847440 DEOPT PACKING pc=0x00000203a9ea80ac sp=0x0000005e46efebf0
Event: 30.651 Thread 0x00000203fe847440 DEOPT UNPACKING pc=0x00000203a9713aa2 sp=0x0000005e46efeb00 mode 2
Event: 30.651 Thread 0x00000203fe847440 Uncommon trap: trap_request=0xffffff45 fr.pc=0x00000203a9e72cd0 relative=0x0000000000000210
Event: 30.651 Thread 0x00000203fe847440 Uncommon trap: reason=unstable_if action=reinterpret pc=0x00000203a9e72cd0 method=java.util.HashMap.getNode(Ljava/lang/Object;)Ljava/util/HashMap$Node; @ 131 c2
Event: 30.651 Thread 0x00000203fe847440 DEOPT PACKING pc=0x00000203a9e72cd0 sp=0x0000005e46efeb10
Event: 30.651 Thread 0x00000203fe847440 DEOPT UNPACKING pc=0x00000203a9713aa2 sp=0x0000005e46efea90 mode 2
Event: 30.651 Thread 0x00000203fe847440 Uncommon trap: trap_request=0xffffffde fr.pc=0x00000203aa1024c0 relative=0x0000000000000780
Event: 30.651 Thread 0x00000203fe847440 Uncommon trap: reason=class_check action=maybe_recompile pc=0x00000203aa1024c0 method=java.util.HashMap.putVal(ILjava/lang/Object;Ljava/lang/Object;ZZ)Ljava/lang/Object; @ 203 c2
Event: 30.651 Thread 0x00000203fe847440 DEOPT PACKING pc=0x00000203aa1024c0 sp=0x0000005e46efeb70
Event: 30.651 Thread 0x00000203fe847440 DEOPT UNPACKING pc=0x00000203a9713aa2 sp=0x0000005e46efea60 mode 2

Classes loaded (20 events):
Event: 30.674 Loading class sun/util/cldr/CLDRTimeZoneNameProviderImpl
Event: 30.674 Loading class sun/util/locale/provider/TimeZoneNameProviderImpl
Event: 30.675 Loading class sun/util/locale/provider/TimeZoneNameProviderImpl done
Event: 30.675 Loading class sun/util/cldr/CLDRTimeZoneNameProviderImpl done
Event: 30.675 Loading class sun/util/resources/cldr/TimeZoneNames
Event: 30.676 Loading class sun/util/resources/TimeZoneNamesBundle
Event: 30.676 Loading class sun/util/resources/OpenListResourceBundle
Event: 30.676 Loading class sun/util/resources/OpenListResourceBundle done
Event: 30.676 Loading class sun/util/resources/TimeZoneNamesBundle done
Event: 30.676 Loading class sun/util/resources/cldr/TimeZoneNames done
Event: 30.676 Loading class sun/util/resources/cldr/TimeZoneNames_en
Event: 30.677 Loading class sun/util/resources/cldr/TimeZoneNames_en done
Event: 30.677 Loading class sun/util/resources/cldr/TimeZoneNames_en_US
Event: 30.677 Loading class sun/util/resources/cldr/TimeZoneNames_en_US done
Event: 30.677 Loading class sun/util/cldr/CLDRBaseLocaleDataMetaInfo$TZCanonicalIDMapHolder
Event: 30.678 Loading class sun/util/cldr/CLDRBaseLocaleDataMetaInfo$TZCanonicalIDMapHolder done
Event: 30.679 Loading class sun/util/resources/TimeZoneNames
Event: 30.679 Loading class sun/util/resources/TimeZoneNames done
Event: 30.679 Loading class sun/util/resources/TimeZoneNames_en
Event: 30.679 Loading class sun/util/resources/TimeZoneNames_en done

Classes unloaded (7 events):
Event: 3.662 Thread 0x000002039f004070 Unloading class 0x00000203b71ad000 'java/lang/invoke/LambdaForm$MH+0x00000203b71ad000'
Event: 3.662 Thread 0x000002039f004070 Unloading class 0x00000203b71acc00 'java/lang/invoke/LambdaForm$MH+0x00000203b71acc00'
Event: 3.662 Thread 0x000002039f004070 Unloading class 0x00000203b71ac800 'java/lang/invoke/LambdaForm$MH+0x00000203b71ac800'
Event: 3.662 Thread 0x000002039f004070 Unloading class 0x00000203b71ac400 'java/lang/invoke/LambdaForm$MH+0x00000203b71ac400'
Event: 3.662 Thread 0x000002039f004070 Unloading class 0x00000203b71ac000 'java/lang/invoke/LambdaForm$BMH+0x00000203b71ac000'
Event: 3.662 Thread 0x000002039f004070 Unloading class 0x00000203b71abc00 'java/lang/invoke/LambdaForm$DMH+0x00000203b71abc00'
Event: 3.662 Thread 0x000002039f004070 Unloading class 0x00000203b71aa800 'java/lang/invoke/LambdaForm$DMH+0x00000203b71aa800'

Classes redefined (0 events):
No events

Internal exceptions (20 events):
Event: 6.213 Thread 0x0000020380ce7bf0 Exception <a 'sun/nio/fs/WindowsException'{0x00000000d580ced8}> (0x00000000d580ced8) 
thrown [s\src\hotspot\share\prims\jni.cpp, line 520]
Event: 6.213 Thread 0x0000020380ce7bf0 Exception <a 'sun/nio/fs/WindowsException'{0x00000000d580f4b8}> (0x00000000d580f4b8) 
thrown [s\src\hotspot\share\prims\jni.cpp, line 520]
Event: 6.213 Thread 0x0000020380ce7bf0 Exception <a 'sun/nio/fs/WindowsException'{0x00000000d5811b08}> (0x00000000d5811b08) 
thrown [s\src\hotspot\share\prims\jni.cpp, line 520]
Event: 6.214 Thread 0x0000020380ce7bf0 Exception <a 'sun/nio/fs/WindowsException'{0x00000000d5814168}> (0x00000000d5814168) 
thrown [s\src\hotspot\share\prims\jni.cpp, line 520]
Event: 6.214 Thread 0x0000020380ce7bf0 Exception <a 'sun/nio/fs/WindowsException'{0x00000000d5816e28}> (0x00000000d5816e28) 
thrown [s\src\hotspot\share\prims\jni.cpp, line 520]
Event: 6.214 Thread 0x0000020380ce7bf0 Exception <a 'sun/nio/fs/WindowsException'{0x00000000d5819428}> (0x00000000d5819428) 
thrown [s\src\hotspot\share\prims\jni.cpp, line 520]
Event: 6.214 Thread 0x0000020380ce7bf0 Exception <a 'sun/nio/fs/WindowsException'{0x00000000d581b9e8}> (0x00000000d581b9e8) 
thrown [s\src\hotspot\share\prims\jni.cpp, line 520]
Event: 6.214 Thread 0x0000020380ce7bf0 Exception <a 'sun/nio/fs/WindowsException'{0x00000000d581dfb8}> (0x00000000d581dfb8) 
thrown [s\src\hotspot\share\prims\jni.cpp, line 520]
Event: 6.214 Thread 0x0000020380ce7bf0 Exception <a 'sun/nio/fs/WindowsException'{0x00000000d5820588}> (0x00000000d5820588) 
thrown [s\src\hotspot\share\prims\jni.cpp, line 520]
Event: 6.214 Thread 0x0000020380ce7bf0 Exception <a 'sun/nio/fs/WindowsException'{0x00000000d58238e8}> (0x00000000d58238e8) 
thrown [s\src\hotspot\share\prims\jni.cpp, line 520]
Event: 6.214 Thread 0x0000020380ce7bf0 Exception <a 'sun/nio/fs/WindowsException'{0x00000000d5827660}> (0x00000000d5827660) 
thrown [s\src\hotspot\share\prims\jni.cpp, line 520]
Event: 6.248 Thread 0x0000020380ce2d30 Exception <a 'sun/nio/fs/WindowsException'{0x00000000d595a8f8}> (0x00000000d595a8f8) 
thrown [s\src\hotspot\share\prims\jni.cpp, line 520]
Event: 6.249 Thread 0x0000020380ce2d30 Exception <a 'sun/nio/fs/WindowsException'{0x00000000d595b070}> (0x00000000d595b070) 
thrown [s\src\hotspot\share\prims\jni.cpp, line 520]
Event: 6.249 Thread 0x0000020380ce2d30 Exception <a 'sun/nio/fs/WindowsException'{0x00000000d595e6d8}> (0x00000000d595e6d8) 
thrown [s\src\hotspot\share\prims\jni.cpp, line 520]
Event: 6.249 Thread 0x0000020380ce2d30 Exception <a 'sun/nio/fs/WindowsException'{0x00000000d595ec08}> (0x00000000d595ec08) 
thrown [s\src\hotspot\share\prims\jni.cpp, line 520]
Event: 6.260 Thread 0x0000020380ce2d30 Exception <a 'sun/nio/fs/WindowsException'{0x00000000d5bb0c30}> (0x00000000d5bb0c30) 
thrown [s\src\hotspot\share\prims\jni.cpp, line 520]
Event: 6.260 Thread 0x0000020380ce2d30 Exception <a 'sun/nio/fs/WindowsException'{0x00000000d5bb19d8}> (0x00000000d5bb19d8) 
thrown [s\src\hotspot\share\prims\jni.cpp, line 520]
Event: 6.261 Thread 0x0000020380ce2d30 Exception <a 'sun/nio/fs/WindowsException'{0x00000000d5bbc6e8}> (0x00000000d5bbc6e8) 
thrown [s\src\hotspot\share\prims\jni.cpp, line 520]
Event: 6.261 Thread 0x0000020380ce2d30 Exception <a 'sun/nio/fs/WindowsException'{0x00000000d5bbcec8}> (0x00000000d5bbcec8) 
thrown [s\src\hotspot\share\prims\jni.cpp, line 520]
Event: 6.277 Thread 0x0000020380ce2d30 Exception <a 'java/lang/IncompatibleClassChangeError'{0x00000000d5d75fd8}: Found class java.lang.Object, but interface was expected> (0x00000000d5d75fd8) 
thrown [s\src\hotspot\share\interpreter\linkResolver.cpp, line 840]

ZGC Phase Switch (0 events):
No events

VM Operations (20 events):
Event: 5.936 Executing safepoint VM operation: ParallelGCFailedAllocation (Allocation Failure)
Event: 5.937 Executing safepoint VM operation: ParallelGCFailedAllocation (Allocation Failure) done
Event: 6.044 Executing safepoint VM operation: ParallelGCFailedAllocation (Allocation Failure)
Event: 6.045 Executing safepoint VM operation: ParallelGCFailedAllocation (Allocation Failure) done
Event: 6.199 Executing safepoint VM operation: ParallelGCFailedAllocation (Allocation Failure)
Event: 6.200 Executing safepoint VM operation: ParallelGCFailedAllocation (Allocation Failure) done
Event: 6.261 Executing non-safepoint VM operation: HandshakeAllThreads (Deoptimize)
Event: 6.261 Executing non-safepoint VM operation: HandshakeAllThreads (Deoptimize) done
Event: 6.262 Executing non-safepoint VM operation: HandshakeAllThreads (Deoptimize)
Event: 6.262 Executing non-safepoint VM operation: HandshakeAllThreads (Deoptimize) done
Event: 7.271 Executing safepoint VM operation: Cleanup
Event: 7.271 Executing safepoint VM operation: Cleanup done
Event: 8.284 Executing safepoint VM operation: Cleanup
Event: 8.284 Executing safepoint VM operation: Cleanup done
Event: 31.522 Executing safepoint VM operation: Cleanup
Event: 31.522 Executing safepoint VM operation: Cleanup done
Event: 60.126 Executing non-safepoint VM operation: HandshakeAllThreads (HandshakeForDeflation)
Event: 60.126 Executing non-safepoint VM operation: HandshakeAllThreads (HandshakeForDeflation) done
Event: 60.126 Executing non-safepoint VM operation: RendezvousGCThreads
Event: 60.126 Executing non-safepoint VM operation: RendezvousGCThreads done

Memory protections (0 events):
No events

Nmethod flushes (20 events):
Event: 4.276 Thread 0x000002039f004070 flushing  nmethod 0x00000203a292dc90
Event: 4.276 Thread 0x000002039f004070 flushing  nmethod 0x00000203a2940510
Event: 4.276 Thread 0x000002039f004070 flushing  nmethod 0x00000203a2940a90
Event: 4.276 Thread 0x000002039f004070 flushing  nmethod 0x00000203a2970010
Event: 4.276 Thread 0x000002039f004070 flushing  nmethod 0x00000203a2989810
Event: 4.276 Thread 0x000002039f004070 flushing osr nmethod 0x00000203a298d010
Event: 4.276 Thread 0x000002039f004070 flushing osr nmethod 0x00000203a298db10
Event: 4.276 Thread 0x000002039f004070 flushing  nmethod 0x00000203a29a2990
Event: 4.276 Thread 0x000002039f004070 flushing  nmethod 0x00000203a29a3e10
Event: 4.276 Thread 0x000002039f004070 flushing  nmethod 0x00000203a29d3e90
Event: 4.276 Thread 0x000002039f004070 flushing  nmethod 0x00000203a29d6c90
Event: 4.276 Thread 0x000002039f004070 flushing  nmethod 0x00000203a29d7590
Event: 4.276 Thread 0x000002039f004070 flushing  nmethod 0x00000203a29d8f90
Event: 4.276 Thread 0x000002039f004070 flushing  nmethod 0x00000203a29dee10
Event: 4.276 Thread 0x000002039f004070 flushing  nmethod 0x00000203a29e0e10
Event: 4.276 Thread 0x000002039f004070 flushing  nmethod 0x00000203a2a24110
Event: 4.276 Thread 0x000002039f004070 flushing  nmethod 0x00000203a2a25090
Event: 4.276 Thread 0x000002039f004070 flushing  nmethod 0x00000203a2a32810
Event: 4.276 Thread 0x000002039f004070 flushing  nmethod 0x00000203a2a38c90
Event: 4.276 Thread 0x000002039f004070 flushing  nmethod 0x00000203a2a49610

Events (20 events):
Event: 4.163 Thread 0x000002039f06b7e0 Thread added: 0x0000020380ce26a0
Event: 4.163 Thread 0x000002039f06b7e0 Thread added: 0x0000020380ce3a50
Event: 4.182 Thread 0x000002039f06b7e0 Thread added: 0x0000020380ce61b0
Event: 4.314 Thread 0x000002039f06b7e0 Thread added: 0x0000020380ce5b20
Event: 4.314 Thread 0x000002039f06b7e0 Thread added: 0x0000020380ce2d30
Event: 4.902 Thread 0x00000203feddf190 Thread added: 0x0000020380ce7bf0
Event: 5.087 Thread 0x00000203feddd0c0 Thread added: 0x0000020380ce6840
Event: 5.088 Thread 0x0000020380ce6840 Thread added: 0x0000020380ce9630
Event: 5.208 Thread 0x0000020380ce7bf0 Thread added: 0x0000020380ce8280
Event: 6.216 Thread 0x0000020380ce8280 Thread exited: 0x0000020380ce8280
Event: 6.279 Thread 0x0000020380ce2d30 Thread added: 0x0000020380ce6ed0
Event: 6.279 Thread 0x0000020380ce2d30 Thread added: 0x0000020380ce8280
Event: 6.280 Thread 0x0000020380ce8280 Thread added: 0x0000020380ce8910
Event: 12.977 Thread 0x00000203f7f82870 Thread exited: 0x00000203f7f82870
Event: 66.282 Thread 0x00000203feddd0c0 Thread exited: 0x00000203feddd0c0
Event: 66.282 Thread 0x00000203feddbd10 Thread exited: 0x00000203feddbd10
Event: 66.298 Thread 0x0000020380ce6ed0 Thread exited: 0x0000020380ce6ed0
Event: 66.298 Thread 0x00000203feddc3a0 Thread exited: 0x00000203feddc3a0
Event: 126.301 Thread 0x0000020380ce8280 Thread exited: 0x0000020380ce8280
Event: 186.304 Thread 0x0000020380ce8910 Thread exited: 0x0000020380ce8910


Dynamic libraries:
0x00007ff6330d0000 - 0x00007ff6330de000 	c:\Users\otuom\.antigravity-ide\extensions\redhat.java-1.56.0-win32-x64\jre\21.0.12.1-win32-x86_64\bin\java.exe
0x00007ffbfb800000 - 0x00007ffbfba67000 	C:\WINDOWS\SYSTEM32\ntdll.dll
0x00007ffbfabc0000 - 0x00007ffbfac8b000 	C:\WINDOWS\System32\KERNEL32.DLL
0x00007ffbf8b60000 - 0x00007ffbf8f62000 	C:\WINDOWS\System32\KERNELBASE.dll
0x00007ffbf8a00000 - 0x00007ffbf8b4c000 	C:\WINDOWS\System32\ucrtbase.dll
0x00007ffbede90000 - 0x00007ffbedeae000 	c:\Users\otuom\.antigravity-ide\extensions\redhat.java-1.56.0-win32-x64\jre\21.0.12.1-win32-x86_64\bin\VCRUNTIME140.dll
0x00007ffbf2d00000 - 0x00007ffbf2d18000 	c:\Users\otuom\.antigravity-ide\extensions\redhat.java-1.56.0-win32-x64\jre\21.0.12.1-win32-x86_64\bin\jli.dll
0x00007ffbfb450000 - 0x00007ffbfb61f000 	C:\WINDOWS\System32\USER32.dll
0x00007ffbdb730000 - 0x00007ffbdb9c0000 	C:\WINDOWS\WinSxS\amd64_microsoft.windows.common-controls_6595b64144ccf1df_6.0.26100.9278_none_3e0d1ba8e3303201\COMCTL32.dll
0x00007ffbf9100000 - 0x00007ffbf9127000 	C:\WINDOWS\System32\win32u.dll
0x00007ffbfb630000 - 0x00007ffbfb6d9000 	C:\WINDOWS\System32\msvcrt.dll
0x00007ffbf96b0000 - 0x00007ffbf96db000 	C:\WINDOWS\System32\GDI32.dll
0x00007ffbf91f0000 - 0x00007ffbf9319000 	C:\WINDOWS\System32\gdi32full.dll
0x00007ffbf9470000 - 0x00007ffbf9513000 	C:\WINDOWS\System32\msvcp_win.dll
0x00007ffbfab80000 - 0x00007ffbfabb1000 	C:\WINDOWS\System32\IMM32.DLL
0x00007ffbe3970000 - 0x00007ffbe397c000 	c:\Users\otuom\.antigravity-ide\extensions\redhat.java-1.56.0-win32-x64\jre\21.0.12.1-win32-x86_64\bin\vcruntime140_1.dll
0x00007ffbc72e0000 - 0x00007ffbc736d000 	c:\Users\otuom\.antigravity-ide\extensions\redhat.java-1.56.0-win32-x64\jre\21.0.12.1-win32-x86_64\bin\msvcp140.dll
0x00007ffba89d0000 - 0x00007ffba9772000 	c:\Users\otuom\.antigravity-ide\extensions\redhat.java-1.56.0-win32-x64\jre\21.0.12.1-win32-x86_64\bin\server\jvm.dll
0x00007ffbfb110000 - 0x00007ffbfb1cc000 	C:\WINDOWS\System32\ADVAPI32.dll
0x00007ffbf9b30000 - 0x00007ffbf9bd9000 	C:\WINDOWS\System32\sechost.dll
0x00007ffbfaa60000 - 0x00007ffbfab78000 	C:\WINDOWS\System32\RPCRT4.dll
0x00007ffbf9a90000 - 0x00007ffbf9b10000 	C:\WINDOWS\System32\WS2_32.dll
0x00007ffbf8860000 - 0x00007ffbf88be000 	C:\WINDOWS\SYSTEM32\POWRPROF.dll
0x00007ffbf59c0000 - 0x00007ffbf59f6000 	C:\WINDOWS\SYSTEM32\WINMM.dll
0x00007ffbede60000 - 0x00007ffbede6b000 	C:\WINDOWS\SYSTEM32\VERSION.dll
0x00007ffbf8840000 - 0x00007ffbf8855000 	C:\WINDOWS\SYSTEM32\UMPDC.dll
0x00007ffbf7690000 - 0x00007ffbf76ab000 	C:\WINDOWS\SYSTEM32\kernel.appcore.dll
0x00007ffbe3960000 - 0x00007ffbe396a000 	c:\Users\otuom\.antigravity-ide\extensions\redhat.java-1.56.0-win32-x64\jre\21.0.12.1-win32-x86_64\bin\jimage.dll
0x00007ffbf56f0000 - 0x00007ffbf593c000 	C:\WINDOWS\SYSTEM32\DBGHELP.DLL
0x00007ffbf96e0000 - 0x00007ffbf9a65000 	C:\WINDOWS\System32\combase.dll
0x00007ffbf9be0000 - 0x00007ffbf9cb9000 	C:\WINDOWS\System32\OLEAUT32.dll
0x00007ffbf5980000 - 0x00007ffbf59bb000 	C:\WINDOWS\SYSTEM32\dbgcore.DLL
0x00007ffbf9130000 - 0x00007ffbf91dc000 	C:\WINDOWS\System32\bcryptPrimitives.dll
0x00007ffbe3950000 - 0x00007ffbe395f000 	c:\Users\otuom\.antigravity-ide\extensions\redhat.java-1.56.0-win32-x64\jre\21.0.12.1-win32-x86_64\bin\instrument.dll
0x00007ffbe3930000 - 0x00007ffbe3950000 	c:\Users\otuom\.antigravity-ide\extensions\redhat.java-1.56.0-win32-x64\jre\21.0.12.1-win32-x86_64\bin\java.dll
0x00007ffbfa2c0000 - 0x00007ffbfaa58000 	C:\WINDOWS\System32\SHELL32.dll
0x00007ffbf6420000 - 0x00007ffbf6cce000 	C:\WINDOWS\SYSTEM32\windows.storage.dll
0x00007ffbfae30000 - 0x00007ffbfaf2b000 	C:\WINDOWS\System32\SHCORE.dll
0x00007ffbfa250000 - 0x00007ffbfa2b6000 	C:\WINDOWS\System32\shlwapi.dll
0x00007ffbf8920000 - 0x00007ffbf8949000 	C:\WINDOWS\SYSTEM32\profapi.dll
0x00007ffbe3250000 - 0x00007ffbe3268000 	c:\Users\otuom\.antigravity-ide\extensions\redhat.java-1.56.0-win32-x64\jre\21.0.12.1-win32-x86_64\bin\zip.dll
0x00007ffbe3920000 - 0x00007ffbe3930000 	C:\Users\otuom\.antigravity-ide\extensions\redhat.java-1.56.0-win32-x64\jre\21.0.12.1-win32-x86_64\bin\net.dll
0x00007ffbf15d0000 - 0x00007ffbf16fa000 	C:\WINDOWS\SYSTEM32\WINHTTP.dll
0x00007ffbf7c30000 - 0x00007ffbf7c9c000 	C:\WINDOWS\system32\mswsock.dll
0x00007ffbe3230000 - 0x00007ffbe3246000 	C:\Users\otuom\.antigravity-ide\extensions\redhat.java-1.56.0-win32-x64\jre\21.0.12.1-win32-x86_64\bin\nio.dll
0x00007ffbe3220000 - 0x00007ffbe3230000 	c:\Users\otuom\.antigravity-ide\extensions\redhat.java-1.56.0-win32-x64\jre\21.0.12.1-win32-x86_64\bin\verify.dll
0x00007ffbd3320000 - 0x00007ffbd3365000 	C:\Users\otuom\AppData\Roaming\Antigravity IDE\User\globalStorage\redhat.java\1.56.0\config_win\org.eclipse.equinox.launcher\org.eclipse.equinox.launcher.win32.win32.x86_64_1.3.100.v20260804-1928\eclipse_11924.dll
0x00007ffbfb1e0000 - 0x00007ffbfb37a000 	C:\WINDOWS\System32\ole32.dll
0x00007ffbf8050000 - 0x00007ffbf806b000 	C:\WINDOWS\SYSTEM32\CRYPTSP.dll
0x00007ffbf75f0000 - 0x00007ffbf7629000 	C:\WINDOWS\system32\rsaenh.dll
0x00007ffbf7ce0000 - 0x00007ffbf7d14000 	C:\WINDOWS\SYSTEM32\USERENV.dll
0x00007ffbf88f0000 - 0x00007ffbf891a000 	C:\WINDOWS\SYSTEM32\bcrypt.dll
0x00007ffbf7e90000 - 0x00007ffbf7e9c000 	C:\WINDOWS\SYSTEM32\CRYPTBASE.dll
0x00007ffbf70f0000 - 0x00007ffbf7123000 	C:\WINDOWS\SYSTEM32\IPHLPAPI.DLL
0x00007ffbfac90000 - 0x00007ffbfac9a000 	C:\WINDOWS\System32\NSI.dll
0x00007ffbc74d0000 - 0x00007ffbc7519000 	C:\Users\otuom\AppData\Local\Temp\jna-106082574\jna6486866229572630647.dll
0x00007ffbfaca0000 - 0x00007ffbfaca8000 	C:\WINDOWS\System32\PSAPI.DLL
0x00007ffbf1790000 - 0x00007ffbf17ad000 	C:\WINDOWS\SYSTEM32\dhcpcsvc6.DLL
0x00007ffbf1760000 - 0x00007ffbf1785000 	C:\WINDOWS\SYSTEM32\dhcpcsvc.DLL

JVMTI agents:
c:\Users\otuom\.antigravity-ide\extensions\redhat.java-1.56.0-win32-x64\lombok\lombok-1.18.39-4050.jar path:c:\Users\otuom\.antigravity-ide\extensions\redhat.java-1.56.0-win32-x64\jre\21.0.12.1-win32-x86_64\bin\instrument.dll, loaded, initialized, instrumentlib options:none

dbghelp: loaded successfully - version: 4.0.5 - missing functions: none
symbol engine: initialized successfully - sym options: 0x614 - pdb path: .;c:\Users\otuom\.antigravity-ide\extensions\redhat.java-1.56.0-win32-x64\jre\21.0.12.1-win32-x86_64\bin;C:\WINDOWS\SYSTEM32;C:\WINDOWS\WinSxS\amd64_microsoft.windows.common-controls_6595b64144ccf1df_6.0.26100.9278_none_3e0d1ba8e3303201;c:\Users\otuom\.antigravity-ide\extensions\redhat.java-1.56.0-win32-x64\jre\21.0.12.1-win32-x86_64\bin\server;C:\Users\otuom\AppData\Roaming\Antigravity IDE\User\globalStorage\redhat.java\1.56.0\config_win\org.eclipse.equinox.launcher\org.eclipse.equinox.launcher.win32.win32.x86_64_1.3.100.v20260804-1928;C:\Users\otuom\AppData\Local\Temp\jna-106082574

VM Arguments:
jvm_args: --add-modules=ALL-SYSTEM --add-opens=java.base/java.util=ALL-UNNAMED --add-opens=java.base/java.lang=ALL-UNNAMED --add-opens=java.base/sun.nio.fs=ALL-UNNAMED -Declipse.application=org.eclipse.jdt.ls.core.id1 -Dosgi.bundles.defaultStartLevel=4 -Declipse.product=org.eclipse.jdt.ls.core.product -Djava.import.generatesMetadataFilesAtProjectRoot=false -Dm2e.project.cache.size=50 -DDetectVMInstallationsJob.disabled=true -Dfile.encoding=utf8 -XX:+UseParallelGC -XX:GCTimeRatio=4 -XX:AdaptiveSizePolicyWeight=90 -Dsun.zip.disableMemoryMapping=true -Xmx2G -Xms100m -Xlog:disable -javaagent:c:\Users\otuom\.antigravity-ide\extensions\redhat.java-1.56.0-win32-x64\lombok\lombok-1.18.39-4050.jar -XX:+HeapDumpOnOutOfMemoryError -XX:HeapDumpPath=c:\Users\otuom\AppData\Roaming\Antigravity IDE\User\workspaceStorage\aa6dabc841f1b68b1111a0ad09e16a84\redhat.java -Daether.dependencyCollector.impl=bf 
java_command: c:\Users\otuom\.antigravity-ide\extensions\redhat.java-1.56.0-win32-x64\server\plugins\org.eclipse.equinox.launcher_1.8.0.v20260804-1928.jar -configuration c:\Users\otuom\AppData\Roaming\Antigravity IDE\User\globalStorage\redhat.java\1.56.0\config_win -data c:\Users\otuom\AppData\Roaming\Antigravity IDE\User\workspaceStorage\aa6dabc841f1b68b1111a0ad09e16a84\redhat.java\jdt_ws --pipe=\\.\pipe\lsp-cfd4fe6f06cd7c924e4403f41a518b3f-sock
java_class_path (initial): c:\Users\otuom\.antigravity-ide\extensions\redhat.java-1.56.0-win32-x64\server\plugins\org.eclipse.equinox.launcher_1.8.0.v20260804-1928.jar
Launcher Type: SUN_STANDARD

[Global flags]
    uintx AdaptiveSizePolicyWeight                 = 90                                        {product} {command line}
     intx CICompilerCount                          = 12                                        {product} {ergonomic}
    uintx GCTimeRatio                              = 4                                         {product} {command line}
     bool HeapDumpOnOutOfMemoryError               = true                                   {manageable} {command line}
    ccstr HeapDumpPath                             = c:\Users\otuom\AppData\Roaming\Antigravity IDE\User\workspaceStorage\aa6dabc841f1b68b1111a0ad09e16a84\redhat.java         {manageable} {command line}
   size_t InitialHeapSize                          = 104857600                                 {product} {command line}
   size_t MaxHeapSize                              = 2147483648                                {product} {command line}
   size_t MaxNewSize                               = 715653120                                 {product} {ergonomic}
   size_t MinHeapDeltaBytes                        = 524288                                    {product} {ergonomic}
   size_t MinHeapSize                              = 104857600                                 {product} {command line}
   size_t NewSize                                  = 34603008                                  {product} {ergonomic}
    uintx NonNMethodCodeHeapSize                   = 7602480                                {pd product} {ergonomic}
    uintx NonProfiledCodeHeapSize                  = 122027880                              {pd product} {ergonomic}
   size_t OldSize                                  = 70254592                                  {product} {ergonomic}
    uintx ProfiledCodeHeapSize                     = 122027880                              {pd product} {ergonomic}
    uintx ReservedCodeCacheSize                    = 251658240                              {pd product} {ergonomic}
     bool SegmentedCodeCache                       = true                                      {product} {ergonomic}
   size_t SoftMaxHeapSize                          = 2147483648                             {manageable} {ergonomic}
     bool UseCompressedOops                        = true                           {product lp64_product} {ergonomic}
     bool UseLargePagesIndividualAllocation        = false                                  {pd product} {ergonomic}
     bool UseParallelGC                            = true                                      {product} {command line}

Logging:
Log output configuration:
 #0: stdout all=off uptime,level,tags foldmultilines=false
 #1: stderr all=off uptime,level,tags foldmultilines=false

Release file:
JAVA_VERSION="21.0.12.1" 
MODULES="java.base java.compiler java.datatransfer java.xml java.prefs java.desktop java.instrument java.logging java.management java.security.sasl java.naming java.rmi java.management.rmi java.net.http java.scripting java.security.jgss java.transaction.xa java.sql java.sql.rowset java.xml.crypto java.se java.smartcardio jdk.accessibility jdk.internal.jvmstat jdk.attach jdk.charsets jdk.internal.opt jdk.zipfs jdk.compiler jdk.crypto.ec jdk.crypto.cryptoki jdk.crypto.mscapi jdk.dynalink jdk.internal.ed jdk.editpad jdk.hotspot.agent jdk.httpserver jdk.internal.le jdk.internal.vm.ci jdk.internal.vm.compiler jdk.internal.vm.compiler.management jdk.jartool jdk.javadoc jdk.jcmd jdk.management jdk.management.agent jdk.jconsole jdk.jdeps jdk.jdwp.agent jdk.jdi jdk.jfr jdk.jshell jdk.jsobject jdk.jstatd jdk.localedata jdk.management.jfr jdk.naming.dns jdk.naming.rmi jdk.net jdk.nio.mapmode jdk.random jdk.sctp jdk.security.auth jdk.security.jgss jdk.unsupported jdk.unsupported.desktop jdk.xml.dom" 

Environment Variables:
JAVA_HOME=F:\software\jdk-17\
PATH=C:\Python314\Scripts\;C:\Python314\;C:\Python312\Scripts\;C:\Python312\;C:\WINDOWS\system32;C:\WINDOWS;C:\WINDOWS\System32\Wbem;C:\WINDOWS\System32\WindowsPowerShell\v1.0\;C:\WINDOWS\System32\OpenSSH\;C:\Program Files\Tailscale\;C:\Program Files\Git\cmd;C:\ProgramData\chocolatey\bin;C:\Program Files\Go\bin;C:\Program Files\Inkscape\bin;C:\Program Files\nodejs\;F:\software\jdk-17\bin;F:\software\maven-3.9\bin;C:\Python312\Scripts\;C:\Python312\;C:\WINDOWS\system32;C:\WINDOWS;C:\WINDOWS\System32\Wbem;C:\WINDOWS\System32\WindowsPowerShell\v1.0\;C:\WINDOWS\System32\OpenSSH\;C:\Program Files\Tailscale\;C:\Program Files\Git\cmd;C:\ProgramData\chocolatey\bin;C:\Program Files\nodejs\;C:\Program Files\Inkscape\bin;C:\Users\otuom\AppData\Local\Microsoft\WindowsApps;C:\Users\otuom\AppData\Local\Programs\Microsoft VS Code\bin;C:\Users\otuom\AppData\Local\Programs\Antigravity\bin;C:\Users\otuom\AppData\Local\Microsoft\WinGet\Packages\PHP.PHP.8.3_Microsoft.Winget.Source_8wekyb3d8bbwe;C:\Users\otuom\.local\bin;C:\Users\otuom\AppData\Roaming\npm;F:\software\jdk-17\bin;F:\software\maven-3.9\bin;C:\Users\otuom\AppData\Local\Programs\Antigravity IDE\bin
USERNAME=otuom
OS=Windows_NT
PROCESSOR_IDENTIFIER=Intel64 Family 6 Model 186 Stepping 2, GenuineIntel
TMP=C:\Users\otuom\AppData\Local\Temp
TEMP=C:\Users\otuom\AppData\Local\Temp




Periodic native trim disabled

---------------  S Y S T E M  ---------------

OS:
 Windows 11 , 64 bit Build 26100 (10.0.26100.9444)
OS uptime: 2 days 7:54 hours
Hyper-V role detected

CPU: total 20 (initial active 20) (10 cores per cpu, 2 threads per core) family 6 model 186 stepping 2 microcode 0x4121, cx8, cmov, fxsr, ht, mmx, 3dnowpref, sse, sse2, sse3, ssse3, sse4.1, sse4.2, popcnt, lzcnt, tsc, tscinvbit, avx, avx2, aes, erms, clmul, bmi1, bmi2, adx, sha, fma, vzeroupper, clflush, clflushopt, clwb, hv, serialize, rdtscp, rdpid, fsrm, f16c, cet_ibt, cet_ss
Processor Information for processor 0
  Max Mhz: 2400, Current Mhz: 2400, Mhz Limit: 2400
Processor Information for processor 1
  Max Mhz: 2400, Current Mhz: 2400, Mhz Limit: 2400
Processor Information for processor 2
  Max Mhz: 2400, Current Mhz: 2400, Mhz Limit: 2400
Processor Information for processor 3
  Max Mhz: 2400, Current Mhz: 1520, Mhz Limit: 2400
Processor Information for processor 4
  Max Mhz: 2400, Current Mhz: 2400, Mhz Limit: 2400
Processor Information for processor 5
  Max Mhz: 2400, Current Mhz: 2400, Mhz Limit: 2400
Processor Information for processor 6
  Max Mhz: 2400, Current Mhz: 2400, Mhz Limit: 2400
Processor Information for processor 7
  Max Mhz: 2400, Current Mhz: 2400, Mhz Limit: 2400
Processor Information for processor 8
  Max Mhz: 2400, Current Mhz: 1520, Mhz Limit: 2400
Processor Information for processor 9
  Max Mhz: 2400, Current Mhz: 2400, Mhz Limit: 2400
Processor Information for processor 10
  Max Mhz: 2400, Current Mhz: 2400, Mhz Limit: 2400
Processor Information for processor 11
  Max Mhz: 2400, Current Mhz: 2400, Mhz Limit: 2400
Processor Information for processor 12
  Max Mhz: 2400, Current Mhz: 1800, Mhz Limit: 1800
Processor Information for processor 13
  Max Mhz: 2400, Current Mhz: 1500, Mhz Limit: 1800
Processor Information for processor 14
  Max Mhz: 2400, Current Mhz: 1800, Mhz Limit: 1800
Processor Information for processor 15
  Max Mhz: 2400, Current Mhz: 1800, Mhz Limit: 1800
Processor Information for processor 16
  Max Mhz: 2400, Current Mhz: 1500, Mhz Limit: 1800
Processor Information for processor 17
  Max Mhz: 2400, Current Mhz: 1800, Mhz Limit: 1800
Processor Information for processor 18
  Max Mhz: 2400, Current Mhz: 1800, Mhz Limit: 1800
Processor Information for processor 19
  Max Mhz: 2400, Current Mhz: 1500, Mhz Limit: 1800

Memory: 4k page, system-wide physical 7709M (236M free)
TotalPageFile size 31261M (AvailPageFile size 4M)
current process WorkingSet (physical memory assigned to process): 15M, peak: 215M
current process commit charge ("private bytes"): 326M, peak: 352M

vm_info: OpenJDK 64-Bit Server VM (21.0.12.1+1-LTS) for windows-amd64 JRE (21.0.12.1+1-LTS), built on 2026-08-18T00:00:00Z by "admin" with MS VC++ 17.12 (VS2022)

END.
